Archive member included to satisfy reference by file (symbol)

/opt/ST/STM32CubeCLT_1.16.0/GNU-tools-for-STM32/bin/../lib/gcc/arm-none-eabi/12.3.1/../../../../arm-none-eabi/lib/thumb/v7e-m+fp/hard/libc_nano.a(libc_a-exit.o)
                              /opt/ST/STM32CubeCLT_1.16.0/GNU-tools-for-STM32/bin/../lib/gcc/arm-none-eabi/12.3.1/../../../../arm-none-eabi/lib/thumb/v7e-m+fp/hard/crt0.o (exit)
/opt/ST/STM32CubeCLT_1.16.0/GNU-tools-for-STM32/bin/../lib/gcc/arm-none-eabi/12.3.1/../../../../arm-none-eabi/lib/thumb/v7e-m+fp/hard/libc_nano.a(libc_a-findfp.o)
                              /opt/ST/STM32CubeCLT_1.16.0/GNU-tools-for-STM32/bin/../lib/gcc/arm-none-eabi/12.3.1/../../../../arm-none-eabi/lib/thumb/v7e-m+fp/hard/libc_nano.a(libc_a-exit.o) (__stdio_exit_handler)
/opt/ST/STM32CubeCLT_1.16.0/GNU-tools-for-STM32/bin/../lib/gcc/arm-none-eabi/12.3.1/../../../../arm-none-eabi/lib/thumb/v7e-m+fp/hard/libc_nano.a(libc_a-fwalk.o)
                              /opt/ST/STM32CubeCLT_1.16.0/GNU-tools-for-STM32/bin/../lib/gcc/arm-none-eabi/12.3.1/../../../../arm-none-eabi/lib/thumb/v7e-m+fp/hard/libc_nano.a(libc_a-findfp.o) (_fwalk_sglue)
/opt/ST/STM32CubeCLT_1.16.0/GNU-tools-for-STM32/bin/../lib/gcc/arm-none-eabi/12.3.1/../../../../arm-none-eabi/lib/thumb/v7e-m+fp/hard/libc_nano.a(libc_a-memset.o)
                              /opt/ST/STM32CubeCLT_1.16.0/GNU-tools-for-STM32/bin/../lib/gcc/arm-none-eabi/12.3.1/../../../../arm-none-eabi/lib/thumb/v7e-m+fp/hard/crt0.o (memset)
/opt/ST/STM32CubeCLT_1.16.0/GNU-tools-for-STM32/bin/../lib/gcc/arm-none-eabi/12.3.1/../../../../arm-none-eabi/lib/thumb/v7e-m+fp/hard/libc_nano.a(libc_a-impure.o)
                              /opt/ST/STM32CubeCLT_1.16.0/GNU-tools-for-STM32/bin/../lib/gcc/arm-none-eabi/12.3.1/../../../../arm-none-eabi/lib/thumb/v7e-m+fp/hard/libc_nano.a(libc_a-findfp.o) (_impure_data)
/opt/ST/STM32CubeCLT_1.16.0/GNU-tools-for-STM32/bin/../lib/gcc/arm-none-eabi/12.3.1/../../../../arm-none-eabi/lib/thumb/v7e-m+fp/hard/libc_nano.a(libc_a-errno.o)
                              build/sysmem.o (__errno)
/opt/ST/STM32CubeCLT_1.16.0/GNU-tools-for-STM32/bin/../lib/gcc/arm-none-eabi/12.3.1/../../../../arm-none-eabi/lib/thumb/v7e-m+fp/hard/libc_nano.a(libc_a-init.o)
                              /opt/ST/STM32CubeCLT_1.16.0/GNU-tools-for-STM32/bin/../lib/gcc/arm-none-eabi/12.3.1/../../../../arm-none-eabi/lib/thumb/v7e-m+fp/hard/crt0.o (__libc_init_array)
/opt/ST/STM32CubeCLT_1.16.0/GNU-tools-for-STM32/bin/../lib/gcc/arm-none-eabi/12.3.1/../../../../arm-none-eabi/lib/thumb/v7e-m+fp/hard/libc_nano.a(libc_a-lock.o)
                              /opt/ST/STM32CubeCLT_1.16.0/GNU-tools-for-STM32/bin/../lib/gcc/arm-none-eabi/12.3.1/../../../../arm-none-eabi/lib/thumb/v7e-m+fp/hard/libc_nano.a(libc_a-findfp.o) (__retarget_lock_init_recursive)
/opt/ST/STM32CubeCLT_1.16.0/GNU-tools-for-STM32/bin/../lib/gcc/arm-none-eabi/12.3.1/../../../../arm-none-eabi/lib/thumb/v7e-m+fp/hard/libc_nano.a(libc_a-aeabi_atexit.o)
                              build/app.o (__aeabi_atexit)
/opt/ST/STM32CubeCLT_1.16.0/GNU-tools-for-STM32/bin/../lib/gcc/arm-none-eabi/12.3.1/../../../../arm-none-eabi/lib/thumb/v7e-m+fp/hard/libc_nano.a(libc_a-mallocr.o)
                              /opt/ST/STM32CubeCLT_1.16.0/GNU-tools-for-STM32/bin/../lib/gcc/arm-none-eabi/12.3.1/../../../../arm-none-eabi/lib/thumb/v7e-m+fp/hard/libc_nano.a(libc_a-findfp.o) (_malloc_r)
/opt/ST/STM32CubeCLT_1.16.0/GNU-tools-for-STM32/bin/../lib/gcc/arm-none-eabi/12.3.1/../../../../arm-none-eabi/lib/thumb/v7e-m+fp/hard/libc_nano.a(libc_a-fflush.o)
                              /opt/ST/STM32CubeCLT_1.16.0/GNU-tools-for-STM32/bin/../lib/gcc/arm-none-eabi/12.3.1/../../../../arm-none-eabi/lib/thumb/v7e-m+fp/hard/libc_nano.a(libc_a-findfp.o) (_fflush_r)
/opt/ST/STM32CubeCLT_1.16.0/GNU-tools-for-STM32/bin/../lib/gcc/arm-none-eabi/12.3.1/../../../../arm-none-eabi/lib/thumb/v7e-m+fp/hard/libc_nano.a(libc_a-mlock.o)
                              /opt/ST/STM32CubeCLT_1.16.0/GNU-tools-for-STM32/bin/../lib/gcc/arm-none-eabi/12.3.1/../../../../arm-none-eabi/lib/thumb/v7e-m+fp/hard/libc_nano.a(libc_a-mallocr.o) (__malloc_lock)
/opt/ST/STM32CubeCLT_1.16.0/GNU-tools-for-STM32/bin/../lib/gcc/arm-none-eabi/12.3.1/../../../../arm-none-eabi/lib/thumb/v7e-m+fp/hard/libc_nano.a(libc_a-stdio.o)
                              /opt/ST/STM32CubeCLT_1.16.0/GNU-tools-for-STM32/bin/../lib/gcc/arm-none-eabi/12.3.1/../../../../arm-none-eabi/lib/thumb/v7e-m+fp/hard/libc_nano.a(libc_a-findfp.o) (__sread)
/opt/ST/STM32CubeCLT_1.16.0/GNU-tools-for-STM32/bin/../lib/gcc/arm-none-eabi/12.3.1/../../../../arm-none-eabi/lib/thumb/v7e-m+fp/hard/libc_nano.a(libc_a-closer.o)
                              /opt/ST/STM32CubeCLT_1.16.0/GNU-tools-for-STM32/bin/../lib/gcc/arm-none-eabi/12.3.1/../../../../arm-none-eabi/lib/thumb/v7e-m+fp/hard/libc_nano.a(libc_a-stdio.o) (_close_r)
[...]
Memory Configuration

Name             Origin             Length             Attributes
RAM              0x20000000         0x00020000         xrw
FLASH            0x08000000         0x00080000         xr
*default*        0x00000000         0xffffffff

Linker script and memory map

LOAD /opt/ST/STM32CubeCLT_1.16.0/GNU-tools-for-STM32/bin/../lib/gcc/arm-none-eabi/12.3.1/thumb/v7e-m+fp/hard/crti.o
LOAD /opt/ST/STM32CubeCLT_1.16.0/GNU-tools-for-STM32/bin/../lib/gcc/arm-none-eabi/12.3.1/thumb/v7e-m+fp/hard/crtbegin.o
LOAD /opt/ST/STM32CubeCLT_1.16.0/GNU-tools-for-STM32/bin/../lib/gcc/arm-none-eabi/12.3.1/../../../../arm-none-eabi/lib/thumb/v7e-m+fp/hard/crt0.o
LOAD build/main.o
LOAD build/gpio.o
LOAD build/dma.o
LOAD build/tim.o
LOAD build/usart.o
LOAD build/stm32f4xx_it.o
LOAD build/stm32f4xx_hal_msp.o
LOAD build/stm32f4xx_hal_tim.o
LOAD build/stm32f4xx_hal_tim_ex.o
LOAD build/stm32f4xx_hal_rcc.o
LOAD build/stm32f4xx_hal_rcc_ex.o
LOAD build/stm32f4xx_hal_flash.o
LOAD build/stm32f4xx_hal_flash_ex.o
LOAD build/stm32f4xx_hal_flash_ramfunc.o
LOAD build/stm32f4xx_hal_gpio.o
LOAD build/stm32f4xx_hal_dma_ex.o
LOAD build/stm32f4xx_hal_dma.o
LOAD build/stm32f4xx_hal_pwr.o
LOAD build/stm32f4xx_hal_pwr_ex.o
LOAD build/stm32f4xx_hal_cortex.o
LOAD build/stm32f4xx_hal.o
LOAD build/stm32f4xx_hal_exti.o
LOAD build/stm32f4xx_hal_uart.o
LOAD build/system_stm32f4xx.o
LOAD build/sysmem.o
LOAD build/syscalls.o
LOAD build/startup_stm32f446xx.o
LOAD build/app.o
LOAD build/MyMath.o
LOAD build/Timer.o
LOAD build/hardware.o
LOAD /opt/ST/STM32CubeCLT_1.16.0/GNU-tools-for-STM32/bin/../lib/gcc/arm-none-eabi/12.3.1/../../../../arm-none-eabi/lib/thumb/v7e-m+fp/hard/libc_nano.a
LOAD /opt/ST/STM32CubeCLT_1.16.0/GNU-tools-for-STM32/bin/../lib/gcc/arm-none-eabi/12.3.1/../../../../arm-none-eabi/lib/thumb/v7e-m+fp/hard/libm.a
LOAD /opt/ST/STM32CubeCLT_1.16.0/GNU-tools-for-STM32/bin/../lib/gcc/arm-none-eabi/12.3.1/../../../../arm-none-eabi/lib/thumb/v7e-m+fp/hard/libnosys.a
LOAD /opt/ST/STM32CubeCLT_1.16.0/GNU-tools-for-STM32/bin/../lib/gcc/arm-none-eabi/12.3.1/../../../../arm-none-eabi/lib/thumb/v7e-m+fp/hard/libstdc++_nano.a
LOAD /opt/ST/STM32CubeCLT_1.16.0/GNU-tools-for-STM32/bin/../lib/gcc/arm-none-eabi/12.3.1/../../../../arm-none-eabi/lib/thumb/v7e-m+fp/hard/libsupc++_nano.a
LOAD /opt/ST/STM32CubeCLT_1.16.0/GNU-tools-for-STM32/bin/../lib/gcc/arm-none-eabi/12.3.1/thumb/v7e-m+fp/hard/libgcc.a
START GROUP
LOAD /opt/ST/STM32CubeCLT_1.16.0/GNU-tools-for-STM32/bin/../lib/gcc/arm-none-eabi/12.3.1/thumb/v7e-m+fp/hard/libgcc.a
LOAD /opt/ST/STM32CubeCLT_1.16.0/GNU-tools-for-STM32/bin/../lib/gcc/arm-none-eabi/12.3.1/../../../../arm-none-eabi/lib/thumb/v7e-m+fp/hard/libc_nano.a
END GROUP
START GROUP
LOAD /opt/ST/STM32CubeCLT_1.16.0/GNU-tools-for-STM32/bin/../lib/gcc/arm-none-eabi/12.3.1/thumb/v7e-m+fp/hard/libgcc.a
LOAD /opt/ST/STM32CubeCLT_1.16.0/GNU-tools-for-STM32/bin/../lib/gcc/arm-none-eabi/12.3.1/../../../../arm-none-eabi/lib/thumb/v7e-m+fp/hard/libc_nano.a
END GROUP
LOAD /opt/ST/STM32CubeCLT_1.16.0/GNU-tools-for-STM32/bin/../lib/gcc/arm-none-eabi/12.3.1/thumb/v7e-m+fp/hard/crtend.o
LOAD /opt/ST/STM32CubeCLT_1.16.0/GNU-tools-for-STM32/bin/../lib/gcc/arm-none-eabi/12.3.1/thumb/v7e-m+fp/hard/crtn.o
                0x20020000                        _estack = (ORIGIN (RAM) + LENGTH (RAM))
                0x00000200                        _Min_Heap_Size = 0x200
                0x00000400                        _Min_Stack_Size = 0x400

.isr_vector     0x08000000      0x1c4
                0x08000000                        . = ALIGN (0x4)
 *(.isr_vector)
 .isr_vector    0x08000000      0x1c4 build/startup_stm32f446xx.o
                0x08000000                g_pfnVectors
                0x080001c4                        . = ALIGN (0x4)

.text           0x080001c8     0x5e94
                0x080001c8                        . = ALIGN (0x4)
 *(.text)
 .text          0x080001c8       0x40 /opt/ST/STM32CubeCLT_1.16.0/GNU-tools-for-STM32/bin/../lib/gcc/arm-none-eabi/12.3.1/thumb/v7e-m+fp/hard/crtbegin.o
 .text          0x08000208      0x378 /opt/ST/STM32CubeCLT_1.16.0/GNU-tools-for-STM32/bin/../lib/gcc/arm-none-eabi/12.3.1/thumb/v7e-m+fp/hard/libgcc.a(_arm_addsubdf3.o)
                0x08000208                __aeabi_drsub
                0x08000210                __subdf3
                0x08000210                __aeabi_dsub
                0x08000214                __aeabi_dadd
                0x08000214                __adddf3
                0x0800048c                __aeabi_ui2d
                0x0800048c                __floatunsidf
                0x080004ac                __floatsidf
                0x080004ac                __aeabi_i2d
                0x080004d0                __extendsfdf2
                0x080004d0                __aeabi_f2d
                0x08000514                __aeabi_ul2d
                0x08000514                __floatundidf
                0x08000524                __aeabi_l2d
                0x08000524                __floatdidf
 .text          0x08000580      0x424 /opt/ST/STM32CubeCLT_1.16.0/GNU-tools-for-STM32/bin/../lib/gcc/arm-none-eabi/12.3.1/thumb/v7e-m+fp/hard/libgcc.a(_arm_muldivdf3.o)
                0x08000580                __aeabi_dmul
                0x08000580                __muldf3
                0x080007d4                __aeabi_ddiv
                0x080007d4                __divdf3
 .text          0x080009a4       0x50 /opt/ST/STM32CubeCLT_1.16.0/GNU-tools-for-STM32/bin/../lib/gcc/arm-none-eabi/12.3.1/thumb/v7e-m+fp/hard/libgcc.a(_arm_fixdfsi.o)
                0x080009a4                __fixdfsi
                0x080009a4                __aeabi_d2iz
 .text          0x080009f4       0x40 /opt/ST/STM32CubeCLT_1.16.0/GNU-tools-for-STM32/bin/../lib/gcc/arm-none-eabi/12.3.1/thumb/v7e-m+fp/hard/libgcc.a(_arm_fixunsdfsi.o)
                0x080009f4                __fixunsdfsi
                0x080009f4                __aeabi_d2uiz
 .text          0x08000a34       0x30 /opt/ST/STM32CubeCLT_1.16.0/GNU-tools-for-STM32/bin/../lib/gcc/arm-none-eabi/12.3.1/thumb/v7e-m+fp/hard/libgcc.a(_aeabi_uldivmod.o)
                0x08000a34                __aeabi_uldivmod
 .text          0x08000a64      0x2bc /opt/ST/STM32CubeCLT_1.16.0/GNU-tools-for-STM32/bin/../lib/gcc/arm-none-eabi/12.3.1/thumb/v7e-m+fp/hard/libgcc.a(_udivmoddi4.o)
                0x08000a64                __udivmoddi4
 .text          0x08000d20      0x9f4 /opt/ST/STM32CubeCLT_1.16.0/GNU-tools-for-STM32/bin/../lib/gcc/arm-none-eabi/12.3.1/thumb/v7e-m+fp/hard/libgcc.a(unwind-arm.o)
                0x08000fd0                _Unwind_GetCFA
                0x08000fd4                __gnu_Unwind_RaiseException
                0x0800103c                __gnu_Unwind_ForcedUnwind
                0x0800104c                __gnu_Unwind_Resume
                0x08001090                __gnu_Unwind_Resume_or_Rethrow
                0x080010a0                _Unwind_Complete
                0x080010a4                _Unwind_DeleteException
                0x080010b0                _Unwind_VRS_Get
                0x080010fc                _Unwind_VRS_Set
                0x08001144                __gnu_Unwind_Backtrace
                0x08001460                __aeabi_unwind_cpp_pr0
                0x08001464                __aeabi_unwind_cpp_pr1
                0x08001468                __aeabi_unwind_cpp_pr2
                0x0800146c                _Unwind_VRS_Pop
 .text          0x08001714      0x1ac /opt/ST/STM32CubeCLT_1.16.0/GNU-tools-for-STM32/bin/../lib/gcc/arm-none-eabi/12.3.1/thumb/v7e-m+fp/hard/libgcc.a(libunwind.o)
                0x08001714                __restore_core_regs
                0x08001714                restore_core_regs
                0x0800172c                __gnu_Unwind_Restore_VFP
                0x08001734                __gnu_Unwind_Save_VFP
                0x0800173c                __gnu_Unwind_Restore_VFP_D
                0x08001744                __gnu_Unwind_Save_VFP_D
                0x0800174c                __gnu_Unwind_Restore_VFP_D_16_to_31
                0x08001754                __gnu_Unwind_Save_VFP_D_16_to_31
                0x0800175c                __gnu_Unwind_Restore_WMMXD
                0x080017a0                __gnu_Unwind_Save_WMMXD
                0x080017e4                __gnu_Unwind_Restore_WMMXC
                0x080017f8                __gnu_Unwind_Save_WMMXC
                0x0800180c                _Unwind_RaiseException
                0x0800180c                ___Unwind_RaiseException
                0x08001830                ___Unwind_Resume
                0x08001830                _Unwind_Resume
                0x08001854                ___Unwind_Resume_or_Rethrow
                0x08001854                _Unwind_Resume_or_Rethrow
                0x08001878                _Unwind_ForcedUnwind
                0x08001878                ___Unwind_ForcedUnwind
                0x0800189c                _Unwind_Backtrace
                0x0800189c                ___Unwind_Backtrace
 .text          0x080018c0      0x378 /opt/ST/STM32CubeCLT_1.16.0/GNU-tools-for-STM32/bin/../lib/gcc/arm-none-eabi/12.3.1/thumb/v7e-m+fp/hard/libgcc.a(pr-support.o)
                0x08001918                __gnu_unwind_execute
                0x08001bec                __gnu_unwind_frame
                0x08001c18                _Unwind_GetRegionStart
                0x08001c24                _Unwind_GetLanguageSpecificData
 .text          0x08001c38        0x4 /opt/ST/STM32CubeCLT_1.16.0/GNU-tools-for-STM32/bin/../lib/gcc/arm-none-eabi/12.3.1/thumb/v7e-m+fp/hard/libgcc.a(_dvmd_tls.o)
                0x08001c38                __aeabi_ldiv0
                0x08001c38                __aeabi_idiv0
 .text          0x08001c3c       0x14 /opt/ST/STM32CubeCLT_1.16.0/GNU-tools-for-STM32/bin/../lib/gcc/arm-none-eabi/12.3.1/../../../../arm-none-eabi/lib/thumb/v7e-m+fp/hard/libc_nano.a(libc_a-strcmp.o)
                0x08001c3c                strcmp
 *(.text*)
 .text.Error_Handler
                0x08001c50        0x4 build/main.o
                0x08001c50                Error_Handler
 .text.SystemClock_Config
                0x08001c54       0xac build/main.o
                0x08001c54                SystemClock_Config
 .text.main     0x08001d00       0x38 build/main.o
                0x08001d00                main
 .text.MX_GPIO_Init
                0x08001d38       0x60 build/gpio.o
                0x08001d38                MX_GPIO_Init
 .text.MX_DMA_Init
                0x08001d98       0xd8 build/dma.o
                0x08001d98                MX_DMA_Init
 .text.HAL_TIM_PWM_MspInit
                0x08001e70       0x50 build/tim.o
                0x08001e70                HAL_TIM_PWM_MspInit
 .text.HAL_TIM_MspPostInit
                0x08001ec0       0x8c build/tim.o
                0x08001ec0                HAL_TIM_MspPostInit
 .text.MX_TIM2_Init
                0x08001f4c       0x94 build/tim.o
                0x08001f4c                MX_TIM2_Init
 .text.MX_TIM3_Init
                0x08001fe0       0x94 build/tim.o
                0x08001fe0                MX_TIM3_Init
 .text.MX_UART5_Init
                0x08002074       0x34 build/usart.o
                0x08002074                MX_UART5_Init
 .text.MX_USART1_UART_Init
                0x080020a8       0x34 build/usart.o
                0x080020a8                MX_USART1_UART_Init
 .text.MX_USART2_UART_Init
                0x080020dc       0x34 build/usart.o
                0x080020dc                MX_USART2_UART_Init
 .text.MX_USART3_UART_Init
                0x08002110       0x34 build/usart.o
                0x08002110                MX_USART3_UART_Init
 .text.MX_USART6_UART_Init
                0x08002144       0x34 build/usart.o
                0x08002144                MX_USART6_UART_Init
 .text.HAL_UART_MspInit
                0x08002178      0x4d4 build/usart.o
                0x08002178                HAL_UART_MspInit
 .text.NMI_Handler
                0x0800264c        0x2 build/stm32f4xx_it.o
                0x0800264c                NMI_Handler
 .text.HardFault_Handler
                0x0800264e        0x2 build/stm32f4xx_it.o
                0x0800264e                HardFault_Handler
 .text.MemManage_Handler
                0x08002650        0x2 build/stm32f4xx_it.o
                0x08002650                MemManage_Handler
 .text.BusFault_Handler
                0x08002652        0x2 build/stm32f4xx_it.o
                0x08002652                BusFault_Handler
 .text.UsageFault_Handler
                0x08002654        0x2 build/stm32f4xx_it.o
                0x08002654                UsageFault_Handler
 .text.SVC_Handler
                0x08002656        0x2 build/stm32f4xx_it.o
                0x08002656                SVC_Handler
 .text.DebugMon_Handler
                0x08002658        0x2 build/stm32f4xx_it.o
                0x08002658                DebugMon_Handler
 .text.PendSV_Handler
                0x0800265a        0x2 build/stm32f4xx_it.o
                0x0800265a                PendSV_Handler
 .text.SysTick_Handler
                0x0800265c        0x8 build/stm32f4xx_it.o
                0x0800265c                SysTick_Handler
 .text.DMA1_Stream0_IRQHandler
                0x08002664       0x10 build/stm32f4xx_it.o
                0x08002664                DMA1_Stream0_IRQHandler
 .text.DMA1_Stream1_IRQHandler
                0x08002674       0x10 build/stm32f4xx_it.o
                0x08002674                DMA1_Stream1_IRQHandler
 .text.DMA1_Stream3_IRQHandler
                0x08002684       0x10 build/stm32f4xx_it.o
                0x08002684                DMA1_Stream3_IRQHandler
 .text.DMA1_Stream5_IRQHandler
                0x08002694       0x10 build/stm32f4xx_it.o
                0x08002694                DMA1_Stream5_IRQHandler
 .text.DMA1_Stream6_IRQHandler
                0x080026a4       0x10 build/stm32f4xx_it.o
                0x080026a4                DMA1_Stream6_IRQHandler
 .text.USART1_IRQHandler
                0x080026b4       0x10 build/stm32f4xx_it.o
                0x080026b4                USART1_IRQHandler
 .text.USART2_IRQHandler
                0x080026c4       0x10 build/stm32f4xx_it.o
                0x080026c4                USART2_IRQHandler
 .text.USART3_IRQHandler
                0x080026d4       0x10 build/stm32f4xx_it.o
                0x080026d4                USART3_IRQHandler
 .text.DMA1_Stream7_IRQHandler
                0x080026e4       0x10 build/stm32f4xx_it.o
                0x080026e4                DMA1_Stream7_IRQHandler
 .text.UART5_IRQHandler
                0x080026f4       0x10 build/stm32f4xx_it.o
                0x080026f4                UART5_IRQHandler
 .text.DMA2_Stream1_IRQHandler
                0x08002704       0x10 build/stm32f4xx_it.o
                0x08002704                DMA2_Stream1_IRQHandler
 .text.DMA2_Stream2_IRQHandler
                0x08002714       0x10 build/stm32f4xx_it.o
                0x08002714                DMA2_Stream2_IRQHandler
 .text.DMA2_Stream6_IRQHandler
                0x08002724       0x10 build/stm32f4xx_it.o
                0x08002724                DMA2_Stream6_IRQHandler
 .text.DMA2_Stream7_IRQHandler
                0x08002734       0x10 build/stm32f4xx_it.o
                0x08002734                DMA2_Stream7_IRQHandler
 .text.USART6_IRQHandler
                0x08002744       0x10 build/stm32f4xx_it.o
                0x08002744                USART6_IRQHandler
 .text.HAL_MspInit
                0x08002754       0x38 build/stm32f4xx_hal_msp.o
                0x08002754                HAL_MspInit
 .text.TIM_OC1_SetConfig
                0x0800278c       0x70 build/stm32f4xx_hal_tim.o
 .text.TIM_OC3_SetConfig
                0x080027fc       0x70 build/stm32f4xx_hal_tim.o
 .text.TIM_OC4_SetConfig
                0x0800286c       0x50 build/stm32f4xx_hal_tim.o
 .text.TIM_Base_SetConfig
                0x080028bc       0xd8 build/stm32f4xx_hal_tim.o
                0x080028bc                TIM_Base_SetConfig
 .text.HAL_TIM_PWM_Init
                0x08002994       0x58 build/stm32f4xx_hal_tim.o
                0x08002994                HAL_TIM_PWM_Init
 .text.TIM_OC2_SetConfig
                0x080029ec       0x70 build/stm32f4xx_hal_tim.o
                0x080029ec                TIM_OC2_SetConfig
 .text.HAL_TIM_PWM_ConfigChannel
                0x08002a5c       0xdc build/stm32f4xx_hal_tim.o
                0x08002a5c                HAL_TIM_PWM_ConfigChannel
 .text.TIM_CCxChannelCmd
                0x08002b38       0x1e build/stm32f4xx_hal_tim.o
                0x08002b38                TIM_CCxChannelCmd
 *fill*         0x08002b56        0x2 
 .text.HAL_TIM_PWM_Start
                0x08002b58      0x104 build/stm32f4xx_hal_tim.o
                0x08002b58                HAL_TIM_PWM_Start
 .text.HAL_TIMEx_MasterConfigSynchronization
                0x08002c5c       0x8c build/stm32f4xx_hal_tim_ex.o
                0x08002c5c                HAL_TIMEx_MasterConfigSynchronization
 .text.HAL_RCC_ClockConfig
                0x08002ce8      0x160 build/stm32f4xx_hal_rcc.o
                0x08002ce8                HAL_RCC_ClockConfig
 .text.HAL_RCC_GetHCLKFreq
                0x08002e48        0xc build/stm32f4xx_hal_rcc.o
                0x08002e48                HAL_RCC_GetHCLKFreq
 .text.HAL_RCC_GetPCLK1Freq
                0x08002e54       0x20 build/stm32f4xx_hal_rcc.o
                0x08002e54                HAL_RCC_GetPCLK1Freq
 .text.HAL_RCC_GetPCLK2Freq
                0x08002e74       0x20 build/stm32f4xx_hal_rcc.o
                0x08002e74                HAL_RCC_GetPCLK2Freq
 .text.HAL_RCC_GetSysClockFreq
                0x08002e94      0x128 build/stm32f4xx_hal_rcc_ex.o
                0x08002e94                HAL_RCC_GetSysClockFreq
 .text.HAL_RCC_OscConfig
                0x08002fbc      0x444 build/stm32f4xx_hal_rcc_ex.o
                0x08002fbc                HAL_RCC_OscConfig
 .text.HAL_GPIO_Init
                0x08003400      0x1e0 build/stm32f4xx_hal_gpio.o
                0x08003400                HAL_GPIO_Init
 .text.DMA_SetConfig
                0x080035e0       0x2c build/stm32f4xx_hal_dma.o
 .text.DMA_CalcBaseAndBitshift
                0x0800360c       0x44 build/stm32f4xx_hal_dma.o
 .text.DMA_CheckFifoParam
                0x08003650       0x8e build/stm32f4xx_hal_dma.o
 *fill*         0x080036de        0x2 
 .text.HAL_DMA_Init
                0x080036e0       0xcc build/stm32f4xx_hal_dma.o
                0x080036e0                HAL_DMA_Init
 .text.HAL_DMA_Start_IT
                0x080037ac       0x6a build/stm32f4xx_hal_dma.o
                0x080037ac                HAL_DMA_Start_IT
 .text.HAL_DMA_Abort
                0x08003816       0x94 build/stm32f4xx_hal_dma.o
                0x08003816                HAL_DMA_Abort
 .text.HAL_DMA_Abort_IT
                0x080038aa       0x26 build/stm32f4xx_hal_dma.o
                0x080038aa                HAL_DMA_Abort_IT
 .text.HAL_DMA_IRQHandler
                0x080038d0      0x1dc build/stm32f4xx_hal_dma.o
                0x080038d0                HAL_DMA_IRQHandler
 .text.HAL_DMA_GetError
                0x08003aac        0x4 build/stm32f4xx_hal_dma.o
                0x08003aac                HAL_DMA_GetError
 .text.HAL_PWREx_EnableOverDrive
                0x08003ab0       0x7c build/stm32f4xx_hal_pwr_ex.o
                0x08003ab0                HAL_PWREx_EnableOverDrive
 .text.__NVIC_EnableIRQ
                0x08003b2c       0x1c build/stm32f4xx_hal_cortex.o
 .text.__NVIC_SetPriority
                0x08003b48       0x28 build/stm32f4xx_hal_cortex.o
 .text.NVIC_EncodePriority
                0x08003b70       0x3e build/stm32f4xx_hal_cortex.o
 *fill*         0x08003bae        0x2 
 .text.HAL_NVIC_SetPriorityGrouping
                0x08003bb0       0x24 build/stm32f4xx_hal_cortex.o
                0x08003bb0                HAL_NVIC_SetPriorityGrouping
 .text.HAL_NVIC_SetPriority
                0x08003bd4       0x20 build/stm32f4xx_hal_cortex.o
                0x08003bd4                HAL_NVIC_SetPriority
 .text.HAL_NVIC_EnableIRQ
                0x08003bf4        0x8 build/stm32f4xx_hal_cortex.o
                0x08003bf4                HAL_NVIC_EnableIRQ
 .text.HAL_SYSTICK_Config
                0x08003bfc       0x28 build/stm32f4xx_hal_cortex.o
                0x08003bfc                HAL_SYSTICK_Config
 .text.HAL_InitTick
                0x08003c24       0x4c build/stm32f4xx_hal.o
                0x08003c24                HAL_InitTick
 .text.HAL_Init
                0x08003c70       0x34 build/stm32f4xx_hal.o
                0x08003c70                HAL_Init
 .text.HAL_IncTick
                0x08003ca4       0x18 build/stm32f4xx_hal.o
                0x08003ca4                HAL_IncTick
 .text.HAL_GetTick
                0x08003cbc        0xc build/stm32f4xx_hal.o
                0x08003cbc                HAL_GetTick
 .text.HAL_Delay
                0x08003cc8       0x28 build/stm32f4xx_hal.o
                0x08003cc8                HAL_Delay
 .text.UART_EndTxTransfer
                0x08003cf0       0x20 build/stm32f4xx_hal_uart.o
 .text.UART_EndRxTransfer
                0x08003d10       0x5c build/stm32f4xx_hal_uart.o
 .text.UART_Transmit_IT
                0x08003d6c       0x60 build/stm32f4xx_hal_uart.o
 .text.UART_SetConfig
                0x08003dcc      0x110 build/stm32f4xx_hal_uart.o
 .text.UART_WaitOnFlagUntilTimeout
                0x08003edc       0x86 build/stm32f4xx_hal_uart.o
 .text.HAL_UART_Init
                0x08003f62       0x60 build/stm32f4xx_hal_uart.o
                0x08003f62                HAL_UART_Init
 .text.HAL_UART_Transmit
                0x08003fc2       0xcc build/stm32f4xx_hal_uart.o
                0x08003fc2                HAL_UART_Transmit
 .text.HAL_UART_Abort
                0x0800408e       0xf2 build/stm32f4xx_hal_uart.o
                0x0800408e                HAL_UART_Abort
 .text.HAL_UART_TxCpltCallback
                0x08004180        0x2 build/stm32f4xx_hal_uart.o
                0x08004180                HAL_UART_TxCpltCallback
 .text.UART_EndTransmit_IT
                0x08004182       0x1a build/stm32f4xx_hal_uart.o
 .text.HAL_UART_RxCpltCallback
                0x0800419c        0x2 build/stm32f4xx_hal_uart.o
                0x0800419c                HAL_UART_RxCpltCallback
 .text.HAL_UART_RxHalfCpltCallback
                0x0800419e        0x2 build/stm32f4xx_hal_uart.o
                0x0800419e                HAL_UART_RxHalfCpltCallback
 .text.HAL_UART_ErrorCallback
                0x080041a0        0x2 build/stm32f4xx_hal_uart.o
                0x080041a0                HAL_UART_ErrorCallback
 .text.UART_DMAError
                0x080041a2       0x58 build/stm32f4xx_hal_uart.o
 .text.UART_DMAAbortOnError
                0x080041fa       0x10 build/stm32f4xx_hal_uart.o
 .text.HAL_UARTEx_RxEventCallback
                0x0800420a        0x2 build/stm32f4xx_hal_uart.o
                0x0800420a                HAL_UARTEx_RxEventCallback
 .text.UART_Receive_IT
                0x0800420c       0xe6 build/stm32f4xx_hal_uart.o
 *fill*         0x080042f2        0x2 
 .text.HAL_UART_IRQHandler
                0x080042f4      0x284 build/stm32f4xx_hal_uart.o
                0x080042f4                HAL_UART_IRQHandler
 .text.UART_DMARxHalfCplt
                0x08004578       0x1e build/stm32f4xx_hal_uart.o
 .text.UART_DMAReceiveCplt
                0x08004596       0x9a build/stm32f4xx_hal_uart.o
 .text.UART_Start_Receive_DMA
                0x08004630       0xa4 build/stm32f4xx_hal_uart.o
                0x08004630                UART_Start_Receive_DMA
 .text.HAL_UART_Receive_DMA
                0x080046d4       0x26 build/stm32f4xx_hal_uart.o
                0x080046d4                HAL_UART_Receive_DMA
 *fill*         0x080046fa        0x2 
 .text.SystemInit
                0x080046fc       0x14 build/system_stm32f4xx.o
                0x080046fc                SystemInit
 .text._sbrk    0x08004710       0x48 build/sysmem.o
                0x08004710                _sbrk
 .text._getpid  0x08004758        0x4 build/syscalls.o
                0x08004758                _getpid
 .text._kill    0x0800475c       0x10 build/syscalls.o
                0x0800475c                _kill
 .text._exit    0x0800476c        0xc build/syscalls.o
                0x0800476c                _exit
 .text.Reset_Handler
                0x08004778       0x50 build/startup_stm32f446xx.o
                0x08004778                Reset_Handler
 .text.Default_Handler
                0x080047c8        0x2 build/startup_stm32f446xx.o
                0x080047c8                SAI1_IRQHandler
                0x080047c8                EXTI2_IRQHandler
                0x080047c8                TIM8_CC_IRQHandler
                0x080047c8                FMPI2C1_EV_IRQHandler
                0x080047c8                SPI4_IRQHandler
                0x080047c8                TIM1_CC_IRQHandler
                0x080047c8                DMA2_Stream5_IRQHandler
                0x080047c8                PVD_IRQHandler
                0x080047c8                SDIO_IRQHandler
                0x080047c8                TAMP_STAMP_IRQHandler
                0x080047c8                CAN2_RX1_IRQHandler
                0x080047c8                EXTI3_IRQHandler
                0x080047c8                TIM8_TRG_COM_TIM14_IRQHandler
                0x080047c8                TIM1_UP_TIM10_IRQHandler
                0x080047c8                TIM8_UP_TIM13_IRQHandler
                0x080047c8                I2C3_ER_IRQHandler
                0x080047c8                EXTI0_IRQHandler
                0x080047c8                I2C2_EV_IRQHandler
                0x080047c8                DMA1_Stream2_IRQHandler
                0x080047c8                CAN1_RX0_IRQHandler
                0x080047c8                FPU_IRQHandler
                0x080047c8                OTG_HS_WKUP_IRQHandler
                0x080047c8                CAN2_SCE_IRQHandler
                0x080047c8                SPI1_IRQHandler
                0x080047c8                TIM6_DAC_IRQHandler
                0x080047c8                TIM1_BRK_TIM9_IRQHandler
                0x080047c8                DCMI_IRQHandler
                0x080047c8                CAN2_RX0_IRQHandler
                0x080047c8                DMA2_Stream3_IRQHandler
                0x080047c8                SAI2_IRQHandler
                0x080047c8                CAN1_RX1_IRQHandler
                0x080047c8                DMA2_Stream0_IRQHandler
                0x080047c8                TIM4_IRQHandler
                0x080047c8                QUADSPI_IRQHandler
                0x080047c8                I2C1_EV_IRQHandler
                0x080047c8                UART4_IRQHandler
                0x080047c8                TIM3_IRQHandler
                0x080047c8                RCC_IRQHandler
                0x080047c8                TIM8_BRK_TIM12_IRQHandler
                0x080047c8                Default_Handler
                0x080047c8                CEC_IRQHandler
                0x080047c8                EXTI15_10_IRQHandler
                0x080047c8                ADC_IRQHandler
                0x080047c8                TIM7_IRQHandler
                0x080047c8                CAN2_TX_IRQHandler
                0x080047c8                TIM5_IRQHandler
                0x080047c8                I2C3_EV_IRQHandler
                0x080047c8                EXTI9_5_IRQHandler
                0x080047c8                RTC_WKUP_IRQHandler
                0x080047c8                SPDIF_RX_IRQHandler
                0x080047c8                SPI2_IRQHandler
                0x080047c8                OTG_HS_EP1_IN_IRQHandler
                0x080047c8                CAN1_TX_IRQHandler
                0x080047c8                FMPI2C1_ER_IRQHandler
                0x080047c8                EXTI4_IRQHandler
                0x080047c8                OTG_HS_EP1_OUT_IRQHandler
                0x080047c8                WWDG_IRQHandler
                0x080047c8                TIM2_IRQHandler
                0x080047c8                OTG_FS_WKUP_IRQHandler
                0x080047c8                TIM1_TRG_COM_TIM11_IRQHandler
                0x080047c8                OTG_HS_IRQHandler
                0x080047c8                EXTI1_IRQHandler
                0x080047c8                I2C2_ER_IRQHandler
                0x080047c8                CAN1_SCE_IRQHandler
                0x080047c8                FLASH_IRQHandler
                0x080047c8                DMA2_Stream4_IRQHandler
                0x080047c8                OTG_FS_IRQHandler
                0x080047c8                SPI3_IRQHandler
                0x080047c8                DMA1_Stream4_IRQHandler
                0x080047c8                I2C1_ER_IRQHandler
                0x080047c8                FMC_IRQHandler
                0x080047c8                RTC_Alarm_IRQHandler
 *fill*         0x080047ca        0x2 
 .text._Z41__static_initialization_and_destruction_0ii
                0x080047cc       0x58 build/app.o
 .text._ZN8HardwareD2Ev
                0x08004824       0x2c build/app.o
                0x08004824                Hardware::~Hardware()
                0x08004824                Hardware::~Hardware()
 .text._ZN12PwmSingleOut5writeEf
                0x08004850       0x98 build/app.o
                0x08004850                PwmSingleOut::write(float)
 .text.setup    0x080048e8       0x40 build/app.o
                0x080048e8                setup
 .text._Z14BallConversionv
                0x08004928       0xd4 build/app.o
                0x08004928                BallConversion()
 .text._Z20YellowGoalConversionv
                0x080049fc       0xc4 build/app.o
                0x080049fc                YellowGoalConversion()
 .text._Z18BlueGoalConversionv
                0x08004ac0       0xc4 build/app.o
                0x08004ac0                BlueGoalConversion()
 .text.main_app
                0x08004b84       0xcc build/app.o
                0x08004b84                main_app
 .text._GLOBAL__sub_I_hardware
                0x08004c50        0xe build/app.o
 .text.NormalizeDeg180
                0x08004c5e       0x18 build/MyMath.o
                0x08004c5e                NormalizeDeg180
 *fill*         0x08004c76        0x2 
 .text._ZN5TimerC2Ev
                0x08004c78       0x20 build/Timer.o
                0x08004c78                Timer::Timer()
                0x08004c78                Timer::Timer()
 .text._ZN5Timer5resetEv
                0x08004c98        0xc build/Timer.o
                0x08004c98                Timer::reset()
 .text._ZN5Timer7read_msEv
                0x08004ca4       0x44 build/Timer.o
                0x08004ca4                Timer::read_ms()
 .text._ZN5Timer7read_usEv
                0x08004ce8       0x44 build/Timer.o
                0x08004ce8                Timer::read_us()
 .text._ZN14BufferedSerial9availableEv
                0x08004d2c       0x50 build/hardware.o
                0x08004d2c                BufferedSerial::available()
 .text._ZN14BufferedSerial4readEv
                0x08004d7c       0x32 build/hardware.o
                0x08004d7c                BufferedSerial::read()
 .text._ZN12PwmSingleOut4initEv
                0x08004dae       0x14 build/hardware.o
                0x08004dae                PwmSingleOut::init()
 *fill*         0x08004dc2        0x2 
 .text._ZN8HardwareC2Ev
                0x08004dc4      0x174 build/hardware.o
                0x08004dc4                Hardware::Hardware()
                0x08004dc4                Hardware::Hardware()
 .text._ZN8Hardware4InitEv
                0x08004f38       0x8a build/hardware.o
                0x08004f38                Hardware::Init()
 *fill*         0x08004fc2        0x6 
 .text._ZN8Hardware8MainUartEv
                0x08004fc8      0x130 build/hardware.o
                0x08004fc8                Hardware::MainUart()
 .text._ZN8Hardware7M1nUartEv
                0x080050f8      0x1ac build/hardware.o
                0x080050f8                Hardware::M1nUart()
 .text.memset   0x080052a4       0x10 /opt/ST/STM32CubeCLT_1.16.0/GNU-tools-for-STM32/bin/../lib/gcc/arm-none-eabi/12.3.1/../../../../arm-none-eabi/lib/thumb/v7e-m+fp/hard/libc_nano.a(libc_a-memset.o)
                0x080052a4                memset
 .text.__errno  0x080052b4        0xc /opt/ST/STM32CubeCLT_1.16.0/GNU-tools-for-STM32/bin/../lib/gcc/arm-none-eabi/12.3.1/../../../../arm-none-eabi/lib/thumb/v7e-m+fp/hard/libc_nano.a(libc_a-errno.o)
                0x080052b4                __errno
 .text.__libc_init_array
                0x080052c0       0x48 /opt/ST/STM32CubeCLT_1.16.0/GNU-tools-for-STM32/bin/../lib/gcc/arm-none-eabi/12.3.1/../../../../arm-none-eabi/lib/thumb/v7e-m+fp/hard/libc_nano.a(libc_a-init.o)
                0x080052c0                __libc_init_array
 .text.__retarget_lock_acquire_recursive
                0x08005308        0x2 /opt/ST/STM32CubeCLT_1.16.0/GNU-tools-for-STM32/bin/../lib/gcc/arm-none-eabi/12.3.1/../../../../arm-none-eabi/lib/thumb/v7e-m+fp/hard/libc_nano.a(libc_a-lock.o)
                0x08005308                __retarget_lock_acquire_recursive
 .text.__retarget_lock_release_recursive
                0x0800530a        0x2 /opt/ST/STM32CubeCLT_1.16.0/GNU-tools-for-STM32/bin/../lib/gcc/arm-none-eabi/12.3.1/../../../../arm-none-eabi/lib/thumb/v7e-m+fp/hard/libc_nano.a(libc_a-lock.o)
                0x0800530a                __retarget_lock_release_recursive
 .text.__aeabi_atexit
                0x0800530c        0xa /opt/ST/STM32CubeCLT_1.16.0/GNU-tools-for-STM32/bin/../lib/gcc/arm-none-eabi/12.3.1/../../../../arm-none-eabi/lib/thumb/v7e-m+fp/hard/libc_nano.a(libc_a-aeabi_atexit.o)
                0x0800530c                __aeabi_atexit
 *fill*         0x08005316        0x2 
 .text.sbrk_aligned
                0x08005318       0x44 /opt/ST/STM32CubeCLT_1.16.0/GNU-tools-for-STM32/bin/../lib/gcc/arm-none-eabi/12.3.1/../../../../arm-none-eabi/lib/thumb/v7e-m+fp/hard/libc_nano.a(libc_a-mallocr.o)
 .text._malloc_r
                0x0800535c      0x100 /opt/ST/STM32CubeCLT_1.16.0/GNU-tools-for-STM32/bin/../lib/gcc/arm-none-eabi/12.3.1/../../../../arm-none-eabi/lib/thumb/v7e-m+fp/hard/libc_nano.a(libc_a-mallocr.o)
                0x0800535c                _malloc_r
 .text.__malloc_lock
                0x0800545c        0xc /opt/ST/STM32CubeCLT_1.16.0/GNU-tools-for-STM32/bin/../lib/gcc/arm-none-eabi/12.3.1/../../../../arm-none-eabi/lib/thumb/v7e-m+fp/hard/libc_nano.a(libc_a-mlock.o)
                0x0800545c                __malloc_lock
 .text.__malloc_unlock
                0x08005468        0xc /opt/ST/STM32CubeCLT_1.16.0/GNU-tools-for-STM32/bin/../lib/gcc/arm-none-eabi/12.3.1/../../../../arm-none-eabi/lib/thumb/v7e-m+fp/hard/libc_nano.a(libc_a-mlock.o)
                0x08005468                __malloc_unlock
 .text._sbrk_r  0x08005474       0x20 /opt/ST/STM32CubeCLT_1.16.0/GNU-tools-for-STM32/bin/../lib/gcc/arm-none-eabi/12.3.1/../../../../arm-none-eabi/lib/thumb/v7e-m+fp/hard/libc_nano.a(libc_a-sbrkr.o)
                0x08005474                _sbrk_r
 .text.__cxa_atexit
                0x08005494       0x1c /opt/ST/STM32CubeCLT_1.16.0/GNU-tools-for-STM32/bin/../lib/gcc/arm-none-eabi/12.3.1/../../../../arm-none-eabi/lib/thumb/v7e-m+fp/hard/libc_nano.a(libc_a-cxa_atexit.o)
                0x08005494                __cxa_atexit
 .text._free_r  0x080054b0       0x94 /opt/ST/STM32CubeCLT_1.16.0/GNU-tools-for-STM32/bin/../lib/gcc/arm-none-eabi/12.3.1/../../../../arm-none-eabi/lib/thumb/v7e-m+fp/hard/libc_nano.a(libc_a-freer.o)
                0x080054b0                _free_r
 .text._ZdaPv   0x08005544        0x4 /opt/ST/STM32CubeCLT_1.16.0/GNU-tools-for-STM32/bin/../lib/gcc/arm-none-eabi/12.3.1/../../../../arm-none-eabi/lib/thumb/v7e-m+fp/hard/libstdc++_nano.a(del_opv.o)
                0x08005544                operator delete[](void*)
 .text.__cxa_end_cleanup
                0x08005548        0xc /opt/ST/STM32CubeCLT_1.16.0/GNU-tools-for-STM32/bin/../lib/gcc/arm-none-eabi/12.3.1/../../../../arm-none-eabi/lib/thumb/v7e-m+fp/hard/libstdc++_nano.a(eh_arm.o)
                0x08005548                __cxa_end_cleanup
 .text._ZN10__cxxabiv1L24__is_gxx_exception_classEPc
                0x08005554       0x3a /opt/ST/STM32CubeCLT_1.16.0/GNU-tools-for-STM32/bin/../lib/gcc/arm-none-eabi/12.3.1/../../../../arm-none-eabi/lib/thumb/v7e-m+fp/hard/libstdc++_nano.a(eh_arm.o)
 *fill*         0x0800558e        0x2 
 .text.__cxa_type_match
                0x08005590       0xbc /opt/ST/STM32CubeCLT_1.16.0/GNU-tools-for-STM32/bin/../lib/gcc/arm-none-eabi/12.3.1/../../../../arm-none-eabi/lib/thumb/v7e-m+fp/hard/libstdc++_nano.a(eh_arm.o)
                0x08005590                __cxa_type_match
 .text.__cxa_begin_cleanup
                0x0800564c       0x3a /opt/ST/STM32CubeCLT_1.16.0/GNU-tools-for-STM32/bin/../lib/gcc/arm-none-eabi/12.3.1/../../../../arm-none-eabi/lib/thumb/v7e-m+fp/hard/libstdc++_nano.a(eh_arm.o)
                0x0800564c                __cxa_begin_cleanup
 .text.__gnu_end_cleanup
                0x08005686       0x32 /opt/ST/STM32CubeCLT_1.16.0/GNU-tools-for-STM32/bin/../lib/gcc/arm-none-eabi/12.3.1/../../../../arm-none-eabi/lib/thumb/v7e-m+fp/hard/libstdc++_nano.a(eh_arm.o)
                0x08005686                __gnu_end_cleanup
 .text._ZN12_GLOBAL__N_113constant_initD2Ev
                0x080056b8        0x2 /opt/ST/STM32CubeCLT_1.16.0/GNU-tools-for-STM32/bin/../lib/gcc/arm-none-eabi/12.3.1/../../../../arm-none-eabi/lib/thumb/v7e-m+fp/hard/libstdc++_nano.a(eh_globals.o)
 *fill*         0x080056ba        0x2 
 .text.__cxa_get_globals
                0x080056bc        0x8 /opt/ST/STM32CubeCLT_1.16.0/GNU-tools-for-STM32/bin/../lib/gcc/arm-none-eabi/12.3.1/../../../../arm-none-eabi/lib/thumb/v7e-m+fp/hard/libstdc++_nano.a(eh_globals.o)
                0x080056bc                __cxa_get_globals
 .text.startup._GLOBAL__sub_I___cxa_get_globals_fast
                0x080056c4       0x18 /opt/ST/STM32CubeCLT_1.16.0/GNU-tools-for-STM32/bin/../lib/gcc/arm-none-eabi/12.3.1/../../../../arm-none-eabi/lib/thumb/v7e-m+fp/hard/libstdc++_nano.a(eh_globals.o)
 .text._ZL12read_uleb128PKhPm
                0x080056dc       0x1e /opt/ST/STM32CubeCLT_1.16.0/GNU-tools-for-STM32/bin/../lib/gcc/arm-none-eabi/12.3.1/../../../../arm-none-eabi/lib/thumb/v7e-m+fp/hard/libstdc++_nano.a(eh_personality.o)
 .text._ZL12read_sleb128PKhPl
                0x080056fa       0x30 /opt/ST/STM32CubeCLT_1.16.0/GNU-tools-for-STM32/bin/../lib/gcc/arm-none-eabi/12.3.1/../../../../arm-none-eabi/lib/thumb/v7e-m+fp/hard/libstdc++_nano.a(eh_personality.o)
 .text._ZL28read_encoded_value_with_basehjPKhPj
                0x0800572a       0x8c /opt/ST/STM32CubeCLT_1.16.0/GNU-tools-for-STM32/bin/../lib/gcc/arm-none-eabi/12.3.1/../../../../arm-none-eabi/lib/thumb/v7e-m+fp/hard/libstdc++_nano.a(eh_personality.o)
 .text._ZL21base_of_encoded_valuehP15_Unwind_Context
                0x080057b6       0x42 /opt/ST/STM32CubeCLT_1.16.0/GNU-tools-for-STM32/bin/../lib/gcc/arm-none-eabi/12.3.1/../../../../arm-none-eabi/lib/thumb/v7e-m+fp/hard/libstdc++_nano.a(eh_personality.o)
 .text._ZL18read_encoded_valueP15_Unwind_ContexthPKhPj
                0x080057f8       0x20 /opt/ST/STM32CubeCLT_1.16.0/GNU-tools-for-STM32/bin/../lib/gcc/arm-none-eabi/12.3.1/../../../../arm-none-eabi/lib/thumb/v7e-m+fp/hard/libstdc++_nano.a(eh_personality.o)
 .text._ZL17parse_lsda_headerP15_Unwind_ContextPKhP16lsda_header_info
                0x08005818       0x5e /opt/ST/STM32CubeCLT_1.16.0/GNU-tools-for-STM32/bin/../lib/gcc/arm-none-eabi/12.3.1/../../../../arm-none-eabi/lib/thumb/v7e-m+fp/hard/libstdc++_nano.a(eh_personality.o)
 .text._Unwind_GetGR
                0x08005876       0x18 /opt/ST/STM32CubeCLT_1.16.0/GNU-tools-for-STM32/bin/../lib/gcc/arm-none-eabi/12.3.1/../../../../arm-none-eabi/lib/thumb/v7e-m+fp/hard/libstdc++_nano.a(eh_personality.o)
 *fill*         0x0800588e        0x2 
 .text.__gxx_personality_v0
                0x08005890      0x324 /opt/ST/STM32CubeCLT_1.16.0/GNU-tools-for-STM32/bin/../lib/gcc/arm-none-eabi/12.3.1/../../../../arm-none-eabi/lib/thumb/v7e-m+fp/hard/libstdc++_nano.a(eh_personality.o)
                0x08005890                __gxx_personality_v0
 .text._ZN10__cxxabiv111__terminateEPFvvE
                0x08005bb4        0x8 /opt/ST/STM32CubeCLT_1.16.0/GNU-tools-for-STM32/bin/../lib/gcc/arm-none-eabi/12.3.1/../../../../arm-none-eabi/lib/thumb/v7e-m+fp/hard/libstdc++_nano.a(eh_terminate.o)
                0x08005bb4                __cxxabiv1::__terminate(void (*)())
 .text._ZSt13get_terminatev
                0x08005bbc       0x10 /opt/ST/STM32CubeCLT_1.16.0/GNU-tools-for-STM32/bin/../lib/gcc/arm-none-eabi/12.3.1/../../../../arm-none-eabi/lib/thumb/v7e-m+fp/hard/libstdc++_nano.a(eh_terminate.o)
                0x08005bbc                std::get_terminate()
 .text._ZSt9terminatev
                0x08005bcc        0xa /opt/ST/STM32CubeCLT_1.16.0/GNU-tools-for-STM32/bin/../lib/gcc/arm-none-eabi/12.3.1/../../../../arm-none-eabi/lib/thumb/v7e-m+fp/hard/libstdc++_nano.a(eh_terminate.o)
                0x08005bcc                std::terminate()
 .text._ZN10__cxxabiv112__unexpectedEPFvvE
                0x08005bd6        0x8 /opt/ST/STM32CubeCLT_1.16.0/GNU-tools-for-STM32/bin/../lib/gcc/arm-none-eabi/12.3.1/../../../../arm-none-eabi/lib/thumb/v7e-m+fp/hard/libstdc++_nano.a(eh_terminate.o)
                0x08005bd6                __cxxabiv1::__unexpected(void (*)())
 *fill*         0x08005bde        0x2 
 .text._ZSt14get_unexpectedv
                0x08005be0       0x10 /opt/ST/STM32CubeCLT_1.16.0/GNU-tools-for-STM32/bin/../lib/gcc/arm-none-eabi/12.3.1/../../../../arm-none-eabi/lib/thumb/v7e-m+fp/hard/libstdc++_nano.a(eh_terminate.o)
                0x08005be0                std::get_unexpected()
 .text._ZSt10unexpectedv
                0x08005bf0        0xa /opt/ST/STM32CubeCLT_1.16.0/GNU-tools-for-STM32/bin/../lib/gcc/arm-none-eabi/12.3.1/../../../../arm-none-eabi/lib/thumb/v7e-m+fp/hard/libstdc++_nano.a(eh_terminate.o)
                0x08005bf0                std::unexpected()
 .text._Znaj    0x08005bfa        0x4 /opt/ST/STM32CubeCLT_1.16.0/GNU-tools-for-STM32/bin/../lib/gcc/arm-none-eabi/12.3.1/../../../../arm-none-eabi/lib/thumb/v7e-m+fp/hard/libstdc++_nano.a(new_opv.o)
                0x08005bfa                operator new[](unsigned int)
 *fill*         0x08005bfe        0x2 
 .text._ZN10__cxxabiv120__si_class_type_infoD2Ev
                0x08005c00       0x14 /opt/ST/STM32CubeCLT_1.16.0/GNU-tools-for-STM32/bin/../lib/gcc/arm-none-eabi/12.3.1/../../../../arm-none-eabi/lib/thumb/v7e-m+fp/hard/libstdc++_nano.a(si_class_type_info.o)
                0x08005c00                __cxxabiv1::__si_class_type_info::~__si_class_type_info()
                0x08005c00                __cxxabiv1::__si_class_type_info::~__si_class_type_info()
 .text._ZN10__cxxabiv120__si_class_type_infoD0Ev
                0x08005c14       0x14 /opt/ST/STM32CubeCLT_1.16.0/GNU-tools-for-STM32/bin/../lib/gcc/arm-none-eabi/12.3.1/../../../../arm-none-eabi/lib/thumb/v7e-m+fp/hard/libstdc++_nano.a(si_class_type_info.o)
                0x08005c14                __cxxabiv1::__si_class_type_info::~__si_class_type_info()
 .text._ZNK10__cxxabiv120__si_class_type_info20__do_find_public_srcEiPKvPKNS_17__class_type_infoES2_
                0x08005c28       0x3c /opt/ST/STM32CubeCLT_1.16.0/GNU-tools-for-STM32/bin/../lib/gcc/arm-none-eabi/12.3.1/../../../../arm-none-eabi/lib/thumb/v7e-m+fp/hard/libstdc++_nano.a(si_class_type_info.o)
                0x08005c28                __cxxabiv1::__si_class_type_info::__do_find_public_src(int, void const*, __cxxabiv1::__class_type_info const*, void const*) const
 .text._ZNK10__cxxabiv120__si_class_type_info12__do_dyncastEiNS_17__class_type_info10__sub_kindEPKS1_PKvS4_S6_RNS1_16__dyncast_resultE
                0x08005c64       0x74 /opt/ST/STM32CubeCLT_1.16.0/GNU-tools-for-STM32/bin/../lib/gcc/arm-none-eabi/12.3.1/../../../../arm-none-eabi/lib/thumb/v7e-m+fp/hard/libstdc++_nano.a(si_class_type_info.o)
                0x08005c64                __cxxabiv1::__si_class_type_info::__do_dyncast(int, __cxxabiv1::__class_type_info::__sub_kind, __cxxabiv1::__class_type_info const*, void const*, __cxxabiv1::__class_type_info const*, void const*, __cxxabiv1::__class_type_info::__dyncast_result&) const
 .text._ZNK10__cxxabiv120__si_class_type_info11__do_upcastEPKNS_17__class_type_infoEPKvRNS1_15__upcast_resultE
                0x08005cd8       0x2a /opt/ST/STM32CubeCLT_1.16.0/GNU-tools-for-STM32/bin/../lib/gcc/arm-none-eabi/12.3.1/../../../../arm-none-eabi/lib/thumb/v7e-m+fp/hard/libstdc++_nano.a(si_class_type_info.o)
                0x08005cd8                __cxxabiv1::__si_class_type_info::__do_upcast(__cxxabiv1::__class_type_info const*, void const*, __cxxabiv1::__class_type_info::__upcast_result&) const
 .text._ZNSt9type_infoD2Ev
                0x08005d02        0x2 /opt/ST/STM32CubeCLT_1.16.0/GNU-tools-for-STM32/bin/../lib/gcc/arm-none-eabi/12.3.1/../../../../arm-none-eabi/lib/thumb/v7e-m+fp/hard/libstdc++_nano.a(tinfo.o)
                0x08005d02                std::type_info::~type_info()
                0x08005d02                std::type_info::~type_info()
 .text._ZNKSt9type_info14__is_pointer_pEv
                0x08005d04        0x4 /opt/ST/STM32CubeCLT_1.16.0/GNU-tools-for-STM32/bin/../lib/gcc/arm-none-eabi/12.3.1/../../../../arm-none-eabi/lib/thumb/v7e-m+fp/hard/libstdc++_nano.a(tinfo.o)
                0x08005d04                std::type_info::__is_function_p() const
                0x08005d04                std::type_info::__is_pointer_p() const
 .text._ZNKSt9type_infoeqERKS_
                0x08005d08       0x2c /opt/ST/STM32CubeCLT_1.16.0/GNU-tools-for-STM32/bin/../lib/gcc/arm-none-eabi/12.3.1/../../../../arm-none-eabi/lib/thumb/v7e-m+fp/hard/libstdc++_nano.a(tinfo.o)
                0x08005d08                std::type_info::__equal(std::type_info const&) const
                0x08005d08                std::type_info::operator==(std::type_info const&) const
 .text._ZNK10__cxxabiv117__class_type_info11__do_upcastEPKS0_PPv
                0x08005d34       0x32 /opt/ST/STM32CubeCLT_1.16.0/GNU-tools-for-STM32/bin/../lib/gcc/arm-none-eabi/12.3.1/../../../../arm-none-eabi/lib/thumb/v7e-m+fp/hard/libstdc++_nano.a(class_type_info.o)
                0x08005d34                __cxxabiv1::__class_type_info::__do_upcast(__cxxabiv1::__class_type_info const*, void**) const
 .text._ZNK10__cxxabiv117__class_type_info20__do_find_public_srcEiPKvPKS0_S2_
                0x08005d66        0xc /opt/ST/STM32CubeCLT_1.16.0/GNU-tools-for-STM32/bin/../lib/gcc/arm-none-eabi/12.3.1/../../../../arm-none-eabi/lib/thumb/v7e-m+fp/hard/libstdc++_nano.a(class_type_info.o)
                0x08005d66                __cxxabiv1::__class_type_info::__do_find_public_src(int, void const*, __cxxabiv1::__class_type_info const*, void const*) const
 *fill*         0x08005d72        0x2 
 .text._ZN10__cxxabiv117__class_type_infoD2Ev
                0x08005d74       0x14 /opt/ST/STM32CubeCLT_1.16.0/GNU-tools-for-STM32/bin/../lib/gcc/arm-none-eabi/12.3.1/../../../../arm-none-eabi/lib/thumb/v7e-m+fp/hard/libstdc++_nano.a(class_type_info.o)
                0x08005d74                __cxxabiv1::__class_type_info::~__class_type_info()
                0x08005d74                __cxxabiv1::__class_type_info::~__class_type_info()
 .text._ZN10__cxxabiv117__class_type_infoD0Ev
                0x08005d88       0x14 /opt/ST/STM32CubeCLT_1.16.0/GNU-tools-for-STM32/bin/../lib/gcc/arm-none-eabi/12.3.1/../../../../arm-none-eabi/lib/thumb/v7e-m+fp/hard/libstdc++_nano.a(class_type_info.o)
                0x08005d88                __cxxabiv1::__class_type_info::~__class_type_info()
 .text._ZNK10__cxxabiv117__class_type_info12__do_dyncastEiNS0_10__sub_kindEPKS0_PKvS3_S5_RNS0_16__dyncast_resultE
                0x08005d9c       0x3e /opt/ST/STM32CubeCLT_1.16.0/GNU-tools-for-STM32/bin/../lib/gcc/arm-none-eabi/12.3.1/../../../../arm-none-eabi/lib/thumb/v7e-m+fp/hard/libstdc++_nano.a(class_type_info.o)
                0x08005d9c                __cxxabiv1::__class_type_info::__do_dyncast(int, __cxxabiv1::__class_type_info::__sub_kind, __cxxabiv1::__class_type_info const*, void const*, __cxxabiv1::__class_type_info const*, void const*, __cxxabiv1::__class_type_info::__dyncast_result&) const
 .text._ZNK10__cxxabiv117__class_type_info11__do_upcastEPKS0_PKvRNS0_15__upcast_resultE
                0x08005dda       0x18 /opt/ST/STM32CubeCLT_1.16.0/GNU-tools-for-STM32/bin/../lib/gcc/arm-none-eabi/12.3.1/../../../../arm-none-eabi/lib/thumb/v7e-m+fp/hard/libstdc++_nano.a(class_type_info.o)
                0x08005dda                __cxxabiv1::__class_type_info::__do_upcast(__cxxabiv1::__class_type_info const*, void const*, __cxxabiv1::__class_type_info::__upcast_result&) const
 .text._ZNK10__cxxabiv117__class_type_info10__do_catchEPKSt9type_infoPPvj
                0x08005df2       0x2a /opt/ST/STM32CubeCLT_1.16.0/GNU-tools-for-STM32/bin/../lib/gcc/arm-none-eabi/12.3.1/../../../../arm-none-eabi/lib/thumb/v7e-m+fp/hard/libstdc++_nano.a(class_type_info.o)
                0x08005df2                __cxxabiv1::__class_type_info::__do_catch(std::type_info const*, void**, unsigned int) const
 .text._ZdlPv   0x08005e1c        0x4 /opt/ST/STM32CubeCLT_1.16.0/GNU-tools-for-STM32/bin/../lib/gcc/arm-none-eabi/12.3.1/../../../../arm-none-eabi/lib/thumb/v7e-m+fp/hard/libstdc++_nano.a(del_op.o)
                0x08005e1c                operator delete(void*)
 .text._ZdlPvj  0x08005e20        0x4 /opt/ST/STM32CubeCLT_1.16.0/GNU-tools-for-STM32/bin/../lib/gcc/arm-none-eabi/12.3.1/../../../../arm-none-eabi/lib/thumb/v7e-m+fp/hard/libstdc++_nano.a(del_ops.o)
                0x08005e20                operator delete(void*, unsigned int)
 .text._ZN10__cxxabiv1L24__is_gxx_exception_classEPc
                0x08005e24       0x3a /opt/ST/STM32CubeCLT_1.16.0/GNU-tools-for-STM32/bin/../lib/gcc/arm-none-eabi/12.3.1/../../../../arm-none-eabi/lib/thumb/v7e-m+fp/hard/libstdc++_nano.a(eh_call.o)
 .text.__cxa_call_terminate
                0x08005e5e       0x1e /opt/ST/STM32CubeCLT_1.16.0/GNU-tools-for-STM32/bin/../lib/gcc/arm-none-eabi/12.3.1/../../../../arm-none-eabi/lib/thumb/v7e-m+fp/hard/libstdc++_nano.a(eh_call.o)
                0x08005e5e                __cxa_call_terminate
 .text.__cxa_call_unexpected
                0x08005e7c       0x28 /opt/ST/STM32CubeCLT_1.16.0/GNU-tools-for-STM32/bin/../lib/gcc/arm-none-eabi/12.3.1/../../../../arm-none-eabi/lib/thumb/v7e-m+fp/hard/libstdc++_nano.a(eh_call.o)
                0x08005e7c                __cxa_call_unexpected
 .text._ZN10__cxxabiv1L24__is_gxx_exception_classEPc
                0x08005ea4       0x3a /opt/ST/STM32CubeCLT_1.16.0/GNU-tools-for-STM32/bin/../lib/gcc/arm-none-eabi/12.3.1/../../../../arm-none-eabi/lib/thumb/v7e-m+fp/hard/libstdc++_nano.a(eh_catch.o)
 .text.__cxa_begin_catch
                0x08005ede       0x52 /opt/ST/STM32CubeCLT_1.16.0/GNU-tools-for-STM32/bin/../lib/gcc/arm-none-eabi/12.3.1/../../../../arm-none-eabi/lib/thumb/v7e-m+fp/hard/libstdc++_nano.a(eh_catch.o)
                0x08005ede                __cxa_begin_catch
 .text._Znwj    0x08005f30       0x22 /opt/ST/STM32CubeCLT_1.16.0/GNU-tools-for-STM32/bin/../lib/gcc/arm-none-eabi/12.3.1/../../../../arm-none-eabi/lib/thumb/v7e-m+fp/hard/libstdc++_nano.a(new_op.o)
                0x08005f30                operator new(unsigned int)
 *fill*         0x08005f52        0x2 
 .text._ZSt15get_new_handlerv
                0x08005f54       0x10 /opt/ST/STM32CubeCLT_1.16.0/GNU-tools-for-STM32/bin/../lib/gcc/arm-none-eabi/12.3.1/../../../../arm-none-eabi/lib/thumb/v7e-m+fp/hard/libstdc++_nano.a(new_handler.o)
                0x08005f54                std::get_new_handler()
 .text.unlikely
                0x08005f64        0xc /opt/ST/STM32CubeCLT_1.16.0/GNU-tools-for-STM32/bin/../lib/gcc/arm-none-eabi/12.3.1/thumb/v7e-m+fp/hard/libgcc.a(pr-support.o)
                0x08005f64                _Unwind_GetDataRelBase
                0x08005f6a                _Unwind_GetTextRelBase
 .text.abort    0x08005f70        0xe /opt/ST/STM32CubeCLT_1.16.0/GNU-tools-for-STM32/bin/../lib/gcc/arm-none-eabi/12.3.1/../../../../arm-none-eabi/lib/thumb/v7e-m+fp/hard/libc_nano.a(libc_a-abort.o)
                0x08005f70                abort
 *fill*         0x08005f7e        0x2 
 .text.malloc   0x08005f80       0x10 /opt/ST/STM32CubeCLT_1.16.0/GNU-tools-for-STM32/bin/../lib/gcc/arm-none-eabi/12.3.1/../../../../arm-none-eabi/lib/thumb/v7e-m+fp/hard/libc_nano.a(libc_a-malloc.o)
                0x08005f80                malloc
 .text.free     0x08005f90       0x10 /opt/ST/STM32CubeCLT_1.16.0/GNU-tools-for-STM32/bin/../lib/gcc/arm-none-eabi/12.3.1/../../../../arm-none-eabi/lib/thumb/v7e-m+fp/hard/libc_nano.a(libc_a-malloc.o)
                0x08005f90                free
 .text._raise_r
                0x08005fa0       0x50 /opt/ST/STM32CubeCLT_1.16.0/GNU-tools-for-STM32/bin/../lib/gcc/arm-none-eabi/12.3.1/../../../../arm-none-eabi/lib/thumb/v7e-m+fp/hard/libc_nano.a(libc_a-signal.o)
                0x08005fa0                _raise_r
 .text.raise    0x08005ff0       0x10 /opt/ST/STM32CubeCLT_1.16.0/GNU-tools-for-STM32/bin/../lib/gcc/arm-none-eabi/12.3.1/../../../../arm-none-eabi/lib/thumb/v7e-m+fp/hard/libc_nano.a(libc_a-signal.o)
                0x08005ff0                raise
 .text._kill_r  0x08006000       0x24 /opt/ST/STM32CubeCLT_1.16.0/GNU-tools-for-STM32/bin/../lib/gcc/arm-none-eabi/12.3.1/../../../../arm-none-eabi/lib/thumb/v7e-m+fp/hard/libc_nano.a(libc_a-signalr.o)
                0x08006000                _kill_r
 .text._getpid_r
                0x08006024        0x4 /opt/ST/STM32CubeCLT_1.16.0/GNU-tools-for-STM32/bin/../lib/gcc/arm-none-eabi/12.3.1/../../../../arm-none-eabi/lib/thumb/v7e-m+fp/hard/libc_nano.a(libc_a-signalr.o)
                0x08006024                _getpid_r
 .text.memcpy   0x08006028       0x1c /opt/ST/STM32CubeCLT_1.16.0/GNU-tools-for-STM32/bin/../lib/gcc/arm-none-eabi/12.3.1/../../../../arm-none-eabi/lib/thumb/v7e-m+fp/hard/libc_nano.a(libc_a-memcpy-stub.o)
                0x08006028                memcpy
 *(.glue_7)
 .glue_7        0x08006044        0x0 linker stubs
 *(.glue_7t)
 .glue_7t       0x08006044        0x0 linker stubs
 *(.eh_frame)
 .eh_frame      0x08006044        0x0 /opt/ST/STM32CubeCLT_1.16.0/GNU-tools-for-STM32/bin/../lib/gcc/arm-none-eabi/12.3.1/thumb/v7e-m+fp/hard/crtbegin.o
 *(.init)
 .init          0x08006044        0x4 /opt/ST/STM32CubeCLT_1.16.0/GNU-tools-for-STM32/bin/../lib/gcc/arm-none-eabi/12.3.1/thumb/v7e-m+fp/hard/crti.o
                0x08006044                _init
 .init          0x08006048        0x8 /opt/ST/STM32CubeCLT_1.16.0/GNU-tools-for-STM32/bin/../lib/gcc/arm-none-eabi/12.3.1/thumb/v7e-m+fp/hard/crtn.o
 *(.fini)
 .fini          0x08006050        0x4 /opt/ST/STM32CubeCLT_1.16.0/GNU-tools-for-STM32/bin/../lib/gcc/arm-none-eabi/12.3.1/thumb/v7e-m+fp/hard/crti.o
                0x08006050                _fini
 .fini          0x08006054        0x8 /opt/ST/STM32CubeCLT_1.16.0/GNU-tools-for-STM32/bin/../lib/gcc/arm-none-eabi/12.3.1/thumb/v7e-m+fp/hard/crtn.o
                0x0800605c                        . = ALIGN (0x4)
                0x0800605c                        _etext = .

.vfp11_veneer   0x0800605c        0x0
 .vfp11_veneer  0x0800605c        0x0 linker stubs

.v4_bx          0x0800605c        0x0
 .v4_bx         0x0800605c        0x0 linker stubs

.iplt           0x0800605c        0x0
 .iplt          0x0800605c        0x0 /opt/ST/STM32CubeCLT_1.16.0/GNU-tools-for-STM32/bin/../lib/gcc/arm-none-eabi/12.3.1/thumb/v7e-m+fp/hard/crtbegin.o

.rodata         0x0800605c      0x148
                0x0800605c                        . = ALIGN (0x4)
 *(.rodata)
 *(.rodata*)
 .rodata.flagBitshiftOffset.0
                0x0800605c        0x8 build/stm32f4xx_hal_dma.o
 .rodata.APBPrescTable
                0x08006064        0x8 build/system_stm32f4xx.o
                0x08006064                APBPrescTable
 .rodata.AHBPrescTable
                0x0800606c       0x10 build/system_stm32f4xx.o
                0x0800606c                AHBPrescTable
 .rodata._ZTSN10__cxxabiv115__forced_unwindE
                0x0800607c       0x20 /opt/ST/STM32CubeCLT_1.16.0/GNU-tools-for-STM32/bin/../lib/gcc/arm-none-eabi/12.3.1/../../../../arm-none-eabi/lib/thumb/v7e-m+fp/hard/libstdc++_nano.a(eh_exception.o)
                0x0800607c                typeinfo name for __cxxabiv1::__forced_unwind
 .rodata._ZTIN10__cxxabiv115__forced_unwindE
                0x0800609c        0x8 /opt/ST/STM32CubeCLT_1.16.0/GNU-tools-for-STM32/bin/../lib/gcc/arm-none-eabi/12.3.1/../../../../arm-none-eabi/lib/thumb/v7e-m+fp/hard/libstdc++_nano.a(eh_exception.o)
                0x0800609c                typeinfo for __cxxabiv1::__forced_unwind
 .rodata._ZTSN10__cxxabiv119__foreign_exceptionE
                0x080060a4       0x24 /opt/ST/STM32CubeCLT_1.16.0/GNU-tools-for-STM32/bin/../lib/gcc/arm-none-eabi/12.3.1/../../../../arm-none-eabi/lib/thumb/v7e-m+fp/hard/libstdc++_nano.a(eh_exception.o)
                0x080060a4                typeinfo name for __cxxabiv1::__foreign_exception
 .rodata._ZTIN10__cxxabiv119__foreign_exceptionE
                0x080060c8        0x8 /opt/ST/STM32CubeCLT_1.16.0/GNU-tools-for-STM32/bin/../lib/gcc/arm-none-eabi/12.3.1/../../../../arm-none-eabi/lib/thumb/v7e-m+fp/hard/libstdc++_nano.a(eh_exception.o)
                0x080060c8                typeinfo for __cxxabiv1::__foreign_exception
 .rodata._ZTSN10__cxxabiv120__si_class_type_infoE
                0x080060d0       0x25 /opt/ST/STM32CubeCLT_1.16.0/GNU-tools-for-STM32/bin/../lib/gcc/arm-none-eabi/12.3.1/../../../../arm-none-eabi/lib/thumb/v7e-m+fp/hard/libstdc++_nano.a(si_class_type_info.o)
                0x080060d0                typeinfo name for __cxxabiv1::__si_class_type_info
 *fill*         0x080060f5        0x3 
 .rodata._ZTIN10__cxxabiv120__si_class_type_infoE
                0x080060f8        0xc /opt/ST/STM32CubeCLT_1.16.0/GNU-tools-for-STM32/bin/../lib/gcc/arm-none-eabi/12.3.1/../../../../arm-none-eabi/lib/thumb/v7e-m+fp/hard/libstdc++_nano.a(si_class_type_info.o)
                0x080060f8                typeinfo for __cxxabiv1::__si_class_type_info
 .rodata._ZTVN10__cxxabiv120__si_class_type_infoE
                0x08006104       0x2c /opt/ST/STM32CubeCLT_1.16.0/GNU-tools-for-STM32/bin/../lib/gcc/arm-none-eabi/12.3.1/../../../../arm-none-eabi/lib/thumb/v7e-m+fp/hard/libstdc++_nano.a(si_class_type_info.o)
                0x08006104                vtable for __cxxabiv1::__si_class_type_info
 .rodata._ZTSSt9type_info
                0x08006130        0xd /opt/ST/STM32CubeCLT_1.16.0/GNU-tools-for-STM32/bin/../lib/gcc/arm-none-eabi/12.3.1/../../../../arm-none-eabi/lib/thumb/v7e-m+fp/hard/libstdc++_nano.a(tinfo.o)
                0x08006130                typeinfo name for std::type_info
 *fill*         0x0800613d        0x3 
 .rodata._ZTISt9type_info
                0x08006140        0x8 /opt/ST/STM32CubeCLT_1.16.0/GNU-tools-for-STM32/bin/../lib/gcc/arm-none-eabi/12.3.1/../../../../arm-none-eabi/lib/thumb/v7e-m+fp/hard/libstdc++_nano.a(tinfo.o)
                0x08006140                typeinfo for std::type_info
 .rodata._ZTSN10__cxxabiv117__class_type_infoE
                0x08006148       0x22 /opt/ST/STM32CubeCLT_1.16.0/GNU-tools-for-STM32/bin/../lib/gcc/arm-none-eabi/12.3.1/../../../../arm-none-eabi/lib/thumb/v7e-m+fp/hard/libstdc++_nano.a(class_type_info.o)
                0x08006148                typeinfo name for __cxxabiv1::__class_type_info
 *fill*         0x0800616a        0x2 
 .rodata._ZTIN10__cxxabiv117__class_type_infoE
                0x0800616c        0xc /opt/ST/STM32CubeCLT_1.16.0/GNU-tools-for-STM32/bin/../lib/gcc/arm-none-eabi/12.3.1/../../../../arm-none-eabi/lib/thumb/v7e-m+fp/hard/libstdc++_nano.a(class_type_info.o)
                0x0800616c                typeinfo for __cxxabiv1::__class_type_info
 .rodata._ZTVN10__cxxabiv117__class_type_infoE
                0x08006178       0x2c /opt/ST/STM32CubeCLT_1.16.0/GNU-tools-for-STM32/bin/../lib/gcc/arm-none-eabi/12.3.1/../../../../arm-none-eabi/lib/thumb/v7e-m+fp/hard/libstdc++_nano.a(class_type_info.o)
                0x08006178                vtable for __cxxabiv1::__class_type_info
                0x080061a4                        . = ALIGN (0x4)

.ARM.extab      0x080061a4       0x64
 *(.ARM.extab* .gnu.linkonce.armextab.*)
 .ARM.extab.text._ZN8HardwareD2Ev
                0x080061a4        0x0 build/app.o
 .ARM.extab.text._ZN12PwmSingleOut5writeEf
                0x080061a4        0x0 build/app.o
 .ARM.extab.text._ZN5Timer7read_msEv
                0x080061a4        0xc build/Timer.o
 .ARM.extab.text._ZN5Timer7read_usEv
                0x080061b0        0xc build/Timer.o
 .ARM.extab.text._ZN14BufferedSerial9availableEv
                0x080061bc        0x0 build/hardware.o
 .ARM.extab.text._ZN14BufferedSerial4readEv
                0x080061bc        0x0 build/hardware.o
 .ARM.extab.text._ZN12PwmSingleOut4initEv
                0x080061bc        0x0 build/hardware.o
 .ARM.extab.text._ZN8HardwareC2Ev
                0x080061bc       0x32 build/hardware.o
 *fill*         0x080061ee        0x2 
 .ARM.extab     0x080061f0       0x18 /opt/ST/STM32CubeCLT_1.16.0/GNU-tools-for-STM32/bin/../lib/gcc/arm-none-eabi/12.3.1/thumb/v7e-m+fp/hard/libgcc.a(pr-support.o)

.ARM            0x08006208      0x118
                0x08006208                        __exidx_start = .
 *(.ARM.exidx*)
 .ARM.exidx     0x08006208        0x8 /opt/ST/STM32CubeCLT_1.16.0/GNU-tools-for-STM32/bin/../lib/gcc/arm-none-eabi/12.3.1/thumb/v7e-m+fp/hard/libgcc.a(_udivmoddi4.o)
 .ARM.exidx     0x08006210       0x78 /opt/ST/STM32CubeCLT_1.16.0/GNU-tools-for-STM32/bin/../lib/gcc/arm-none-eabi/12.3.1/thumb/v7e-m+fp/hard/libgcc.a(unwind-arm.o)
                                 0xd8 (size before relaxing)
 .ARM.exidx     0x08006288       0x38 /opt/ST/STM32CubeCLT_1.16.0/GNU-tools-for-STM32/bin/../lib/gcc/arm-none-eabi/12.3.1/thumb/v7e-m+fp/hard/libgcc.a(pr-support.o)
 .ARM.exidx     0x080062c0        0x0 /opt/ST/STM32CubeCLT_1.16.0/GNU-tools-for-STM32/bin/../lib/gcc/arm-none-eabi/12.3.1/../../../../arm-none-eabi/lib/thumb/v7e-m+fp/hard/libc_nano.a(libc_a-strcmp.o)
                                  0x8 (size before relaxing)
 .ARM.exidx.text._Z41__static_initialization_and_destruction_0ii
                0x080062c0        0x0 build/app.o
                                  0x8 (size before relaxing)
 .ARM.exidx.text._ZN8HardwareD2Ev
                0x080062c0        0x0 build/app.o
                                  0x8 (size before relaxing)
 .ARM.exidx.text._ZN12PwmSingleOut5writeEf
                0x080062c0        0x0 build/app.o
                                  0x8 (size before relaxing)
 .ARM.exidx.text.setup
                0x080062c0        0x8 build/app.o
 .ARM.exidx.text._Z14BallConversionv
                0x080062c8        0x0 build/app.o
                                  0x8 (size before relaxing)
 .ARM.exidx.text._Z20YellowGoalConversionv
                0x080062c8        0x0 build/app.o
                                  0x8 (size before relaxing)
 .ARM.exidx.text._Z18BlueGoalConversionv
                0x080062c8        0x0 build/app.o
                                  0x8 (size before relaxing)
 .ARM.exidx.text.main_app
                0x080062c8        0x0 build/app.o
                                  0x8 (size before relaxing)
 .ARM.exidx.text._GLOBAL__sub_I_hardware
                0x080062c8        0x8 build/app.o
 .ARM.exidx.text.NormalizeDeg180
                0x080062d0        0x0 build/MyMath.o
                                  0x8 (size before relaxing)
 .ARM.exidx.text._ZN5TimerC2Ev
                0x080062d0        0x0 build/Timer.o
                                  0x8 (size before relaxing)
 .ARM.exidx.text._ZN5Timer5resetEv
                0x080062d0        0x0 build/Timer.o
                                  0x8 (size before relaxing)
 .ARM.exidx.text._ZN5Timer7read_msEv
                0x080062d0        0x8 build/Timer.o
 .ARM.exidx.text._ZN5Timer7read_usEv
                0x080062d8        0x8 build/Timer.o
 .ARM.exidx.text._ZN14BufferedSerial9availableEv
                0x080062e0        0x8 build/hardware.o
 .ARM.exidx.text._ZN14BufferedSerial4readEv
                0x080062e8        0x8 build/hardware.o
 .ARM.exidx.text._ZN12PwmSingleOut4initEv
                0x080062f0        0x8 build/hardware.o
 .ARM.exidx.text._ZN8HardwareC2Ev
                0x080062f8        0x8 build/hardware.o
 .ARM.exidx.text._ZN8Hardware4InitEv
                0x08006300        0x8 build/hardware.o
 .ARM.exidx.text._ZN8Hardware8MainUartEv
                0x08006308        0x8 build/hardware.o
 .ARM.exidx.text._ZN8Hardware7M1nUartEv
                0x08006310       0x10 build/hardware.o
                                  0x8 (size before relaxing)
 .ARM.exidx.text.unlikely
                0x08006320        0x0 /opt/ST/STM32CubeCLT_1.16.0/GNU-tools-for-STM32/bin/../lib/gcc/arm-none-eabi/12.3.1/thumb/v7e-m+fp/hard/libgcc.a(pr-support.o)
                                 0x10 (size before relaxing)
                0x08006320                        __exidx_end = .

.rel.dyn        0x08006320        0x0
 .rel.iplt      0x08006320        0x0 /opt/ST/STM32CubeCLT_1.16.0/GNU-tools-for-STM32/bin/../lib/gcc/arm-none-eabi/12.3.1/thumb/v7e-m+fp/hard/crtbegin.o

.preinit_array  0x08006320        0x0
                0x08006320                        PROVIDE (__preinit_array_start = .)
 *(.preinit_array*)
                0x08006320                        PROVIDE (__preinit_array_end = .)

.init_array     0x08006320        0xc
                0x08006320                        PROVIDE (__init_array_start = .)
 *(SORT_BY_NAME(.init_array.*))
 *(.init_array*)
 .init_array    0x08006320        0x4 /opt/ST/STM32CubeCLT_1.16.0/GNU-tools-for-STM32/bin/../lib/gcc/arm-none-eabi/12.3.1/thumb/v7e-m+fp/hard/crtbegin.o
 .init_array    0x08006324        0x4 build/app.o
 .init_array    0x08006328        0x4 /opt/ST/STM32CubeCLT_1.16.0/GNU-tools-for-STM32/bin/../lib/gcc/arm-none-eabi/12.3.1/../../../../arm-none-eabi/lib/thumb/v7e-m+fp/hard/libstdc++_nano.a(eh_globals.o)
                0x0800632c                        PROVIDE (__init_array_end = .)

.fini_array     0x0800632c        0x4
                [!provide]                        PROVIDE (__fini_array_start = .)
 *(SORT_BY_NAME(.fini_array.*))
 *(.fini_array*)
 .fini_array    0x0800632c        0x4 /opt/ST/STM32CubeCLT_1.16.0/GNU-tools-for-STM32/bin/../lib/gcc/arm-none-eabi/12.3.1/thumb/v7e-m+fp/hard/crtbegin.o
                [!provide]                        PROVIDE (__fini_array_end = .)
                0x08006330                        _sidata = LOADADDR (.data)

.data           0x20000000       0x68 load address 0x08006330
                0x20000000                        . = ALIGN (0x4)
                0x20000000                        _sdata = .
 *(.data)
 .data          0x20000000        0x4 /opt/ST/STM32CubeCLT_1.16.0/GNU-tools-for-STM32/bin/../lib/gcc/arm-none-eabi/12.3.1/thumb/v7e-m+fp/hard/crtbegin.o
                0x20000000                __dso_handle
 *(.data*)
 .data.uwTickFreq
                0x20000004        0x1 build/stm32f4xx_hal.o
                0x20000004                uwTickFreq
 *fill*         0x20000005        0x3 
 .data.uwTickPrio
                0x20000008        0x4 build/stm32f4xx_hal.o
                0x20000008                uwTickPrio
 .data.SystemCoreClock
                0x2000000c        0x4 build/system_stm32f4xx.o
                0x2000000c                SystemCoreClock
 .data._impure_ptr
                0x20000010        0x4 /opt/ST/STM32CubeCLT_1.16.0/GNU-tools-for-STM32/bin/../lib/gcc/arm-none-eabi/12.3.1/../../../../arm-none-eabi/lib/thumb/v7e-m+fp/hard/libc_nano.a(libc_a-impure.o)
                0x20000010                _impure_ptr
 .data._impure_data
                0x20000014       0x4c /opt/ST/STM32CubeCLT_1.16.0/GNU-tools-for-STM32/bin/../lib/gcc/arm-none-eabi/12.3.1/../../../../arm-none-eabi/lib/thumb/v7e-m+fp/hard/libc_nano.a(libc_a-impure.o)
                0x20000014                _impure_data
 .data._ZN10__cxxabiv120__unexpected_handlerE
                0x20000060        0x4 /opt/ST/STM32CubeCLT_1.16.0/GNU-tools-for-STM32/bin/../lib/gcc/arm-none-eabi/12.3.1/../../../../arm-none-eabi/lib/thumb/v7e-m+fp/hard/libstdc++_nano.a(eh_unex_handler.o)
                0x20000060                __cxxabiv1::__unexpected_handler
 .data._ZN10__cxxabiv119__terminate_handlerE
                0x20000064        0x4 /opt/ST/STM32CubeCLT_1.16.0/GNU-tools-for-STM32/bin/../lib/gcc/arm-none-eabi/12.3.1/../../../../arm-none-eabi/lib/thumb/v7e-m+fp/hard/libstdc++_nano.a(eh_term_handler.o)
                0x20000064                __cxxabiv1::__terminate_handler
                0x20000068                        . = ALIGN (0x4)
                0x20000068                        _edata = .

.igot.plt       0x20000068        0x0 load address 0x08006398
 .igot.plt      0x20000068        0x0 /opt/ST/STM32CubeCLT_1.16.0/GNU-tools-for-STM32/bin/../lib/gcc/arm-none-eabi/12.3.1/thumb/v7e-m+fp/hard/crtbegin.o
                0x20000068                        . = ALIGN (0x4)

.bss            0x20000068      0x874 load address 0x08006398
                0x20000068                        _sbss = .
                0x20000068                        __bss_start__ = _sbss
 *(.bss)
 .bss           0x20000068       0x1c /opt/ST/STM32CubeCLT_1.16.0/GNU-tools-for-STM32/bin/../lib/gcc/arm-none-eabi/12.3.1/thumb/v7e-m+fp/hard/crtbegin.o
 *(.bss*)
 .bss.htim3     0x20000084       0x48 build/tim.o
                0x20000084                htim3
 .bss.htim2     0x200000cc       0x48 build/tim.o
                0x200000cc                htim2
 .bss.hdma_usart6_tx
                0x20000114       0x60 build/usart.o
                0x20000114                hdma_usart6_tx
 .bss.hdma_usart6_rx
                0x20000174       0x60 build/usart.o
                0x20000174                hdma_usart6_rx
 .bss.hdma_usart3_tx
                0x200001d4       0x60 build/usart.o
                0x200001d4                hdma_usart3_tx
 .bss.hdma_usart3_rx
                0x20000234       0x60 build/usart.o
                0x20000234                hdma_usart3_rx
 .bss.hdma_usart2_tx
                0x20000294       0x60 build/usart.o
                0x20000294                hdma_usart2_tx
 .bss.hdma_usart2_rx
                0x200002f4       0x60 build/usart.o
                0x200002f4                hdma_usart2_rx
 .bss.hdma_usart1_tx
                0x20000354       0x60 build/usart.o
                0x20000354                hdma_usart1_tx
 .bss.hdma_usart1_rx
                0x200003b4       0x60 build/usart.o
                0x200003b4                hdma_usart1_rx
 .bss.hdma_uart5_tx
                0x20000414       0x60 build/usart.o
                0x20000414                hdma_uart5_tx
 .bss.hdma_uart5_rx
                0x20000474       0x60 build/usart.o
                0x20000474                hdma_uart5_rx
 .bss.huart6    0x200004d4       0x48 build/usart.o
                0x200004d4                huart6
 .bss.huart3    0x2000051c       0x48 build/usart.o
                0x2000051c                huart3
 .bss.huart2    0x20000564       0x48 build/usart.o
                0x20000564                huart2
 .bss.huart1    0x200005ac       0x48 build/usart.o
                0x200005ac                huart1
 .bss.huart5    0x200005f4       0x48 build/usart.o
                0x200005f4                huart5
 .bss.uwTick    0x2000063c        0x4 build/stm32f4xx_hal.o
                0x2000063c                uwTick
 .bss.__sbrk_heap_end
                0x20000640        0x4 build/sysmem.o
 .bss._ZZ18BlueGoalConversionvE17pre_blue_goal_dir
                0x20000644        0x1 build/app.o
 .bss._ZZ18BlueGoalConversionvE17pre_blue_goal_dis
                0x20000645        0x1 build/app.o
 .bss._ZZ20YellowGoalConversionvE19pre_yellow_goal_dir
                0x20000646        0x1 build/app.o
 .bss._ZZ20YellowGoalConversionvE19pre_yellow_goal_dis
                0x20000647        0x1 build/app.o
 .bss._ZZ14BallConversionvE12pre_ball_dis
                0x20000648        0x2 build/app.o
 .bss._ZZ14BallConversionvE12pre_ball_dir
                0x2000064a        0x2 build/app.o
 .bss.process_freq
                0x2000064c        0x4 build/app.o
                0x2000064c                process_freq
 .bss.process_time
                0x20000650        0x2 build/app.o
                0x20000650                process_time
 *fill*         0x20000652        0x2 
 .bss.blue_goal_miss_timer
                0x20000654        0x4 build/app.o
                0x20000654                blue_goal_miss_timer
 .bss.yellow_goal_miss_timer
                0x20000658        0x4 build/app.o
                0x20000658                yellow_goal_miss_timer
 .bss.ball_miss_timer
                0x2000065c        0x4 build/app.o
                0x2000065c                ball_miss_timer
 .bss.process_timer
                0x20000660        0x4 build/app.o
                0x20000660                process_timer
 .bss.hardware  0x20000664       0xd0 build/app.o
                0x20000664                hardware
 .bss._ZZN8Hardware7M1nUartEvE1j
                0x20000734        0x4 build/hardware.o
 .bss._ZZN8Hardware7M1nUartEvE13is_goal_front
                0x20000738       0x28 build/hardware.o
 .bss._ZZN8Hardware7M1nUartEvE9recv_byte
                0x20000760        0x4 build/hardware.o
 .bss._ZZN8Hardware7M1nUartEvE9recv_data
                0x20000764       0x1c build/hardware.o
 .bss._ZZN8Hardware7M1nUartEvE5index
                0x20000780        0x4 build/hardware.o
 .bss.__sf      0x20000784      0x138 /opt/ST/STM32CubeCLT_1.16.0/GNU-tools-for-STM32/bin/../lib/gcc/arm-none-eabi/12.3.1/../../../../arm-none-eabi/lib/thumb/v7e-m+fp/hard/libc_nano.a(libc_a-findfp.o)
                0x20000784                __sf
 .bss.__lock___malloc_recursive_mutex
                0x200008bc        0x1 /opt/ST/STM32CubeCLT_1.16.0/GNU-tools-for-STM32/bin/../lib/gcc/arm-none-eabi/12.3.1/../../../../arm-none-eabi/lib/thumb/v7e-m+fp/hard/libc_nano.a(libc_a-lock.o)
                0x200008bc                __lock___malloc_recursive_mutex
 *fill*         0x200008bd        0x3 
 .bss.__malloc_sbrk_start
                0x200008c0        0x4 /opt/ST/STM32CubeCLT_1.16.0/GNU-tools-for-STM32/bin/../lib/gcc/arm-none-eabi/12.3.1/../../../../arm-none-eabi/lib/thumb/v7e-m+fp/hard/libc_nano.a(libc_a-mallocr.o)
                0x200008c0                __malloc_sbrk_start
 .bss.__malloc_free_list
                0x200008c4        0x4 /opt/ST/STM32CubeCLT_1.16.0/GNU-tools-for-STM32/bin/../lib/gcc/arm-none-eabi/12.3.1/../../../../arm-none-eabi/lib/thumb/v7e-m+fp/hard/libc_nano.a(libc_a-mallocr.o)
                0x200008c4                __malloc_free_list
 .bss.errno     0x200008c8        0x4 /opt/ST/STM32CubeCLT_1.16.0/GNU-tools-for-STM32/bin/../lib/gcc/arm-none-eabi/12.3.1/../../../../arm-none-eabi/lib/thumb/v7e-m+fp/hard/libc_nano.a(libc_a-reent.o)
                0x200008c8                errno
 .bss._ZN12_GLOBAL__N_110eh_globalsE
                0x200008cc        0xc /opt/ST/STM32CubeCLT_1.16.0/GNU-tools-for-STM32/bin/../lib/gcc/arm-none-eabi/12.3.1/../../../../arm-none-eabi/lib/thumb/v7e-m+fp/hard/libstdc++_nano.a(eh_globals.o)
 .bss._ZN12_GLOBAL__N_113__new_handlerE
                0x200008d8        0x4 /opt/ST/STM32CubeCLT_1.16.0/GNU-tools-for-STM32/bin/../lib/gcc/arm-none-eabi/12.3.1/../../../../arm-none-eabi/lib/thumb/v7e-m+fp/hard/libstdc++_nano.a(new_handler.o)
 *(COMMON)
                0x200008dc                        . = ALIGN (0x4)
                0x200008dc                        _ebss = .
                0x200008dc                        __bss_end__ = _ebss

._user_heap_stack
                0x200008dc      0x604 load address 0x08006398
                0x200008e0                        . = ALIGN (0x8)
 *fill*         0x200008dc        0x4 
                [!provide]                        PROVIDE (end = .)
                0x200008e0                        PROVIDE (_end = .)
                0x20000ae0                        . = (. + _Min_Heap_Size)
 *fill*         0x200008e0      0x200 
                0x20000ee0                        . = (. + _Min_Stack_Size)
 *fill*         0x20000ae0      0x400 
                0x20000ee0                        . = ALIGN (0x8)

/DISCARD/
 libc.a(*)
 libm.a(*)
 libgcc.a(*)

.ARM.attributes
                0x00000000       0x30
 *(.ARM.attributes)
 .ARM.attributes
                0x00000000       0x22 /opt/ST/STM32CubeCLT_1.16.0/GNU-tools-for-STM32/bin/../lib/gcc/arm-none-eabi/12.3.1/thumb/v7e-m+fp/hard/crti.o
 .ARM.attributes
                0x00000022       0x34 /opt/ST/STM32CubeCLT_1.16.0/GNU-tools-for-STM32/bin/../lib/gcc/arm-none-eabi/12.3.1/thumb/v7e-m+fp/hard/crtbegin.o
 .ARM.attributes
                0x00000056       0x34 build/main.o
 .ARM.attributes
                0x0000008a       0x34 build/gpio.o
 .ARM.attributes
                0x000000be       0x34 build/dma.o
 .ARM.attributes
                0x000000f2       0x34 build/tim.o
 .ARM.attributes
                0x00000126       0x34 build/usart.o
 .ARM.attributes
                0x0000015a       0x34 build/stm32f4xx_it.o
 .ARM.attributes
                0x0000018e       0x34 build/stm32f4xx_hal_msp.o
 .ARM.attributes
                0x000001c2       0x34 build/stm32f4xx_hal_tim.o
 .ARM.attributes
                0x000001f6       0x34 build/stm32f4xx_hal_tim_ex.o
 .ARM.attributes
                0x0000022a       0x34 build/stm32f4xx_hal_rcc.o
 .ARM.attributes
                0x0000025e       0x34 build/stm32f4xx_hal_rcc_ex.o
 .ARM.attributes
                0x00000292       0x34 build/stm32f4xx_hal_gpio.o
 .ARM.attributes
                0x000002c6       0x34 build/stm32f4xx_hal_dma.o
 .ARM.attributes
                0x000002fa       0x34 build/stm32f4xx_hal_pwr_ex.o
 .ARM.attributes
                0x0000032e       0x34 build/stm32f4xx_hal_cortex.o
 .ARM.attributes
                0x00000362       0x34 build/stm32f4xx_hal.o
 .ARM.attributes
                0x00000396       0x34 build/stm32f4xx_hal_uart.o
 .ARM.attributes
                0x000003ca       0x34 build/system_stm32f4xx.o
 .ARM.attributes
                0x000003fe       0x34 build/sysmem.o
 .ARM.attributes
                0x00000432       0x34 build/syscalls.o
 .ARM.attributes
                0x00000466       0x21 build/startup_stm32f446xx.o
 .ARM.attributes
                0x00000487       0x34 build/app.o
 .ARM.attributes
                0x000004bb       0x34 build/MyMath.o
 .ARM.attributes
                0x000004ef       0x34 build/Timer.o
 .ARM.attributes
                0x00000523       0x34 build/hardware.o
 .ARM.attributes
                0x00000557       0x34 /opt/ST/STM32CubeCLT_1.16.0/GNU-tools-for-STM32/bin/../lib/gcc/arm-none-eabi/12.3.1/../../../../arm-none-eabi/lib/thumb/v7e-m+fp/hard/libc_nano.a(libc_a-findfp.o)
 .ARM.attributes
                0x0000058b       0x34 /opt/ST/STM32CubeCLT_1.16.0/GNU-tools-for-STM32/bin/../lib/gcc/arm-none-eabi/12.3.1/../../../../arm-none-eabi/lib/thumb/v7e-m+fp/hard/libc_nano.a(libc_a-memset.o)
 .ARM.attributes
                0x000005bf       0x34 /opt/ST/STM32CubeCLT_1.16.0/GNU-tools-for-STM32/bin/../lib/gcc/arm-none-eabi/12.3.1/../../../../arm-none-eabi/lib/thumb/v7e-m+fp/hard/libc_nano.a(libc_a-impure.o)
 .ARM.attributes
                0x000005f3       0x34 /opt/ST/STM32CubeCLT_1.16.0/GNU-tools-for-STM32/bin/../lib/gcc/arm-none-eabi/12.3.1/../../../../arm-none-eabi/lib/thumb/v7e-m+fp/hard/libc_nano.a(libc_a-errno.o)
 .ARM.attributes
                0x00000627       0x34 /opt/ST/STM32CubeCLT_1.16.0/GNU-tools-for-STM32/bin/../lib/gcc/arm-none-eabi/12.3.1/../../../../arm-none-eabi/lib/thumb/v7e-m+fp/hard/libc_nano.a(libc_a-init.o)
 .ARM.attributes
                0x0000065b       0x34 /opt/ST/STM32CubeCLT_1.16.0/GNU-tools-for-STM32/bin/../lib/gcc/arm-none-eabi/12.3.1/../../../../arm-none-eabi/lib/thumb/v7e-m+fp/hard/libc_nano.a(libc_a-lock.o)
 .ARM.attributes
                0x0000068f       0x34 /opt/ST/STM32CubeCLT_1.16.0/GNU-tools-for-STM32/bin/../lib/gcc/arm-none-eabi/12.3.1/../../../../arm-none-eabi/lib/thumb/v7e-m+fp/hard/libc_nano.a(libc_a-aeabi_atexit.o)
 .ARM.attributes
                0x000006c3       0x34 /opt/ST/STM32CubeCLT_1.16.0/GNU-tools-for-STM32/bin/../lib/gcc/arm-none-eabi/12.3.1/../../../../arm-none-eabi/lib/thumb/v7e-m+fp/hard/libc_nano.a(libc_a-mallocr.o)
 .ARM.attributes
                0x000006f7       0x34 /opt/ST/STM32CubeCLT_1.16.0/GNU-tools-for-STM32/bin/../lib/gcc/arm-none-eabi/12.3.1/../../../../arm-none-eabi/lib/thumb/v7e-m+fp/hard/libc_nano.a(libc_a-mlock.o)
 .ARM.attributes
                0x0000072b       0x34 /opt/ST/STM32CubeCLT_1.16.0/GNU-tools-for-STM32/bin/../lib/gcc/arm-none-eabi/12.3.1/../../../../arm-none-eabi/lib/thumb/v7e-m+fp/hard/libc_nano.a(libc_a-reent.o)
 .ARM.attributes
                0x0000075f       0x34 /opt/ST/STM32CubeCLT_1.16.0/GNU-tools-for-STM32/bin/../lib/gcc/arm-none-eabi/12.3.1/../../../../arm-none-eabi/lib/thumb/v7e-m+fp/hard/libc_nano.a(libc_a-sbrkr.o)
 .ARM.attributes
                0x00000793       0x34 /opt/ST/STM32CubeCLT_1.16.0/GNU-tools-for-STM32/bin/../lib/gcc/arm-none-eabi/12.3.1/../../../../arm-none-eabi/lib/thumb/v7e-m+fp/hard/libc_nano.a(libc_a-cxa_atexit.o)
 .ARM.attributes
                0x000007c7       0x34 /opt/ST/STM32CubeCLT_1.16.0/GNU-tools-for-STM32/bin/../lib/gcc/arm-none-eabi/12.3.1/../../../../arm-none-eabi/lib/thumb/v7e-m+fp/hard/libc_nano.a(libc_a-freer.o)
 .ARM.attributes
                0x000007fb       0x34 /opt/ST/STM32CubeCLT_1.16.0/GNU-tools-for-STM32/bin/../lib/gcc/arm-none-eabi/12.3.1/../../../../arm-none-eabi/lib/thumb/v7e-m+fp/hard/libstdc++_nano.a(del_opv.o)
 .ARM.attributes
                0x0000082f       0x34 /opt/ST/STM32CubeCLT_1.16.0/GNU-tools-for-STM32/bin/../lib/gcc/arm-none-eabi/12.3.1/../../../../arm-none-eabi/lib/thumb/v7e-m+fp/hard/libstdc++_nano.a(eh_arm.o)
 .ARM.attributes
                0x00000863       0x34 /opt/ST/STM32CubeCLT_1.16.0/GNU-tools-for-STM32/bin/../lib/gcc/arm-none-eabi/12.3.1/../../../../arm-none-eabi/lib/thumb/v7e-m+fp/hard/libstdc++_nano.a(eh_exception.o)
 .ARM.attributes
                0x00000897       0x34 /opt/ST/STM32CubeCLT_1.16.0/GNU-tools-for-STM32/bin/../lib/gcc/arm-none-eabi/12.3.1/../../../../arm-none-eabi/lib/thumb/v7e-m+fp/hard/libstdc++_nano.a(eh_globals.o)
 .ARM.attributes
                0x000008cb       0x34 /opt/ST/STM32CubeCLT_1.16.0/GNU-tools-for-STM32/bin/../lib/gcc/arm-none-eabi/12.3.1/../../../../arm-none-eabi/lib/thumb/v7e-m+fp/hard/libstdc++_nano.a(eh_personality.o)
 .ARM.attributes
                0x000008ff       0x34 /opt/ST/STM32CubeCLT_1.16.0/GNU-tools-for-STM32/bin/../lib/gcc/arm-none-eabi/12.3.1/../../../../arm-none-eabi/lib/thumb/v7e-m+fp/hard/libstdc++_nano.a(eh_terminate.o)
 .ARM.attributes
                0x00000933       0x34 /opt/ST/STM32CubeCLT_1.16.0/GNU-tools-for-STM32/bin/../lib/gcc/arm-none-eabi/12.3.1/../../../../arm-none-eabi/lib/thumb/v7e-m+fp/hard/libstdc++_nano.a(eh_unex_handler.o)
 .ARM.attributes
                0x00000967       0x34 /opt/ST/STM32CubeCLT_1.16.0/GNU-tools-for-STM32/bin/../lib/gcc/arm-none-eabi/12.3.1/../../../../arm-none-eabi/lib/thumb/v7e-m+fp/hard/libstdc++_nano.a(new_opv.o)
 .ARM.attributes
                0x0000099b       0x34 /opt/ST/STM32CubeCLT_1.16.0/GNU-tools-for-STM32/bin/../lib/gcc/arm-none-eabi/12.3.1/../../../../arm-none-eabi/lib/thumb/v7e-m+fp/hard/libstdc++_nano.a(si_class_type_info.o)
 .ARM.attributes
                0x000009cf       0x34 /opt/ST/STM32CubeCLT_1.16.0/GNU-tools-for-STM32/bin/../lib/gcc/arm-none-eabi/12.3.1/../../../../arm-none-eabi/lib/thumb/v7e-m+fp/hard/libstdc++_nano.a(tinfo.o)
 .ARM.attributes
                0x00000a03       0x34 /opt/ST/STM32CubeCLT_1.16.0/GNU-tools-for-STM32/bin/../lib/gcc/arm-none-eabi/12.3.1/../../../../arm-none-eabi/lib/thumb/v7e-m+fp/hard/libstdc++_nano.a(class_type_info.o)
 .ARM.attributes
                0x00000a37       0x34 /opt/ST/STM32CubeCLT_1.16.0/GNU-tools-for-STM32/bin/../lib/gcc/arm-none-eabi/12.3.1/../../../../arm-none-eabi/lib/thumb/v7e-m+fp/hard/libstdc++_nano.a(del_op.o)
 .ARM.attributes
                0x00000a6b       0x34 /opt/ST/STM32CubeCLT_1.16.0/GNU-tools-for-STM32/bin/../lib/gcc/arm-none-eabi/12.3.1/../../../../arm-none-eabi/lib/thumb/v7e-m+fp/hard/libstdc++_nano.a(del_ops.o)
 .ARM.attributes
                0x00000a9f       0x34 /opt/ST/STM32CubeCLT_1.16.0/GNU-tools-for-STM32/bin/../lib/gcc/arm-none-eabi/12.3.1/../../../../arm-none-eabi/lib/thumb/v7e-m+fp/hard/libstdc++_nano.a(eh_call.o)
 .ARM.attributes
                0x00000ad3       0x34 /opt/ST/STM32CubeCLT_1.16.0/GNU-tools-for-STM32/bin/../lib/gcc/arm-none-eabi/12.3.1/../../../../arm-none-eabi/lib/thumb/v7e-m+fp/hard/libstdc++_nano.a(eh_catch.o)
 .ARM.attributes
                0x00000b07       0x34 /opt/ST/STM32CubeCLT_1.16.0/GNU-tools-for-STM32/bin/../lib/gcc/arm-none-eabi/12.3.1/../../../../arm-none-eabi/lib/thumb/v7e-m+fp/hard/libstdc++_nano.a(eh_term_handler.o)
 .ARM.attributes
                0x00000b3b       0x34 /opt/ST/STM32CubeCLT_1.16.0/GNU-tools-for-STM32/bin/../lib/gcc/arm-none-eabi/12.3.1/../../../../arm-none-eabi/lib/thumb/v7e-m+fp/hard/libstdc++_nano.a(new_op.o)
 .ARM.attributes
                0x00000b6f       0x34 /opt/ST/STM32CubeCLT_1.16.0/GNU-tools-for-STM32/bin/../lib/gcc/arm-none-eabi/12.3.1/../../../../arm-none-eabi/lib/thumb/v7e-m+fp/hard/libstdc++_nano.a(new_handler.o)
 .ARM.attributes
                0x00000ba3       0x22 /opt/ST/STM32CubeCLT_1.16.0/GNU-tools-for-STM32/bin/../lib/gcc/arm-none-eabi/12.3.1/thumb/v7e-m+fp/hard/libgcc.a(_arm_addsubdf3.o)
 .ARM.attributes
                0x00000bc5       0x22 /opt/ST/STM32CubeCLT_1.16.0/GNU-tools-for-STM32/bin/../lib/gcc/arm-none-eabi/12.3.1/thumb/v7e-m+fp/hard/libgcc.a(_arm_muldivdf3.o)
 .ARM.attributes
                0x00000be7       0x22 /opt/ST/STM32CubeCLT_1.16.0/GNU-tools-for-STM32/bin/../lib/gcc/arm-none-eabi/12.3.1/thumb/v7e-m+fp/hard/libgcc.a(_arm_fixdfsi.o)
 .ARM.attributes
                0x00000c09       0x22 /opt/ST/STM32CubeCLT_1.16.0/GNU-tools-for-STM32/bin/../lib/gcc/arm-none-eabi/12.3.1/thumb/v7e-m+fp/hard/libgcc.a(_arm_fixunsdfsi.o)
 .ARM.attributes
                0x00000c2b       0x22 /opt/ST/STM32CubeCLT_1.16.0/GNU-tools-for-STM32/bin/../lib/gcc/arm-none-eabi/12.3.1/thumb/v7e-m+fp/hard/libgcc.a(_aeabi_uldivmod.o)
 .ARM.attributes
                0x00000c4d       0x34 /opt/ST/STM32CubeCLT_1.16.0/GNU-tools-for-STM32/bin/../lib/gcc/arm-none-eabi/12.3.1/thumb/v7e-m+fp/hard/libgcc.a(_udivmoddi4.o)
 .ARM.attributes
                0x00000c81       0x34 /opt/ST/STM32CubeCLT_1.16.0/GNU-tools-for-STM32/bin/../lib/gcc/arm-none-eabi/12.3.1/thumb/v7e-m+fp/hard/libgcc.a(unwind-arm.o)
 .ARM.attributes
                0x00000cb5       0x22 /opt/ST/STM32CubeCLT_1.16.0/GNU-tools-for-STM32/bin/../lib/gcc/arm-none-eabi/12.3.1/thumb/v7e-m+fp/hard/libgcc.a(libunwind.o)
 .ARM.attributes
                0x00000cd7       0x34 /opt/ST/STM32CubeCLT_1.16.0/GNU-tools-for-STM32/bin/../lib/gcc/arm-none-eabi/12.3.1/thumb/v7e-m+fp/hard/libgcc.a(pr-support.o)
 .ARM.attributes
                0x00000d0b       0x22 /opt/ST/STM32CubeCLT_1.16.0/GNU-tools-for-STM32/bin/../lib/gcc/arm-none-eabi/12.3.1/thumb/v7e-m+fp/hard/libgcc.a(_dvmd_tls.o)
 .ARM.attributes
                0x00000d2d       0x34 /opt/ST/STM32CubeCLT_1.16.0/GNU-tools-for-STM32/bin/../lib/gcc/arm-none-eabi/12.3.1/../../../../arm-none-eabi/lib/thumb/v7e-m+fp/hard/libc_nano.a(libc_a-abort.o)
 .ARM.attributes
                0x00000d61       0x34 /opt/ST/STM32CubeCLT_1.16.0/GNU-tools-for-STM32/bin/../lib/gcc/arm-none-eabi/12.3.1/../../../../arm-none-eabi/lib/thumb/v7e-m+fp/hard/libc_nano.a(libc_a-malloc.o)
 .ARM.attributes
                0x00000d95       0x34 /opt/ST/STM32CubeCLT_1.16.0/GNU-tools-for-STM32/bin/../lib/gcc/arm-none-eabi/12.3.1/../../../../arm-none-eabi/lib/thumb/v7e-m+fp/hard/libc_nano.a(libc_a-signal.o)
 .ARM.attributes
                0x00000dc9       0x34 /opt/ST/STM32CubeCLT_1.16.0/GNU-tools-for-STM32/bin/../lib/gcc/arm-none-eabi/12.3.1/../../../../arm-none-eabi/lib/thumb/v7e-m+fp/hard/libc_nano.a(libc_a-signalr.o)
 .ARM.attributes
                0x00000dfd       0x34 /opt/ST/STM32CubeCLT_1.16.0/GNU-tools-for-STM32/bin/../lib/gcc/arm-none-eabi/12.3.1/../../../../arm-none-eabi/lib/thumb/v7e-m+fp/hard/libc_nano.a(libc_a-memcpy-stub.o)
 .ARM.attributes
                0x00000e31       0x20 /opt/ST/STM32CubeCLT_1.16.0/GNU-tools-for-STM32/bin/../lib/gcc/arm-none-eabi/12.3.1/../../../../arm-none-eabi/lib/thumb/v7e-m+fp/hard/libc_nano.a(libc_a-strcmp.o)
 .ARM.attributes
                0x00000e51       0x22 /opt/ST/STM32CubeCLT_1.16.0/GNU-tools-for-STM32/bin/../lib/gcc/arm-none-eabi/12.3.1/thumb/v7e-m+fp/hard/crtn.o
OUTPUT(build/F446RE_cam.elf elf32-littlearm)
LOAD linker stubs
LOAD /opt/ST/STM32CubeCLT_1.16.0/GNU-tools-for-STM32/bin/../lib/gcc/arm-none-eabi/12.3.1/../../../../arm-none-eabi/lib/thumb/v7e-m+fp/hard/libc.a
LOAD /opt/ST/STM32CubeCLT_1.16.0/GNU-tools-for-STM32/bin/../lib/gcc/arm-none-eabi/12.3.1/../../../../arm-none-eabi/lib/thumb/v7e-m+fp/hard/libm.a
LOAD /opt/ST/STM32CubeCLT_1.16.0/GNU-tools-for-STM32/bin/../lib/gcc/arm-none-eabi/12.3.1/thumb/v7e-m+fp/hard/libgcc.a

.debug_info     0x00000000    0x1b455
 .debug_info    0x00000000      0x79d build/main.o
 .debug_info    0x0000079d      0x369 build/gpio.o
 .debug_info    0x00000b06      0x7b2 build/dma.o
 .debug_info    0x000012b8      0xf4f build/tim.o
 .debug_info    0x00002207     0x1582 build/usart.o
 .debug_info    0x00003789      0xa3a build/stm32f4xx_it.o
 .debug_info    0x000041c3      0x32f build/stm32f4xx_hal_msp.o
 .debug_info    0x000044f2     0x412d build/stm32f4xx_hal_tim.o
 .debug_info    0x0000861f     0x1d81 build/stm32f4xx_hal_tim_ex.o
 .debug_info    0x0000a3a0      0xc5d build/stm32f4xx_hal_rcc.o
 .debug_info    0x0000affd      0xdd1 build/stm32f4xx_hal_rcc_ex.o
 .debug_info    0x0000bdce      0x8ac build/stm32f4xx_hal_gpio.o
 .debug_info    0x0000c67a      0xbce build/stm32f4xx_hal_dma.o
 .debug_info    0x0000d248      0x87d build/stm32f4xx_hal_pwr_ex.o
 .debug_info    0x0000dac5     0x11c4 build/stm32f4xx_hal_cortex.o
 .debug_info    0x0000ec89      0xb5c build/stm32f4xx_hal.o
 .debug_info    0x0000f7e5     0x436c build/stm32f4xx_hal_uart.o
 .debug_info    0x00013b51      0x5f7 build/system_stm32f4xx.o
 .debug_info    0x00014148      0x18c build/sysmem.o
 .debug_info    0x000142d4      0x841 build/syscalls.o
 .debug_info    0x00014b15       0x30 build/startup_stm32f446xx.o
 .debug_info    0x00014b45     0x24a5 build/app.o
 .debug_info    0x00016fea     0x140c build/MyMath.o
 .debug_info    0x000183f6      0x66a build/Timer.o
 .debug_info    0x00018a60     0x29f5 build/hardware.o

.debug_abbrev   0x00000000     0x39cc
 .debug_abbrev  0x00000000      0x219 build/main.o
 .debug_abbrev  0x00000219       0xd3 build/gpio.o
 .debug_abbrev  0x000002ec      0x12f build/dma.o
 .debug_abbrev  0x0000041b      0x258 build/tim.o
 .debug_abbrev  0x00000673      0x281 build/usart.o
 .debug_abbrev  0x000008f4      0x18e build/stm32f4xx_it.o
 .debug_abbrev  0x00000a82       0xd3 build/stm32f4xx_hal_msp.o
 .debug_abbrev  0x00000b55      0x2bd build/stm32f4xx_hal_tim.o
 .debug_abbrev  0x00000e12      0x2b7 build/stm32f4xx_hal_tim_ex.o
 .debug_abbrev  0x000010c9      0x2de build/stm32f4xx_hal_rcc.o
 .debug_abbrev  0x000013a7      0x25f build/stm32f4xx_hal_rcc_ex.o
 .debug_abbrev  0x00001606      0x22b build/stm32f4xx_hal_gpio.o
 .debug_abbrev  0x00001831      0x2fe build/stm32f4xx_hal_dma.o
 .debug_abbrev  0x00001b2f      0x1e0 build/stm32f4xx_hal_pwr_ex.o
 .debug_abbrev  0x00001d0f      0x3ca build/stm32f4xx_hal_cortex.o
 .debug_abbrev  0x000020d9      0x244 build/stm32f4xx_hal.o
 .debug_abbrev  0x0000231d      0x36f build/stm32f4xx_hal_uart.o
 .debug_abbrev  0x0000268c      0x11b build/system_stm32f4xx.o
 .debug_abbrev  0x000027a7       0xeb build/sysmem.o
 .debug_abbrev  0x00002892      0x1e0 build/syscalls.o
 .debug_abbrev  0x00002a72       0x1d build/startup_stm32f446xx.o
 .debug_abbrev  0x00002a8f      0x50e build/app.o
 .debug_abbrev  0x00002f9d      0x2ea build/MyMath.o
 .debug_abbrev  0x00003287      0x227 build/Timer.o
 .debug_abbrev  0x000034ae      0x51e build/hardware.o

.debug_loc      0x00000000    0x12800
 .debug_loc     0x00000000       0x66 build/main.o
 .debug_loc     0x00000066       0x2c build/gpio.o
 .debug_loc     0x00000092       0x38 build/dma.o
 .debug_loc     0x000000ca      0x163 build/tim.o
 .debug_loc     0x0000022d      0x24e build/usart.o
 .debug_loc     0x0000047b      0x200 build/stm32f4xx_it.o
 .debug_loc     0x0000067b       0x2c build/stm32f4xx_hal_msp.o
 .debug_loc     0x000006a7     0x5c3b build/stm32f4xx_hal_tim.o
 .debug_loc     0x000062e2     0x2168 build/stm32f4xx_hal_tim_ex.o
 .debug_loc     0x0000844a      0x6e4 build/stm32f4xx_hal_rcc.o
 .debug_loc     0x00008b2e     0x100b build/stm32f4xx_hal_rcc_ex.o
 .debug_loc     0x00009b39      0x5db build/stm32f4xx_hal_gpio.o
 .debug_loc     0x0000a114      0xd6d build/stm32f4xx_hal_dma.o
 .debug_loc     0x0000ae81      0x350 build/stm32f4xx_hal_pwr_ex.o
 .debug_loc     0x0000b1d1      0x7c7 build/stm32f4xx_hal_cortex.o
 .debug_loc     0x0000b998      0x1e1 build/stm32f4xx_hal.o
 .debug_loc     0x0000bb79     0x4d3f build/stm32f4xx_hal_uart.o
 .debug_loc     0x000108b8      0x158 build/system_stm32f4xx.o
 .debug_loc     0x00010a10       0x84 build/sysmem.o
 .debug_loc     0x00010a94      0x511 build/syscalls.o
 .debug_loc     0x00010fa5      0x5d4 build/app.o
 .debug_loc     0x00011579      0x795 build/MyMath.o
 .debug_loc     0x00011d0e      0x2ec build/Timer.o
 .debug_loc     0x00011ffa      0x806 build/hardware.o

.debug_aranges  0x00000000     0x1030
 .debug_aranges
                0x00000000       0x30 build/main.o
 .debug_aranges
                0x00000030       0x20 build/gpio.o
 .debug_aranges
                0x00000050       0x20 build/dma.o
 .debug_aranges
                0x00000070       0x40 build/tim.o
 .debug_aranges
                0x000000b0       0x50 build/usart.o
 .debug_aranges
                0x00000100       0xd8 build/stm32f4xx_it.o
 .debug_aranges
                0x000001d8       0x20 build/stm32f4xx_hal_msp.o
 .debug_aranges
                0x000001f8      0x3d0 build/stm32f4xx_hal_tim.o
 .debug_aranges
                0x000005c8      0x168 build/stm32f4xx_hal_tim_ex.o
 .debug_aranges