Archive member included to satisfy reference by file (symbol)

/opt/ST/STM32CubeCLT_1.17.0/GNU-tools-for-STM32/bin/../lib/gcc/arm-none-eabi/12.3.1/../../../../arm-none-eabi/lib/thumb/v7e-m+fp/hard/libc_nano.a(libc_a-exit.o)
                              /opt/ST/STM32CubeCLT_1.17.0/GNU-tools-for-STM32/bin/../lib/gcc/arm-none-eabi/12.3.1/../../../../arm-none-eabi/lib/thumb/v7e-m+fp/hard/crt0.o (exit)
/opt/ST/STM32CubeCLT_1.17.0/GNU-tools-for-STM32/bin/../lib/gcc/arm-none-eabi/12.3.1/../../../../arm-none-eabi/lib/thumb/v7e-m+fp/hard/libc_nano.a(libc_a-findfp.o)
                              /opt/ST/STM32CubeCLT_1.17.0/GNU-tools-for-STM32/bin/../lib/gcc/arm-none-eabi/12.3.1/../../../../arm-none-eabi/lib/thumb/v7e-m+fp/hard/libc_nano.a(libc_a-exit.o) (__stdio_exit_handler)
/opt/ST/STM32CubeCLT_1.17.0/GNU-tools-for-STM32/bin/../lib/gcc/arm-none-eabi/12.3.1/../../../../arm-none-eabi/lib/thumb/v7e-m+fp/hard/libc_nano.a(libc_a-fwalk.o)
                              /opt/ST/STM32CubeCLT_1.17.0/GNU-tools-for-STM32/bin/../lib/gcc/arm-none-eabi/12.3.1/../../../../arm-none-eabi/lib/thumb/v7e-m+fp/hard/libc_nano.a(libc_a-findfp.o) (_fwalk_sglue)
/opt/ST/STM32CubeCLT_1.17.0/GNU-tools-for-STM32/bin/../lib/gcc/arm-none-eabi/12.3.1/../../../../arm-none-eabi/lib/thumb/v7e-m+fp/hard/libc_nano.a(libc_a-memset.o)
                              /opt/ST/STM32CubeCLT_1.17.0/GNU-tools-for-STM32/bin/../lib/gcc/arm-none-eabi/12.3.1/../../../../arm-none-eabi/lib/thumb/v7e-m+fp/hard/crt0.o (memset)
/opt/ST/STM32CubeCLT_1.17.0/GNU-tools-for-STM32/bin/../lib/gcc/arm-none-eabi/12.3.1/../../../../arm-none-eabi/lib/thumb/v7e-m+fp/hard/libc_nano.a(libc_a-impure.o)
                              /opt/ST/STM32CubeCLT_1.17.0/GNU-tools-for-STM32/bin/../lib/gcc/arm-none-eabi/12.3.1/../../../../arm-none-eabi/lib/thumb/v7e-m+fp/hard/libc_nano.a(libc_a-findfp.o) (_impure_data)
/opt/ST/STM32CubeCLT_1.17.0/GNU-tools-for-STM32/bin/../lib/gcc/arm-none-eabi/12.3.1/../../../../arm-none-eabi/lib/thumb/v7e-m+fp/hard/libc_nano.a(libc_a-errno.o)
                              build/sysmem.o (__errno)
/opt/ST/STM32CubeCLT_1.17.0/GNU-tools-for-STM32/bin/../lib/gcc/arm-none-eabi/12.3.1/../../../../arm-none-eabi/lib/thumb/v7e-m+fp/hard/libc_nano.a(libc_a-init.o)
                              /opt/ST/STM32CubeCLT_1.17.0/GNU-tools-for-STM32/bin/../lib/gcc/arm-none-eabi/12.3.1/../../../../arm-none-eabi/lib/thumb/v7e-m+fp/hard/crt0.o (__libc_init_array)
/opt/ST/STM32CubeCLT_1.17.0/GNU-tools-for-STM32/bin/../lib/gcc/arm-none-eabi/12.3.1/../../../../arm-none-eabi/lib/thumb/v7e-m+fp/hard/libc_nano.a(libc_a-lock.o)
                              /opt/ST/STM32CubeCLT_1.17.0/GNU-tools-for-STM32/bin/../lib/gcc/arm-none-eabi/12.3.1/../../../../arm-none-eabi/lib/thumb/v7e-m+fp/hard/libc_nano.a(libc_a-findfp.o) (__retarget_lock_init_recursive)
/opt/ST/STM32CubeCLT_1.17.0/GNU-tools-for-STM32/bin/../lib/gcc/arm-none-eabi/12.3.1/../../../../arm-none-eabi/lib/thumb/v7e-m+fp/hard/libc_nano.a(libc_a-aeabi_atexit.o)
                              build/app.o (__aeabi_atexit)
/opt/ST/STM32CubeCLT_1.17.0/GNU-tools-for-STM32/bin/../lib/gcc/arm-none-eabi/12.3.1/../../../../arm-none-eabi/lib/thumb/v7e-m+fp/hard/libc_nano.a(libc_a-mallocr.o)
                              /opt/ST/STM32CubeCLT_1.17.0/GNU-tools-for-STM32/bin/../lib/gcc/arm-none-eabi/12.3.1/../../../../arm-none-eabi/lib/thumb/v7e-m+fp/hard/libc_nano.a(libc_a-findfp.o) (_malloc_r)
/opt/ST/STM32CubeCLT_1.17.0/GNU-tools-for-STM32/bin/../lib/gcc/arm-none-eabi/12.3.1/../../../../arm-none-eabi/lib/thumb/v7e-m+fp/hard/libc_nano.a(libc_a-fflush.o)
                              /opt/ST/STM32CubeCLT_1.17.0/GNU-tools-for-STM32/bin/../lib/gcc/arm-none-eabi/12.3.1/../../../../arm-none-eabi/lib/thumb/v7e-m+fp/hard/libc_nano.a(libc_a-findfp.o) (_fflush_r)
/opt/ST/STM32CubeCLT_1.17.0/GNU-tools-for-STM32/bin/../lib/gcc/arm-none-eabi/12.3.1/../../../../arm-none-eabi/lib/thumb/v7e-m+fp/hard/libc_nano.a(libc_a-mlock.o)
                              /opt/ST/STM32CubeCLT_1.17.0/GNU-tools-for-STM32/bin/../lib/gcc/arm-none-eabi/12.3.1/../../../../arm-none-eabi/lib/thumb/v7e-m+fp/hard/libc_nano.a(libc_a-mallocr.o) (__malloc_lock)
/opt/ST/STM32CubeCLT_1.17.0/GNU-tools-for-STM32/bin/../lib/gcc/arm-none-eabi/12.3.1/../../../../arm-none-eabi/lib/thumb/v7e-m+fp/hard/libc_nano.a(libc_a-stdio.o)
                              /opt/ST/STM32CubeCLT_1.17.0/GNU-tools-for-STM32/bin/../lib/gcc/arm-none-eabi/12.3.1/../../../../arm-none-eabi/lib/thumb/v7e-m+fp/hard/libc_nano.a(libc_a-findfp.o) (__sread)
/opt/ST/STM32CubeCLT_1.17.0/GNU-tools-for-STM32/bin/../lib/gcc/arm-none-eabi/12.3.1/../../../../arm-none-eabi/lib/thumb/v7e-m+fp/hard/libc_nano.a(libc_a-closer.o)
                              /opt/ST/STM32CubeCLT_1.17.0/GNU-tools-for-STM32/bin/../lib/gcc/arm-none-eabi/12.3.1/../../../../arm-none-eabi/lib/thumb/v7e-m+fp/hard/libc_nano.a(libc_a-stdio.o) (_close_r)
[...]
Memory Configuration

Name             Origin             Length             Attributes
RAM              0x20000000         0x00020000         xrw
FLASH            0x08000000         0x00080000         xr
*default*        0x00000000         0xffffffff

Linker script and memory map

LOAD /opt/ST/STM32CubeCLT_1.17.0/GNU-tools-for-STM32/bin/../lib/gcc/arm-none-eabi/12.3.1/thumb/v7e-m+fp/hard/crti.o
LOAD /opt/ST/STM32CubeCLT_1.17.0/GNU-tools-for-STM32/bin/../lib/gcc/arm-none-eabi/12.3.1/thumb/v7e-m+fp/hard/crtbegin.o
LOAD /opt/ST/STM32CubeCLT_1.17.0/GNU-tools-for-STM32/bin/../lib/gcc/arm-none-eabi/12.3.1/../../../../arm-none-eabi/lib/thumb/v7e-m+fp/hard/crt0.o
LOAD build/main.o
LOAD build/gpio.o
LOAD build/adc.o
LOAD build/tim.o
LOAD build/stm32f4xx_it.o
LOAD build/stm32f4xx_hal_msp.o
LOAD build/stm32f4xx_hal_adc.o
LOAD build/stm32f4xx_hal_adc_ex.o
LOAD build/stm32f4xx_ll_adc.o
LOAD build/stm32f4xx_hal_rcc.o
LOAD build/stm32f4xx_hal_rcc_ex.o
LOAD build/stm32f4xx_hal_flash.o
LOAD build/stm32f4xx_hal_flash_ex.o
LOAD build/stm32f4xx_hal_flash_ramfunc.o
LOAD build/stm32f4xx_hal_gpio.o
LOAD build/stm32f4xx_hal_dma_ex.o
LOAD build/stm32f4xx_hal_dma.o
LOAD build/stm32f4xx_hal_pwr.o
LOAD build/stm32f4xx_hal_pwr_ex.o
LOAD build/stm32f4xx_hal_cortex.o
LOAD build/stm32f4xx_hal.o
LOAD build/stm32f4xx_hal_exti.o
LOAD build/stm32f4xx_hal_tim.o
LOAD build/stm32f4xx_hal_tim_ex.o
LOAD build/system_stm32f4xx.o
LOAD build/sysmem.o
LOAD build/syscalls.o
LOAD build/dma.o
LOAD build/usart.o
LOAD build/stm32f4xx_hal_uart.o
LOAD build/startup_stm32f446xx.o
LOAD build/capture_ball.o
LOAD build/app.o
LOAD build/main_mode.o
LOAD build/MovingAve.o
LOAD build/MyMath.o
LOAD build/pid.o
LOAD build/Timer.o
LOAD build/defence.o
LOAD build/offence.o
LOAD build/on_line.o
LOAD build/dribbler_drive.o
LOAD build/kicker.o
LOAD build/motor_drive.o
LOAD build/robot.o
LOAD /opt/ST/STM32CubeCLT_1.17.0/GNU-tools-for-STM32/bin/../lib/gcc/arm-none-eabi/12.3.1/../../../../arm-none-eabi/lib/thumb/v7e-m+fp/hard/libc_nano.a
LOAD /opt/ST/STM32CubeCLT_1.17.0/GNU-tools-for-STM32/bin/../lib/gcc/arm-none-eabi/12.3.1/../../../../arm-none-eabi/lib/thumb/v7e-m+fp/hard/libm.a
LOAD /opt/ST/STM32CubeCLT_1.17.0/GNU-tools-for-STM32/bin/../lib/gcc/arm-none-eabi/12.3.1/../../../../arm-none-eabi/lib/thumb/v7e-m+fp/hard/libnosys.a
LOAD /opt/ST/STM32CubeCLT_1.17.0/GNU-tools-for-STM32/bin/../lib/gcc/arm-none-eabi/12.3.1/../../../../arm-none-eabi/lib/thumb/v7e-m+fp/hard/libstdc++_nano.a
LOAD /opt/ST/STM32CubeCLT_1.17.0/GNU-tools-for-STM32/bin/../lib/gcc/arm-none-eabi/12.3.1/../../../../arm-none-eabi/lib/thumb/v7e-m+fp/hard/libsupc++_nano.a
LOAD /opt/ST/STM32CubeCLT_1.17.0/GNU-tools-for-STM32/bin/../lib/gcc/arm-none-eabi/12.3.1/thumb/v7e-m+fp/hard/libgcc.a
START GROUP
LOAD /opt/ST/STM32CubeCLT_1.17.0/GNU-tools-for-STM32/bin/../lib/gcc/arm-none-eabi/12.3.1/thumb/v7e-m+fp/hard/libgcc.a
LOAD /opt/ST/STM32CubeCLT_1.17.0/GNU-tools-for-STM32/bin/../lib/gcc/arm-none-eabi/12.3.1/../../../../arm-none-eabi/lib/thumb/v7e-m+fp/hard/libc_nano.a
END GROUP
START GROUP
LOAD /opt/ST/STM32CubeCLT_1.17.0/GNU-tools-for-STM32/bin/../lib/gcc/arm-none-eabi/12.3.1/thumb/v7e-m+fp/hard/libgcc.a
LOAD /opt/ST/STM32CubeCLT_1.17.0/GNU-tools-for-STM32/bin/../lib/gcc/arm-none-eabi/12.3.1/../../../../arm-none-eabi/lib/thumb/v7e-m+fp/hard/libc_nano.a
END GROUP
LOAD /opt/ST/STM32CubeCLT_1.17.0/GNU-tools-for-STM32/bin/../lib/gcc/arm-none-eabi/12.3.1/thumb/v7e-m+fp/hard/crtend.o
LOAD /opt/ST/STM32CubeCLT_1.17.0/GNU-tools-for-STM32/bin/../lib/gcc/arm-none-eabi/12.3.1/thumb/v7e-m+fp/hard/crtn.o
                0x20020000                        _estack = (ORIGIN (RAM) + LENGTH (RAM))
                0x00000200                        _Min_Heap_Size = 0x200
                0x00000400                        _Min_Stack_Size = 0x400

.isr_vector     0x08000000      0x1c4
                0x08000000                        . = ALIGN (0x4)
 *(.isr_vector)
 .isr_vector    0x08000000      0x1c4 build/startup_stm32f446xx.o
                0x08000000                g_pfnVectors
                0x080001c4                        . = ALIGN (0x4)

.text           0x080001c8     0xa858
                0x080001c8                        . = ALIGN (0x4)
 *(.text)
 .text          0x080001c8       0x40 /opt/ST/STM32CubeCLT_1.17.0/GNU-tools-for-STM32/bin/../lib/gcc/arm-none-eabi/12.3.1/thumb/v7e-m+fp/hard/crtbegin.o
 .text          0x08000208      0x378 /opt/ST/STM32CubeCLT_1.17.0/GNU-tools-for-STM32/bin/../lib/gcc/arm-none-eabi/12.3.1/thumb/v7e-m+fp/hard/libgcc.a(_arm_addsubdf3.o)
                0x08000208                __aeabi_drsub
                0x08000210                __subdf3
                0x08000210                __aeabi_dsub
                0x08000214                __aeabi_dadd
                0x08000214                __adddf3
                0x0800048c                __aeabi_ui2d
                0x0800048c                __floatunsidf
                0x080004ac                __floatsidf
                0x080004ac                __aeabi_i2d
                0x080004d0                __extendsfdf2
                0x080004d0                __aeabi_f2d
                0x08000514                __aeabi_ul2d
                0x08000514                __floatundidf
                0x08000524                __aeabi_l2d
                0x08000524                __floatdidf
 .text          0x08000580      0x424 /opt/ST/STM32CubeCLT_1.17.0/GNU-tools-for-STM32/bin/../lib/gcc/arm-none-eabi/12.3.1/thumb/v7e-m+fp/hard/libgcc.a(_arm_muldivdf3.o)
                0x08000580                __aeabi_dmul
                0x08000580                __muldf3
                0x080007d4                __aeabi_ddiv
                0x080007d4                __divdf3
 .text          0x080009a4      0x110 /opt/ST/STM32CubeCLT_1.17.0/GNU-tools-for-STM32/bin/../lib/gcc/arm-none-eabi/12.3.1/thumb/v7e-m+fp/hard/libgcc.a(_arm_cmpdf2.o)
                0x080009a4                __gedf2
                0x080009a4                __gtdf2
                0x080009ac                __ledf2
                0x080009ac                __ltdf2
                0x080009b4                __cmpdf2
                0x080009b4                __eqdf2
                0x080009b4                __nedf2
                0x08000a30                __aeabi_cdrcmple
                0x08000a40                __aeabi_cdcmple
                0x08000a40                __aeabi_cdcmpeq
                0x08000a50                __aeabi_dcmpeq
                0x08000a64                __aeabi_dcmplt
                0x08000a78                __aeabi_dcmple
                0x08000a8c                __aeabi_dcmpge
                0x08000aa0                __aeabi_dcmpgt
 .text          0x08000ab4       0x2c /opt/ST/STM32CubeCLT_1.17.0/GNU-tools-for-STM32/bin/../lib/gcc/arm-none-eabi/12.3.1/thumb/v7e-m+fp/hard/libgcc.a(_arm_unorddf2.o)
                0x08000ab4                __aeabi_dcmpun
                0x08000ab4                __unorddf2
 .text          0x08000ae0       0x50 /opt/ST/STM32CubeCLT_1.17.0/GNU-tools-for-STM32/bin/../lib/gcc/arm-none-eabi/12.3.1/thumb/v7e-m+fp/hard/libgcc.a(_arm_fixdfsi.o)
                0x08000ae0                __fixdfsi
                0x08000ae0                __aeabi_d2iz
 .text          0x08000b30       0x40 /opt/ST/STM32CubeCLT_1.17.0/GNU-tools-for-STM32/bin/../lib/gcc/arm-none-eabi/12.3.1/thumb/v7e-m+fp/hard/libgcc.a(_arm_fixunsdfsi.o)
                0x08000b30                __fixunsdfsi
                0x08000b30                __aeabi_d2uiz
 .text          0x08000b70       0xa0 /opt/ST/STM32CubeCLT_1.17.0/GNU-tools-for-STM32/bin/../lib/gcc/arm-none-eabi/12.3.1/thumb/v7e-m+fp/hard/libgcc.a(_arm_truncdfsf2.o)
                0x08000b70                __aeabi_d2f
                0x08000b70                __truncdfsf2
 .text          0x08000c10       0x30 /opt/ST/STM32CubeCLT_1.17.0/GNU-tools-for-STM32/bin/../lib/gcc/arm-none-eabi/12.3.1/thumb/v7e-m+fp/hard/libgcc.a(_aeabi_uldivmod.o)
                0x08000c10                __aeabi_uldivmod
 .text          0x08000c40      0x2bc /opt/ST/STM32CubeCLT_1.17.0/GNU-tools-for-STM32/bin/../lib/gcc/arm-none-eabi/12.3.1/thumb/v7e-m+fp/hard/libgcc.a(_udivmoddi4.o)
                0x08000c40                __udivmoddi4
 .text          0x08000efc      0x9f4 /opt/ST/STM32CubeCLT_1.17.0/GNU-tools-for-STM32/bin/../lib/gcc/arm-none-eabi/12.3.1/thumb/v7e-m+fp/hard/libgcc.a(unwind-arm.o)
                0x080011ac                _Unwind_GetCFA
                0x080011b0                __gnu_Unwind_RaiseException
                0x08001218                __gnu_Unwind_ForcedUnwind
                0x08001228                __gnu_Unwind_Resume
                0x0800126c                __gnu_Unwind_Resume_or_Rethrow
                0x0800127c                _Unwind_Complete
                0x08001280                _Unwind_DeleteException
                0x0800128c                _Unwind_VRS_Get
                0x080012d8                _Unwind_VRS_Set
                0x08001320                __gnu_Unwind_Backtrace
                0x0800163c                __aeabi_unwind_cpp_pr0
                0x08001640                __aeabi_unwind_cpp_pr1
                0x08001644                __aeabi_unwind_cpp_pr2
                0x08001648                _Unwind_VRS_Pop
 .text          0x080018f0      0x1ac /opt/ST/STM32CubeCLT_1.17.0/GNU-tools-for-STM32/bin/../lib/gcc/arm-none-eabi/12.3.1/thumb/v7e-m+fp/hard/libgcc.a(libunwind.o)
                0x080018f0                __restore_core_regs
                0x080018f0                restore_core_regs
                0x08001908                __gnu_Unwind_Restore_VFP
                0x08001910                __gnu_Unwind_Save_VFP
                0x08001918                __gnu_Unwind_Restore_VFP_D
                0x08001920                __gnu_Unwind_Save_VFP_D
                0x08001928                __gnu_Unwind_Restore_VFP_D_16_to_31
                0x08001930                __gnu_Unwind_Save_VFP_D_16_to_31
                0x08001938                __gnu_Unwind_Restore_WMMXD
                0x0800197c                __gnu_Unwind_Save_WMMXD
                0x080019c0                __gnu_Unwind_Restore_WMMXC
                0x080019d4                __gnu_Unwind_Save_WMMXC
                0x080019e8                _Unwind_RaiseException
                0x080019e8                ___Unwind_RaiseException
                0x08001a0c                ___Unwind_Resume
                0x08001a0c                _Unwind_Resume
                0x08001a30                ___Unwind_Resume_or_Rethrow
                0x08001a30                _Unwind_Resume_or_Rethrow
                0x08001a54                _Unwind_ForcedUnwind
                0x08001a54                ___Unwind_ForcedUnwind
                0x08001a78                _Unwind_Backtrace
                0x08001a78                ___Unwind_Backtrace
 .text          0x08001a9c      0x378 /opt/ST/STM32CubeCLT_1.17.0/GNU-tools-for-STM32/bin/../lib/gcc/arm-none-eabi/12.3.1/thumb/v7e-m+fp/hard/libgcc.a(pr-support.o)
                0x08001af4                __gnu_unwind_execute
                0x08001dc8                __gnu_unwind_frame
                0x08001df4                _Unwind_GetRegionStart
                0x08001e00                _Unwind_GetLanguageSpecificData
 .text          0x08001e14        0x4 /opt/ST/STM32CubeCLT_1.17.0/GNU-tools-for-STM32/bin/../lib/gcc/arm-none-eabi/12.3.1/thumb/v7e-m+fp/hard/libgcc.a(_dvmd_tls.o)
                0x08001e14                __aeabi_ldiv0
                0x08001e14                __aeabi_idiv0
 .text          0x08001e18       0x14 /opt/ST/STM32CubeCLT_1.17.0/GNU-tools-for-STM32/bin/../lib/gcc/arm-none-eabi/12.3.1/../../../../arm-none-eabi/lib/thumb/v7e-m+fp/hard/libc_nano.a(libc_a-strcmp.o)
                0x08001e18                strcmp
 *(.text*)
 .text.HAL_TIM_PeriodElapsedCallback
                0x08001e2c       0x14 build/main.o
                0x08001e2c                HAL_TIM_PeriodElapsedCallback
 .text.Error_Handler
                0x08001e40        0x4 build/main.o
                0x08001e40                Error_Handler
 .text.SystemClock_Config
                0x08001e44       0xac build/main.o
                0x08001e44                SystemClock_Config
 .text.main     0x08001ef0       0x58 build/main.o
                0x08001ef0                main
 .text.MX_GPIO_Init
                0x08001f48       0xb0 build/gpio.o
                0x08001f48                MX_GPIO_Init
 .text.MX_ADC1_Init
                0x08001ff8       0xa0 build/adc.o
                0x08001ff8                MX_ADC1_Init
 .text.HAL_ADC_MspInit
                0x08002098       0xd4 build/adc.o
                0x08002098                HAL_ADC_MspInit
 .text.MX_TIM10_Init
                0x0800216c       0x30 build/tim.o
                0x0800216c                MX_TIM10_Init
 .text.HAL_TIM_PWM_MspInit
                0x0800219c       0x98 build/tim.o
                0x0800219c                HAL_TIM_PWM_MspInit
 .text.HAL_TIM_Base_MspInit
                0x08002234       0x68 build/tim.o
                0x08002234                HAL_TIM_Base_MspInit
 .text.HAL_TIM_MspPostInit
                0x0800229c      0x168 build/tim.o
                0x0800229c                HAL_TIM_MspPostInit
 .text.MX_TIM2_Init
                0x08002404       0xb8 build/tim.o
                0x08002404                MX_TIM2_Init
 .text.MX_TIM3_Init
                0x080024bc       0xa8 build/tim.o
                0x080024bc                MX_TIM3_Init
 .text.MX_TIM4_Init
                0x08002564       0xa8 build/tim.o
                0x08002564                MX_TIM4_Init
 .text.MX_TIM12_Init
                0x0800260c       0x7c build/tim.o
                0x0800260c                MX_TIM12_Init
 .text.MX_TIM13_Init
                0x08002688       0x74 build/tim.o
                0x08002688                MX_TIM13_Init
 .text.NMI_Handler
                0x080026fc        0x2 build/stm32f4xx_it.o
                0x080026fc                NMI_Handler
 .text.HardFault_Handler
                0x080026fe        0x2 build/stm32f4xx_it.o
                0x080026fe                HardFault_Handler
 .text.MemManage_Handler
                0x08002700        0x2 build/stm32f4xx_it.o
                0x08002700                MemManage_Handler
 .text.BusFault_Handler
                0x08002702        0x2 build/stm32f4xx_it.o
                0x08002702                BusFault_Handler
 .text.UsageFault_Handler
                0x08002704        0x2 build/stm32f4xx_it.o
                0x08002704                UsageFault_Handler
 .text.SVC_Handler
                0x08002706        0x2 build/stm32f4xx_it.o
                0x08002706                SVC_Handler
 .text.DebugMon_Handler
                0x08002708        0x2 build/stm32f4xx_it.o
                0x08002708                DebugMon_Handler
 .text.PendSV_Handler
                0x0800270a        0x2 build/stm32f4xx_it.o
                0x0800270a                PendSV_Handler
 .text.SysTick_Handler
                0x0800270c        0x8 build/stm32f4xx_it.o
                0x0800270c                SysTick_Handler
 .text.DMA1_Stream0_IRQHandler
                0x08002714       0x10 build/stm32f4xx_it.o
                0x08002714                DMA1_Stream0_IRQHandler
 .text.DMA1_Stream1_IRQHandler
                0x08002724       0x10 build/stm32f4xx_it.o
                0x08002724                DMA1_Stream1_IRQHandler
 .text.DMA1_Stream2_IRQHandler
                0x08002734       0x10 build/stm32f4xx_it.o
                0x08002734                DMA1_Stream2_IRQHandler
 .text.DMA1_Stream3_IRQHandler
                0x08002744       0x10 build/stm32f4xx_it.o
                0x08002744                DMA1_Stream3_IRQHandler
 .text.DMA1_Stream4_IRQHandler
                0x08002754       0x10 build/stm32f4xx_it.o
                0x08002754                DMA1_Stream4_IRQHandler
 .text.DMA1_Stream5_IRQHandler
                0x08002764       0x10 build/stm32f4xx_it.o
                0x08002764                DMA1_Stream5_IRQHandler
 .text.DMA1_Stream6_IRQHandler
                0x08002774       0x10 build/stm32f4xx_it.o
                0x08002774                DMA1_Stream6_IRQHandler
 .text.TIM1_UP_TIM10_IRQHandler
                0x08002784       0x10 build/stm32f4xx_it.o
                0x08002784                TIM1_UP_TIM10_IRQHandler
 .text.USART1_IRQHandler
                0x08002794       0x10 build/stm32f4xx_it.o
                0x08002794                USART1_IRQHandler
 .text.USART2_IRQHandler
                0x080027a4       0x10 build/stm32f4xx_it.o
                0x080027a4                USART2_IRQHandler
 .text.USART3_IRQHandler
                0x080027b4       0x10 build/stm32f4xx_it.o
                0x080027b4                USART3_IRQHandler
 .text.DMA1_Stream7_IRQHandler
                0x080027c4       0x10 build/stm32f4xx_it.o
                0x080027c4                DMA1_Stream7_IRQHandler
 .text.UART4_IRQHandler
                0x080027d4       0x10 build/stm32f4xx_it.o
                0x080027d4                UART4_IRQHandler
 .text.UART5_IRQHandler
                0x080027e4       0x10 build/stm32f4xx_it.o
                0x080027e4                UART5_IRQHandler
 .text.DMA2_Stream0_IRQHandler
                0x080027f4       0x10 build/stm32f4xx_it.o
                0x080027f4                DMA2_Stream0_IRQHandler
 .text.DMA2_Stream2_IRQHandler
                0x08002804       0x10 build/stm32f4xx_it.o
                0x08002804                DMA2_Stream2_IRQHandler
 .text.DMA2_Stream7_IRQHandler
                0x08002814       0x10 build/stm32f4xx_it.o
                0x08002814                DMA2_Stream7_IRQHandler
 .text.HAL_MspInit
                0x08002824       0x38 build/stm32f4xx_hal_msp.o
                0x08002824                HAL_MspInit
 .text.ADC_Init
                0x0800285c      0x134 build/stm32f4xx_hal_adc.o
 .text.HAL_ADC_Init
                0x08002990       0x56 build/stm32f4xx_hal_adc.o
                0x08002990                HAL_ADC_Init
 *fill*         0x080029e6        0x2 
 .text.HAL_ADC_Start
                0x080029e8      0x144 build/stm32f4xx_hal_adc.o
                0x080029e8                HAL_ADC_Start
 .text.HAL_ADC_Start_DMA
                0x08002b2c      0x19c build/stm32f4xx_hal_adc.o
                0x08002b2c                HAL_ADC_Start_DMA
 .text.HAL_ADC_ConvCpltCallback
                0x08002cc8        0x2 build/stm32f4xx_hal_adc.o
                0x08002cc8                HAL_ADC_ConvCpltCallback
 .text.HAL_ADC_ConvHalfCpltCallback
                0x08002cca        0x2 build/stm32f4xx_hal_adc.o
                0x08002cca                HAL_ADC_ConvHalfCpltCallback
 .text.ADC_DMAHalfConvCplt
                0x08002ccc        0xa build/stm32f4xx_hal_adc.o
 .text.HAL_ADC_ErrorCallback
                0x08002cd6        0x2 build/stm32f4xx_hal_adc.o
                0x08002cd6                HAL_ADC_ErrorCallback
 .text.ADC_DMAError
                0x08002cd8       0x16 build/stm32f4xx_hal_adc.o
 .text.ADC_DMAConvCplt
                0x08002cee       0x72 build/stm32f4xx_hal_adc.o
 .text.HAL_ADC_ConfigChannel
                0x08002d60      0x1ac build/stm32f4xx_hal_adc.o
                0x08002d60                HAL_ADC_ConfigChannel
 .text.HAL_RCC_ClockConfig
                0x08002f0c      0x160 build/stm32f4xx_hal_rcc.o
                0x08002f0c                HAL_RCC_ClockConfig
 .text.HAL_RCC_GetHCLKFreq
                0x0800306c        0xc build/stm32f4xx_hal_rcc.o
                0x0800306c                HAL_RCC_GetHCLKFreq
 .text.HAL_RCC_GetPCLK1Freq
                0x08003078       0x20 build/stm32f4xx_hal_rcc.o
                0x08003078                HAL_RCC_GetPCLK1Freq
 .text.HAL_RCC_GetPCLK2Freq
                0x08003098       0x20 build/stm32f4xx_hal_rcc.o
                0x08003098                HAL_RCC_GetPCLK2Freq
 .text.HAL_RCC_GetSysClockFreq
                0x080030b8      0x128 build/stm32f4xx_hal_rcc_ex.o
                0x080030b8                HAL_RCC_GetSysClockFreq
 .text.HAL_RCC_OscConfig
                0x080031e0      0x444 build/stm32f4xx_hal_rcc_ex.o
                0x080031e0                HAL_RCC_OscConfig
 .text.HAL_GPIO_Init
                0x08003624      0x1e0 build/stm32f4xx_hal_gpio.o
                0x08003624                HAL_GPIO_Init
 .text.HAL_GPIO_WritePin
                0x08003804        0xc build/stm32f4xx_hal_gpio.o
                0x08003804                HAL_GPIO_WritePin
 .text.DMA_SetConfig
                0x08003810       0x2c build/stm32f4xx_hal_dma.o
 .text.DMA_CalcBaseAndBitshift
                0x0800383c       0x44 build/stm32f4xx_hal_dma.o
 .text.DMA_CheckFifoParam
                0x08003880       0x8e build/stm32f4xx_hal_dma.o
 *fill*         0x0800390e        0x2 
 .text.HAL_DMA_Init
                0x08003910       0xcc build/stm32f4xx_hal_dma.o
                0x08003910                HAL_DMA_Init
 .text.HAL_DMA_Start_IT
                0x080039dc       0x6a build/stm32f4xx_hal_dma.o
                0x080039dc                HAL_DMA_Start_IT
 .text.HAL_DMA_Abort
                0x08003a46       0x94 build/stm32f4xx_hal_dma.o
                0x08003a46                HAL_DMA_Abort
 .text.HAL_DMA_Abort_IT
                0x08003ada       0x26 build/stm32f4xx_hal_dma.o
                0x08003ada                HAL_DMA_Abort_IT
 .text.HAL_DMA_IRQHandler
                0x08003b00      0x1dc build/stm32f4xx_hal_dma.o
                0x08003b00                HAL_DMA_IRQHandler
 .text.HAL_DMA_GetError
                0x08003cdc        0x4 build/stm32f4xx_hal_dma.o
                0x08003cdc                HAL_DMA_GetError
 .text.HAL_PWREx_EnableOverDrive
                0x08003ce0       0x7c build/stm32f4xx_hal_pwr_ex.o
                0x08003ce0                HAL_PWREx_EnableOverDrive
 .text.__NVIC_EnableIRQ
                0x08003d5c       0x1c build/stm32f4xx_hal_cortex.o
 .text.__NVIC_SetPriority
                0x08003d78       0x28 build/stm32f4xx_hal_cortex.o
 .text.NVIC_EncodePriority
                0x08003da0       0x3e build/stm32f4xx_hal_cortex.o
 *fill*         0x08003dde        0x2 
 .text.HAL_NVIC_SetPriorityGrouping
                0x08003de0       0x24 build/stm32f4xx_hal_cortex.o
                0x08003de0                HAL_NVIC_SetPriorityGrouping
 .text.HAL_NVIC_SetPriority
                0x08003e04       0x20 build/stm32f4xx_hal_cortex.o
                0x08003e04                HAL_NVIC_SetPriority
 .text.HAL_NVIC_EnableIRQ
                0x08003e24        0x8 build/stm32f4xx_hal_cortex.o
                0x08003e24                HAL_NVIC_EnableIRQ
 .text.HAL_SYSTICK_Config
                0x08003e2c       0x28 build/stm32f4xx_hal_cortex.o
                0x08003e2c                HAL_SYSTICK_Config
 .text.HAL_InitTick
                0x08003e54       0x4c build/stm32f4xx_hal.o
                0x08003e54                HAL_InitTick
 .text.HAL_Init
                0x08003ea0       0x34 build/stm32f4xx_hal.o
                0x08003ea0                HAL_Init
 .text.HAL_IncTick
                0x08003ed4       0x18 build/stm32f4xx_hal.o
                0x08003ed4                HAL_IncTick
 .text.HAL_GetTick
                0x08003eec        0xc build/stm32f4xx_hal.o
                0x08003eec                HAL_GetTick
 .text.HAL_Delay
                0x08003ef8       0x28 build/stm32f4xx_hal.o
                0x08003ef8                HAL_Delay
 .text.TIM_OC1_SetConfig
                0x08003f20       0x70 build/stm32f4xx_hal_tim.o
 .text.TIM_OC3_SetConfig
                0x08003f90       0x70 build/stm32f4xx_hal_tim.o
 .text.TIM_OC4_SetConfig
                0x08004000       0x50 build/stm32f4xx_hal_tim.o
 .text.HAL_TIM_Base_Start_IT
                0x08004050       0x88 build/stm32f4xx_hal_tim.o
                0x08004050                HAL_TIM_Base_Start_IT
 .text.HAL_TIM_OC_DelayElapsedCallback
                0x080040d8        0x2 build/stm32f4xx_hal_tim.o
                0x080040d8                HAL_TIM_OC_DelayElapsedCallback
 .text.HAL_TIM_IC_CaptureCallback
                0x080040da        0x2 build/stm32f4xx_hal_tim.o
                0x080040da                HAL_TIM_IC_CaptureCallback
 .text.HAL_TIM_PWM_PulseFinishedCallback
                0x080040dc        0x2 build/stm32f4xx_hal_tim.o
                0x080040dc                HAL_TIM_PWM_PulseFinishedCallback
 .text.HAL_TIM_TriggerCallback
                0x080040de        0x2 build/stm32f4xx_hal_tim.o
                0x080040de                HAL_TIM_TriggerCallback
 .text.HAL_TIM_IRQHandler
                0x080040e0      0x15e build/stm32f4xx_hal_tim.o
                0x080040e0                HAL_TIM_IRQHandler
 *fill*         0x0800423e        0x2 
 .text.TIM_Base_SetConfig
                0x08004240       0xd8 build/stm32f4xx_hal_tim.o
                0x08004240                TIM_Base_SetConfig
 .text.HAL_TIM_Base_Init
                0x08004318       0x58 build/stm32f4xx_hal_tim.o
                0x08004318                HAL_TIM_Base_Init
 .text.HAL_TIM_PWM_Init
                0x08004370       0x58 build/stm32f4xx_hal_tim.o
                0x08004370                HAL_TIM_PWM_Init
 .text.TIM_OC2_SetConfig
                0x080043c8       0x70 build/stm32f4xx_hal_tim.o
                0x080043c8                TIM_OC2_SetConfig
 .text.HAL_TIM_PWM_ConfigChannel
                0x08004438       0xdc build/stm32f4xx_hal_tim.o
                0x08004438                HAL_TIM_PWM_ConfigChannel
 .text.TIM_CCxChannelCmd
                0x08004514       0x1e build/stm32f4xx_hal_tim.o
                0x08004514                TIM_CCxChannelCmd
 *fill*         0x08004532        0x2 
 .text.HAL_TIM_PWM_Start
                0x08004534      0x104 build/stm32f4xx_hal_tim.o
                0x08004534                HAL_TIM_PWM_Start
 .text.HAL_TIMEx_MasterConfigSynchronization
                0x08004638       0x8c build/stm32f4xx_hal_tim_ex.o
                0x08004638                HAL_TIMEx_MasterConfigSynchronization
 .text.HAL_TIMEx_CommutCallback
                0x080046c4        0x2 build/stm32f4xx_hal_tim_ex.o
                0x080046c4                HAL_TIMEx_CommutCallback
 .text.HAL_TIMEx_BreakCallback
                0x080046c6        0x2 build/stm32f4xx_hal_tim_ex.o
                0x080046c6                HAL_TIMEx_BreakCallback
 .text.SystemInit
                0x080046c8       0x14 build/system_stm32f4xx.o
                0x080046c8                SystemInit
 .text._sbrk    0x080046dc       0x48 build/sysmem.o
                0x080046dc                _sbrk
 .text._getpid  0x08004724        0x4 build/syscalls.o
                0x08004724                _getpid
 .text._kill    0x08004728       0x10 build/syscalls.o
                0x08004728                _kill
 .text._exit    0x08004738        0xc build/syscalls.o
                0x08004738                _exit
 .text.MX_DMA_Init
                0x08004744       0xe8 build/dma.o
                0x08004744                MX_DMA_Init
 .text.MX_UART4_Init
                0x0800482c       0x34 build/usart.o
                0x0800482c                MX_UART4_Init
 .text.MX_UART5_Init
                0x08004860       0x34 build/usart.o
                0x08004860                MX_UART5_Init
 .text.MX_USART1_UART_Init
                0x08004894       0x34 build/usart.o
                0x08004894                MX_USART1_UART_Init
 .text.MX_USART2_UART_Init
                0x080048c8       0x34 build/usart.o
                0x080048c8                MX_USART2_UART_Init
 .text.MX_USART3_UART_Init
                0x080048fc       0x34 build/usart.o
                0x080048fc                MX_USART3_UART_Init
 .text.HAL_UART_MspInit
                0x08004930      0x4d4 build/usart.o
                0x08004930                HAL_UART_MspInit
 .text.UART_EndTxTransfer
                0x08004e04       0x20 build/stm32f4xx_hal_uart.o
 .text.UART_EndRxTransfer
                0x08004e24       0x5c build/stm32f4xx_hal_uart.o
 .text.UART_Transmit_IT
                0x08004e80       0x60 build/stm32f4xx_hal_uart.o
 .text.UART_SetConfig
                0x08004ee0      0x110 build/stm32f4xx_hal_uart.o
 .text.UART_WaitOnFlagUntilTimeout
                0x08004ff0       0x86 build/stm32f4xx_hal_uart.o
 .text.HAL_UART_Init
                0x08005076       0x60 build/stm32f4xx_hal_uart.o
                0x08005076                HAL_UART_Init
 .text.HAL_UART_Transmit
                0x080050d6       0xcc build/stm32f4xx_hal_uart.o
                0x080050d6                HAL_UART_Transmit
 .text.HAL_UART_Abort
                0x080051a2       0xf2 build/stm32f4xx_hal_uart.o
                0x080051a2                HAL_UART_Abort
 .text.HAL_UART_TxCpltCallback
                0x08005294        0x2 build/stm32f4xx_hal_uart.o
                0x08005294                HAL_UART_TxCpltCallback
 .text.UART_EndTransmit_IT
                0x08005296       0x1a build/stm32f4xx_hal_uart.o
 .text.HAL_UART_RxCpltCallback
                0x080052b0        0x2 build/stm32f4xx_hal_uart.o
                0x080052b0                HAL_UART_RxCpltCallback
 .text.HAL_UART_RxHalfCpltCallback
                0x080052b2        0x2 build/stm32f4xx_hal_uart.o
                0x080052b2                HAL_UART_RxHalfCpltCallback
 .text.HAL_UART_ErrorCallback
                0x080052b4        0x2 build/stm32f4xx_hal_uart.o
                0x080052b4                HAL_UART_ErrorCallback
 .text.UART_DMAError
                0x080052b6       0x58 build/stm32f4xx_hal_uart.o
 .text.UART_DMAAbortOnError
                0x0800530e       0x10 build/stm32f4xx_hal_uart.o
 .text.HAL_UARTEx_RxEventCallback
                0x0800531e        0x2 build/stm32f4xx_hal_uart.o
                0x0800531e                HAL_UARTEx_RxEventCallback
 .text.UART_Receive_IT
                0x08005320       0xe6 build/stm32f4xx_hal_uart.o
 *fill*         0x08005406        0x2 
 .text.HAL_UART_IRQHandler
                0x08005408      0x284 build/stm32f4xx_hal_uart.o
                0x08005408                HAL_UART_IRQHandler
 .text.UART_DMARxHalfCplt
                0x0800568c       0x1e build/stm32f4xx_hal_uart.o
 .text.UART_DMAReceiveCplt
                0x080056aa       0x9a build/stm32f4xx_hal_uart.o
 .text.UART_Start_Receive_DMA
                0x08005744       0xa4 build/stm32f4xx_hal_uart.o
                0x08005744                UART_Start_Receive_DMA
 .text.HAL_UART_Receive_DMA
                0x080057e8       0x26 build/stm32f4xx_hal_uart.o
                0x080057e8                HAL_UART_Receive_DMA
 *fill*         0x0800580e        0x2 
 .text.Reset_Handler
                0x08005810       0x50 build/startup_stm32f446xx.o
                0x08005810                Reset_Handler
 .text.Default_Handler
                0x08005860        0x2 build/startup_stm32f446xx.o
                0x08005860                SAI1_IRQHandler
                0x08005860                EXTI2_IRQHandler
                0x08005860                TIM8_CC_IRQHandler
                0x08005860                FMPI2C1_EV_IRQHandler
                0x08005860                SPI4_IRQHandler
                0x08005860                TIM1_CC_IRQHandler
                0x08005860                DMA2_Stream5_IRQHandler
                0x08005860                PVD_IRQHandler
                0x08005860                SDIO_IRQHandler
                0x08005860                TAMP_STAMP_IRQHandler
                0x08005860                CAN2_RX1_IRQHandler
                0x08005860                EXTI3_IRQHandler
                0x08005860                TIM8_TRG_COM_TIM14_IRQHandler
                0x08005860                TIM8_UP_TIM13_IRQHandler
                0x08005860                I2C3_ER_IRQHandler
                0x08005860                EXTI0_IRQHandler
                0x08005860                I2C2_EV_IRQHandler
                0x08005860                CAN1_RX0_IRQHandler
                0x08005860                FPU_IRQHandler
                0x08005860                OTG_HS_WKUP_IRQHandler
                0x08005860                CAN2_SCE_IRQHandler
                0x08005860                SPI1_IRQHandler
                0x08005860                TIM6_DAC_IRQHandler
                0x08005860                TIM1_BRK_TIM9_IRQHandler
                0x08005860                DCMI_IRQHandler
                0x08005860                CAN2_RX0_IRQHandler
                0x08005860                DMA2_Stream3_IRQHandler
                0x08005860                SAI2_IRQHandler
                0x08005860                USART6_IRQHandler
                0x08005860                CAN1_RX1_IRQHandler
                0x08005860                TIM4_IRQHandler
                0x08005860                QUADSPI_IRQHandler
                0x08005860                I2C1_EV_IRQHandler
                0x08005860                TIM3_IRQHandler
                0x08005860                RCC_IRQHandler
                0x08005860                TIM8_BRK_TIM12_IRQHandler
                0x08005860                Default_Handler
                0x08005860                CEC_IRQHandler
                0x08005860                EXTI15_10_IRQHandler
                0x08005860                ADC_IRQHandler
                0x08005860                TIM7_IRQHandler
                0x08005860                CAN2_TX_IRQHandler
                0x08005860                TIM5_IRQHandler
                0x08005860                I2C3_EV_IRQHandler
                0x08005860                EXTI9_5_IRQHandler
                0x08005860                RTC_WKUP_IRQHandler
                0x08005860                SPDIF_RX_IRQHandler
                0x08005860                SPI2_IRQHandler
                0x08005860                OTG_HS_EP1_IN_IRQHandler
                0x08005860                CAN1_TX_IRQHandler
                0x08005860                FMPI2C1_ER_IRQHandler
                0x08005860                EXTI4_IRQHandler
                0x08005860                OTG_HS_EP1_OUT_IRQHandler
                0x08005860                WWDG_IRQHandler
                0x08005860                TIM2_IRQHandler
                0x08005860                OTG_FS_WKUP_IRQHandler
                0x08005860                TIM1_TRG_COM_TIM11_IRQHandler
                0x08005860                OTG_HS_IRQHandler
                0x08005860                EXTI1_IRQHandler
                0x08005860                I2C2_ER_IRQHandler
                0x08005860                DMA2_Stream1_IRQHandler
                0x08005860                CAN1_SCE_IRQHandler
                0x08005860                FLASH_IRQHandler
                0x08005860                DMA2_Stream4_IRQHandler
                0x08005860                OTG_FS_IRQHandler
                0x08005860                SPI3_IRQHandler
                0x08005860                I2C1_ER_IRQHandler
                0x08005860                FMC_IRQHandler
                0x08005860                DMA2_Stream6_IRQHandler
                0x08005860                RTC_Alarm_IRQHandler
 *fill*         0x08005862        0x6 
 .text._ZL13InitializePIDP5Robot
                0x08005868       0xbc build/capture_ball.o
 .text._Z41__static_initialization_and_destruction_0ii
                0x08005924       0x28 build/capture_ball.o
 *fill*         0x0800594c        0x4 
 .text._Z11CaptureBallP5Robots
                0x08005950      0x418 build/capture_ball.o
                0x08005950                CaptureBall(Robot*, short)
 .text._GLOBAL__sub_I__Z11CaptureBallP5Robots
                0x08005d68        0xe build/capture_ball.o
 .text._ZN5RobotD2Ev
                0x08005d76       0x4e build/app.o
                0x08005d76                Robot::~Robot()
                0x08005d76                Robot::~Robot()
 .text._Z41__static_initialization_and_destruction_0ii
                0x08005dc4       0x40 build/app.o
 .text._ZN12PwmSingleOut5writeEf
                0x08005e04       0x98 build/app.o
                0x08005e04                PwmSingleOut::write(float)
 .text.TimInterrupt1khz
                0x08005e9c       0x90 build/app.o
                0x08005e9c                TimInterrupt1khz
 .text.setup    0x08005f2c       0x10 build/app.o
                0x08005f2c                setup
 .text.main_app
                0x08005f3c       0x10 build/app.o
                0x08005f3c                main_app
 .text._GLOBAL__sub_I_robot
                0x08005f4c        0xe build/app.o
 *fill*         0x08005f5a        0x2 
 .text._ZN4Mode8MainModeEv
                0x08005f5c      0x2b8 build/main_mode.o
                0x08005f5c                Mode::MainMode()
 .text._ZN9MovingAve9SetLengthEh
                0x08006214       0x26 build/MovingAve.o
                0x08006214                MovingAve::SetLength(unsigned char)
 .text._ZN9MovingAve7ComputeEd
                0x0800623a       0x62 build/MovingAve.o
                0x0800623a                MovingAve::Compute(double)
 .text._ZN9MovingAve3GetEv
                0x0800629c        0x6 build/MovingAve.o
                0x0800629c                MovingAve::Get()
 *fill*         0x080062a2        0x6 
 .text.atan2    0x080062a8      0x1dc build/MyMath.o
                0x080062a8                atan2
 .text.NormalizeDeg180
                0x08006484       0x18 build/MyMath.o
                0x08006484                NormalizeDeg180
 .text.NormalizeDeg
                0x0800649c       0x18 build/MyMath.o
                0x0800649c                NormalizeDeg
 .text.sinDeg   0x080064b4       0x98 build/MyMath.o
                0x080064b4                sinDeg
 .text.cosDeg   0x0800654c        0xa build/MyMath.o
                0x0800654c                cosDeg
 *fill*         0x08006556        0x2 
 .text.GapDeg   0x08006558       0x2c build/MyMath.o
                0x08006558                GapDeg
 .text.sqrt     0x08006584       0x50 build/MyMath.o
                0x08006584                sqrt
 .text._ZN3PIDC2Ev
                0x080065d4       0x14 build/pid.o
                0x080065d4                PID::PID()
                0x080065d4                PID::PID()
 .text._ZN3PID7SetGainEfff
                0x080065e8       0x2e build/pid.o
                0x080065e8                PID::SetGain(float, float, float)
 .text._ZN3PID15SetSamplingFreqEt
                0x08006616       0x22 build/pid.o
                0x08006616                PID::SetSamplingFreq(unsigned short)
 .text._ZN3PID8SetLimitEdd
                0x08006638        0xa build/pid.o
                0x08006638                PID::SetLimit(double, double)
 .text._ZN3PID7SetTypeEh
                0x08006642        0x6 build/pid.o
                0x08006642                PID::SetType(unsigned char)
 .text._ZN3PID7ComputeEff
                0x08006648      0x3b4 build/pid.o
                0x08006648                PID::Compute(float, float)
 .text._ZN3PID3GetEv
                0x080069fc       0x10 build/pid.o
                0x080069fc                PID::Get()
 .text._ZN3PID6ResetIEv
                0x08006a0c        0xa build/pid.o
                0x08006a0c                PID::ResetI()
 *fill*         0x08006a16        0x2 
 .text._ZN5TimerC2Ev
                0x08006a18       0x20 build/Timer.o
                0x08006a18                Timer::Timer()
                0x08006a18                Timer::Timer()
 .text._ZN5Timer5resetEv
                0x08006a38        0xc build/Timer.o
                0x08006a38                Timer::reset()
 .text._ZN5Timer4readEv
                0x08006a44       0x30 build/Timer.o
                0x08006a44                Timer::read()
 .text._ZN5Timer7read_msEv
                0x08006a74       0x44 build/Timer.o
                0x08006a74                Timer::read_ms()
 .text._ZN5Timer7read_usEv
                0x08006ab8       0x44 build/Timer.o
                0x08006ab8                Timer::read_us()
 .text._ZL13InitializePIDP5Robot
                0x08006afc       0x68 build/defence.o
 *fill*         0x08006b64        0x4 
 .text._ZL9LineTraceP5Robot
                0x08006b68      0x214 build/defence.o
 .text._Z41__static_initialization_and_destruction_0ii
                0x08006d7c       0x3c build/defence.o
 .text._ZN4Mode7DefenceEv
                0x08006db8      0x188 build/defence.o
                0x08006db8                Mode::Defence()
 .text._GLOBAL__sub_I__ZN4Mode7DefenceEv
                0x08006f40        0xe build/defence.o
 *fill*         0x08006f4e        0x2 
 .text._ZL13HoldBallFrontP5Robot
                0x08006f50      0x14c build/offence.o
 .text._ZL12HoldBallBackP5Robot
                0x0800709c      0x144 build/offence.o
 .text._Z41__static_initialization_and_destruction_0ii
                0x080071e0       0x34 build/offence.o
 .text._ZN4Mode7OffenceEv
                0x08007214      0x144 build/offence.o
                0x08007214                Mode::Offence()
 .text._GLOBAL__sub_I__ZN4Mode7OffenceEv
                0x08007358        0xe build/offence.o
 *fill*         0x08007366        0x2 
 .text._ZL9LineTraceP5Robot
                0x08007368      0x1d0 build/on_line.o
 .text._Z41__static_initialization_and_destruction_0ii
                0x08007538       0x20 build/on_line.o
 .text._Z6OnLineP5Robot
                0x08007558      0x120 build/on_line.o
                0x08007558                OnLine(Robot*)
 .text._GLOBAL__sub_I_back_to_inside_timer
                0x08007678        0xe build/on_line.o
 .text._ZN12PwmSingleOut4initEv
                0x08007686       0x14 build/dribbler_drive.o
                0x08007686                PwmSingleOut::init()
 *fill*         0x0800769a        0x6 
 .text._ZN12PwmSingleOut5soundEtt
                0x080076a0       0xfc build/dribbler_drive.o
                0x080076a0                PwmSingleOut::sound(unsigned short, unsigned short)
 .text._ZN13DribblerDriveC2EP12PwmSingleOutS1_
                0x0800779c       0x12 build/dribbler_drive.o
                0x0800779c                DribblerDrive::DribblerDrive(PwmSingleOut*, PwmSingleOut*)
                0x0800779c                DribblerDrive::DribblerDrive(PwmSingleOut*, PwmSingleOut*)
 *fill*         0x080077ae        0x2 
 .text._ZN13DribblerDrive4HoldEh
                0x080077b0       0xe8 build/dribbler_drive.o
                0x080077b0                DribblerDrive::Hold(unsigned char)
 .text._ZN13DribblerDrive5BrakeEt
                0x08007898       0x2a build/dribbler_drive.o
                0x08007898                DribblerDrive::Brake(unsigned short)
 .text._ZN13DribblerDrive15CheckConnectionEv
                0x080078c2       0x1e build/dribbler_drive.o
                0x080078c2                DribblerDrive::CheckConnection()
 .text._ZN6KickerC2EP10DigitalOutS1_
                0x080078e0        0x6 build/kicker.o
                0x080078e0                Kicker::Kicker(DigitalOut*, DigitalOut*)
                0x080078e0                Kicker::Kicker(DigitalOut*, DigitalOut*)
 .text._ZN6Kicker4KickEf
                0x080078e6       0x34 build/kicker.o
                0x080078e6                Kicker::Kick(float)
 *fill*         0x0800791a        0x2 
 .text._ZN6Kicker7ControlEv
                0x0800791c      0x104 build/kicker.o
                0x0800791c                Kicker::Control()
 .text._ZN10MotorDriveC2EP12PwmSingleOutS1_S1_S1_S1_S1_S1_S1_PsPf
                0x08007a20      0x11c build/motor_drive.o
                0x08007a20                MotorDrive::MotorDrive(PwmSingleOut*, PwmSingleOut*, PwmSingleOut*, PwmSingleOut*, PwmSingleOut*, PwmSingleOut*, PwmSingleOut*, PwmSingleOut*, short*, float*)
                0x08007a20                MotorDrive::MotorDrive(PwmSingleOut*, PwmSingleOut*, PwmSingleOut*, PwmSingleOut*, PwmSingleOut*, PwmSingleOut*, PwmSingleOut*, PwmSingleOut*, short*, float*)
 .text._ZN10MotorDrive3RunEssss
                0x08007b3c      0x1a4 build/motor_drive.o
                0x08007b3c                MotorDrive::Run(short, short, short, short)
 .text._ZN10MotorDrive5DriveEsffsfh
                0x08007ce0      0x4b8 build/motor_drive.o
                0x08007ce0                MotorDrive::Drive(short, float, float, short, float, unsigned char)
 .text._ZN10MotorDrive5BrakeEt
                0x08008198       0x5e build/motor_drive.o
                0x08008198                MotorDrive::Brake(unsigned short)
 *fill*         0x080081f6        0x2 
 .text._ZN10MotorDrive4FreeEv
                0x080081f8       0x68 build/motor_drive.o
                0x080081f8                MotorDrive::Free()
 .text._ZN10MotorDrive15CheckConnectionEv
                0x08008260       0x66 build/motor_drive.o
                0x08008260                MotorDrive::CheckConnection()
 .text._ZN14BufferedSerial9availableEv
                0x080082c6       0x50 build/robot.o
                0x080082c6                BufferedSerial::available()
 .text._ZN14BufferedSerial4readEv
                0x08008316       0x32 build/robot.o
                0x08008316                BufferedSerial::read()
 .text._ZN5RobotC2Ev
                0x08008348      0x308 build/robot.o
                0x08008348                Robot::Robot()
                0x08008348                Robot::Robot()
 .text._ZN5Robot12HardwareInitEv
                0x08008650      0x128 build/robot.o
                0x08008650                Robot::HardwareInit()
 .text._ZN5Robot10GetSensorsEv
                0x08008778      0x100 build/robot.o
                0x08008778                Robot::GetSensors()
 .text._ZN5Robot7ImuUartEv
                0x08008878      0x110 build/robot.o
                0x08008878                Robot::ImuUart()
 .text._ZN5Robot8LineUartEv
                0x08008988      0x17c build/robot.o
                0x08008988                Robot::LineUart()
 *fill*         0x08008b04        0x4 
 .text._ZN5Robot6UiUartEv
                0x08008b08      0x3d0 build/robot.o
                0x08008b08                Robot::UiUart()
 .text._ZN5Robot7CamUartEv
                0x08008ed8      0x49c build/robot.o
                0x08008ed8                Robot::CamUart()
 *fill*         0x08009374        0x4 
 .text._ZN5Robot9Esp32UartEv
                0x08009378      0x2a8 build/robot.o
                0x08009378                Robot::Esp32Uart()
 .text.memset   0x08009620       0x10 /opt/ST/STM32CubeCLT_1.17.0/GNU-tools-for-STM32/bin/../lib/gcc/arm-none-eabi/12.3.1/../../../../arm-none-eabi/lib/thumb/v7e-m+fp/hard/libc_nano.a(libc_a-memset.o)
                0x08009620                memset
 .text.__errno  0x08009630        0xc /opt/ST/STM32CubeCLT_1.17.0/GNU-tools-for-STM32/bin/../lib/gcc/arm-none-eabi/12.3.1/../../../../arm-none-eabi/lib/thumb/v7e-m+fp/hard/libc_nano.a(libc_a-errno.o)
                0x08009630                __errno
 .text.__libc_init_array
                0x0800963c       0x48 /opt/ST/STM32CubeCLT_1.17.0/GNU-tools-for-STM32/bin/../lib/gcc/arm-none-eabi/12.3.1/../../../../arm-none-eabi/lib/thumb/v7e-m+fp/hard/libc_nano.a(libc_a-init.o)
                0x0800963c                __libc_init_array
 .text.__retarget_lock_acquire_recursive
                0x08009684        0x2 /opt/ST/STM32CubeCLT_1.17.0/GNU-tools-for-STM32/bin/../lib/gcc/arm-none-eabi/12.3.1/../../../../arm-none-eabi/lib/thumb/v7e-m+fp/hard/libc_nano.a(libc_a-lock.o)
                0x08009684                __retarget_lock_acquire_recursive
 .text.__retarget_lock_release_recursive
                0x08009686        0x2 /opt/ST/STM32CubeCLT_1.17.0/GNU-tools-for-STM32/bin/../lib/gcc/arm-none-eabi/12.3.1/../../../../arm-none-eabi/lib/thumb/v7e-m+fp/hard/libc_nano.a(libc_a-lock.o)
                0x08009686                __retarget_lock_release_recursive
 .text.__aeabi_atexit
                0x08009688        0xa /opt/ST/STM32CubeCLT_1.17.0/GNU-tools-for-STM32/bin/../lib/gcc/arm-none-eabi/12.3.1/../../../../arm-none-eabi/lib/thumb/v7e-m+fp/hard/libc_nano.a(libc_a-aeabi_atexit.o)
                0x08009688                __aeabi_atexit
 *fill*         0x08009692        0x2 
 .text.sbrk_aligned
                0x08009694       0x44 /opt/ST/STM32CubeCLT_1.17.0/GNU-tools-for-STM32/bin/../lib/gcc/arm-none-eabi/12.3.1/../../../../arm-none-eabi/lib/thumb/v7e-m+fp/hard/libc_nano.a(libc_a-mallocr.o)
 .text._malloc_r
                0x080096d8      0x100 /opt/ST/STM32CubeCLT_1.17.0/GNU-tools-for-STM32/bin/../lib/gcc/arm-none-eabi/12.3.1/../../../../arm-none-eabi/lib/thumb/v7e-m+fp/hard/libc_nano.a(libc_a-mallocr.o)
                0x080096d8                _malloc_r
 .text.__malloc_lock
                0x080097d8        0xc /opt/ST/STM32CubeCLT_1.17.0/GNU-tools-for-STM32/bin/../lib/gcc/arm-none-eabi/12.3.1/../../../../arm-none-eabi/lib/thumb/v7e-m+fp/hard/libc_nano.a(libc_a-mlock.o)
                0x080097d8                __malloc_lock
 .text.__malloc_unlock
                0x080097e4        0xc /opt/ST/STM32CubeCLT_1.17.0/GNU-tools-for-STM32/bin/../lib/gcc/arm-none-eabi/12.3.1/../../../../arm-none-eabi/lib/thumb/v7e-m+fp/hard/libc_nano.a(libc_a-mlock.o)
                0x080097e4                __malloc_unlock
 .text._sbrk_r  0x080097f0       0x20 /opt/ST/STM32CubeCLT_1.17.0/GNU-tools-for-STM32/bin/../lib/gcc/arm-none-eabi/12.3.1/../../../../arm-none-eabi/lib/thumb/v7e-m+fp/hard/libc_nano.a(libc_a-sbrkr.o)
                0x080097f0                _sbrk_r
 .text.__cxa_atexit
                0x08009810       0x1c /opt/ST/STM32CubeCLT_1.17.0/GNU-tools-for-STM32/bin/../lib/gcc/arm-none-eabi/12.3.1/../../../../arm-none-eabi/lib/thumb/v7e-m+fp/hard/libc_nano.a(libc_a-cxa_atexit.o)
                0x08009810                __cxa_atexit
 .text._free_r  0x0800982c       0x94 /opt/ST/STM32CubeCLT_1.17.0/GNU-tools-for-STM32/bin/../lib/gcc/arm-none-eabi/12.3.1/../../../../arm-none-eabi/lib/thumb/v7e-m+fp/hard/libc_nano.a(libc_a-freer.o)
                0x0800982c                _free_r
 .text.asin     0x080098c0       0x68 /opt/ST/STM32CubeCLT_1.17.0/GNU-tools-for-STM32/bin/../lib/gcc/arm-none-eabi/12.3.1/../../../../arm-none-eabi/lib/thumb/v7e-m+fp/hard/libm.a(libm_a-w_asin.o)
                0x080098c0                asin
 .text.__ieee754_asin
                0x08009928      0x408 /opt/ST/STM32CubeCLT_1.17.0/GNU-tools-for-STM32/bin/../lib/gcc/arm-none-eabi/12.3.1/../../../../arm-none-eabi/lib/thumb/v7e-m+fp/hard/libm.a(libm_a-e_asin.o)
                0x08009928                __ieee754_asin
 .text.fabs     0x08009d30       0x10 /opt/ST/STM32CubeCLT_1.17.0/GNU-tools-for-STM32/bin/../lib/gcc/arm-none-eabi/12.3.1/../../../../arm-none-eabi/lib/thumb/v7e-m+fp/hard/libm.a(libm_a-s_fabs.o)
                0x08009d30                fabs
 .text.__ieee754_sqrt
                0x08009d40      0x1b4 /opt/ST/STM32CubeCLT_1.17.0/GNU-tools-for-STM32/bin/../lib/gcc/arm-none-eabi/12.3.1/../../../../arm-none-eabi/lib/thumb/v7e-m+fp/hard/libm.a(libm_a-e_sqrt.o)
                0x08009d40                __ieee754_sqrt
 *fill*         0x08009ef4        0x4 
 .text.nan      0x08009ef8       0x10 /opt/ST/STM32CubeCLT_1.17.0/GNU-tools-for-STM32/bin/../lib/gcc/arm-none-eabi/12.3.1/../../../../arm-none-eabi/lib/thumb/v7e-m+fp/hard/libm.a(libm_a-s_nan.o)
                0x08009ef8                nan
 .text._ZdaPv   0x08009f08        0x4 /opt/ST/STM32CubeCLT_1.17.0/GNU-tools-for-STM32/bin/../lib/gcc/arm-none-eabi/12.3.1/../../../../arm-none-eabi/lib/thumb/v7e-m+fp/hard/libstdc++_nano.a(del_opv.o)
                0x08009f08                operator delete[](void*)
 .text.__cxa_end_cleanup
                0x08009f0c        0xc /opt/ST/STM32CubeCLT_1.17.0/GNU-tools-for-STM32/bin/../lib/gcc/arm-none-eabi/12.3.1/../../../../arm-none-eabi/lib/thumb/v7e-m+fp/hard/libstdc++_nano.a(eh_arm.o)
                0x08009f0c                __cxa_end_cleanup
 .text._ZN10__cxxabiv1L24__is_gxx_exception_classEPc
                0x08009f18       0x3a /opt/ST/STM32CubeCLT_1.17.0/GNU-tools-for-STM32/bin/../lib/gcc/arm-none-eabi/12.3.1/../../../../arm-none-eabi/lib/thumb/v7e-m+fp/hard/libstdc++_nano.a(eh_arm.o)
 *fill*         0x08009f52        0x2 
 .text.__cxa_type_match
                0x08009f54       0xbc /opt/ST/STM32CubeCLT_1.17.0/GNU-tools-for-STM32/bin/../lib/gcc/arm-none-eabi/12.3.1/../../../../arm-none-eabi/lib/thumb/v7e-m+fp/hard/libstdc++_nano.a(eh_arm.o)
                0x08009f54                __cxa_type_match
 .text.__cxa_begin_cleanup
                0x0800a010       0x3a /opt/ST/STM32CubeCLT_1.17.0/GNU-tools-for-STM32/bin/../lib/gcc/arm-none-eabi/12.3.1/../../../../arm-none-eabi/lib/thumb/v7e-m+fp/hard/libstdc++_nano.a(eh_arm.o)
                0x0800a010                __cxa_begin_cleanup
 .text.__gnu_end_cleanup
                0x0800a04a       0x32 /opt/ST/STM32CubeCLT_1.17.0/GNU-tools-for-STM32/bin/../lib/gcc/arm-none-eabi/12.3.1/../../../../arm-none-eabi/lib/thumb/v7e-m+fp/hard/libstdc++_nano.a(eh_arm.o)
                0x0800a04a                __gnu_end_cleanup
 .text._ZN12_GLOBAL__N_113constant_initD2Ev
                0x0800a07c        0x2 /opt/ST/STM32CubeCLT_1.17.0/GNU-tools-for-STM32/bin/../lib/gcc/arm-none-eabi/12.3.1/../../../../arm-none-eabi/lib/thumb/v7e-m+fp/hard/libstdc++_nano.a(eh_globals.o)
 *fill*         0x0800a07e        0x2 
 .text.__cxa_get_globals
                0x0800a080        0x8 /opt/ST/STM32CubeCLT_1.17.0/GNU-tools-for-STM32/bin/../lib/gcc/arm-none-eabi/12.3.1/../../../../arm-none-eabi/lib/thumb/v7e-m+fp/hard/libstdc++_nano.a(eh_globals.o)
                0x0800a080                __cxa_get_globals
 .text.startup._GLOBAL__sub_I___cxa_get_globals_fast
                0x0800a088       0x18 /opt/ST/STM32CubeCLT_1.17.0/GNU-tools-for-STM32/bin/../lib/gcc/arm-none-eabi/12.3.1/../../../../arm-none-eabi/lib/thumb/v7e-m+fp/hard/libstdc++_nano.a(eh_globals.o)
 .text._ZL12read_uleb128PKhPm
                0x0800a0a0       0x1e /opt/ST/STM32CubeCLT_1.17.0/GNU-tools-for-STM32/bin/../lib/gcc/arm-none-eabi/12.3.1/../../../../arm-none-eabi/lib/thumb/v7e-m+fp/hard/libstdc++_nano.a(eh_personality.o)
 .text._ZL12read_sleb128PKhPl
                0x0800a0be       0x30 /opt/ST/STM32CubeCLT_1.17.0/GNU-tools-for-STM32/bin/../lib/gcc/arm-none-eabi/12.3.1/../../../../arm-none-eabi/lib/thumb/v7e-m+fp/hard/libstdc++_nano.a(eh_personality.o)
 .text._ZL28read_encoded_value_with_basehjPKhPj
                0x0800a0ee       0x8c /opt/ST/STM32CubeCLT_1.17.0/GNU-tools-for-STM32/bin/../lib/gcc/arm-none-eabi/12.3.1/../../../../arm-none-eabi/lib/thumb/v7e-m+fp/hard/libstdc++_nano.a(eh_personality.o)
 .text._ZL21base_of_encoded_valuehP15_Unwind_Context
                0x0800a17a       0x42 /opt/ST/STM32CubeCLT_1.17.0/GNU-tools-for-STM32/bin/../lib/gcc/arm-none-eabi/12.3.1/../../../../arm-none-eabi/lib/thumb/v7e-m+fp/hard/libstdc++_nano.a(eh_personality.o)
 .text._ZL18read_encoded_valueP15_Unwind_ContexthPKhPj
                0x0800a1bc       0x20 /opt/ST/STM32CubeCLT_1.17.0/GNU-tools-for-STM32/bin/../lib/gcc/arm-none-eabi/12.3.1/../../../../arm-none-eabi/lib/thumb/v7e-m+fp/hard/libstdc++_nano.a(eh_personality.o)
 .text._ZL17parse_lsda_headerP15_Unwind_ContextPKhP16lsda_header_info
                0x0800a1dc       0x5e /opt/ST/STM32CubeCLT_1.17.0/GNU-tools-for-STM32/bin/../lib/gcc/arm-none-eabi/12.3.1/../../../../arm-none-eabi/lib/thumb/v7e-m+fp/hard/libstdc++_nano.a(eh_personality.o)
 .text._Unwind_GetGR
                0x0800a23a       0x18 /opt/ST/STM32CubeCLT_1.17.0/GNU-tools-for-STM32/bin/../lib/gcc/arm-none-eabi/12.3.1/../../../../arm-none-eabi/lib/thumb/v7e-m+fp/hard/libstdc++_nano.a(eh_personality.o)
 *fill*         0x0800a252        0x2 
 .text.__gxx_personality_v0
                0x0800a254      0x324 /opt/ST/STM32CubeCLT_1.17.0/GNU-tools-for-STM32/bin/../lib/gcc/arm-none-eabi/12.3.1/../../../../arm-none-eabi/lib/thumb/v7e-m+fp/hard/libstdc++_nano.a(eh_personality.o)
                0x0800a254                __gxx_personality_v0
 .text._ZN10__cxxabiv111__terminateEPFvvE
                0x0800a578        0x8 /opt/ST/STM32CubeCLT_1.17.0/GNU-tools-for-STM32/bin/../lib/gcc/arm-none-eabi/12.3.1/../../../../arm-none-eabi/lib/thumb/v7e-m+fp/hard/libstdc++_nano.a(eh_terminate.o)
                0x0800a578                __cxxabiv1::__terminate(void (*)())
 .text._ZSt13get_terminatev
                0x0800a580       0x10 /opt/ST/STM32CubeCLT_1.17.0/GNU-tools-for-STM32/bin/../lib/gcc/arm-none-eabi/12.3.1/../../../../arm-none-eabi/lib/thumb/v7e-m+fp/hard/libstdc++_nano.a(eh_terminate.o)
                0x0800a580                std::get_terminate()
 .text._ZSt9terminatev
                0x0800a590        0xa /opt/ST/STM32CubeCLT_1.17.0/GNU-tools-for-STM32/bin/../lib/gcc/arm-none-eabi/12.3.1/../../../../arm-none-eabi/lib/thumb/v7e-m+fp/hard/libstdc++_nano.a(eh_terminate.o)
                0x0800a590                std::terminate()
 .text._ZN10__cxxabiv112__unexpectedEPFvvE
                0x0800a59a        0x8 /opt/ST/STM32CubeCLT_1.17.0/GNU-tools-for-STM32/bin/../lib/gcc/arm-none-eabi/12.3.1/../../../../arm-none-eabi/lib/thumb/v7e-m+fp/hard/libstdc++_nano.a(eh_terminate.o)
                0x0800a59a                __cxxabiv1::__unexpected(void (*)())
 *fill*         0x0800a5a2        0x2 
 .text._ZSt14get_unexpectedv
                0x0800a5a4       0x10 /opt/ST/STM32CubeCLT_1.17.0/GNU-tools-for-STM32/bin/../lib/gcc/arm-none-eabi/12.3.1/../../../../arm-none-eabi/lib/thumb/v7e-m+fp/hard/libstdc++_nano.a(eh_terminate.o)
                0x0800a5a4                std::get_unexpected()
 .text._ZSt10unexpectedv
                0x0800a5b4        0xa /opt/ST/STM32CubeCLT_1.17.0/GNU-tools-for-STM32/bin/../lib/gcc/arm-none-eabi/12.3.1/../../../../arm-none-eabi/lib/thumb/v7e-m+fp/hard/libstdc++_nano.a(eh_terminate.o)
                0x0800a5b4                std::unexpected()
 .text._Znaj    0x0800a5be        0x4 /opt/ST/STM32CubeCLT_1.17.0/GNU-tools-for-STM32/bin/../lib/gcc/arm-none-eabi/12.3.1/../../../../arm-none-eabi/lib/thumb/v7e-m+fp/hard/libstdc++_nano.a(new_opv.o)
                0x0800a5be                operator new[](unsigned int)
 *fill*         0x0800a5c2        0x2 
 .text._ZN10__cxxabiv120__si_class_type_infoD2Ev
                0x0800a5c4       0x14 /opt/ST/STM32CubeCLT_1.17.0/GNU-tools-for-STM32/bin/../lib/gcc/arm-none-eabi/12.3.1/../../../../arm-none-eabi/lib/thumb/v7e-m+fp/hard/libstdc++_nano.a(si_class_type_info.o)
                0x0800a5c4                __cxxabiv1::__si_class_type_info::~__si_class_type_info()
                0x0800a5c4                __cxxabiv1::__si_class_type_info::~__si_class_type_info()
 .text._ZN10__cxxabiv120__si_class_type_infoD0Ev
                0x0800a5d8       0x14 /opt/ST/STM32CubeCLT_1.17.0/GNU-tools-for-STM32/bin/../lib/gcc/arm-none-eabi/12.3.1/../../../../arm-none-eabi/lib/thumb/v7e-m+fp/hard/libstdc++_nano.a(si_class_type_info.o)
                0x0800a5d8                __cxxabiv1::__si_class_type_info::~__si_class_type_info()
 .text._ZNK10__cxxabiv120__si_class_type_info20__do_find_public_srcEiPKvPKNS_17__class_type_infoES2_
                0x0800a5ec       0x3c /opt/ST/STM32CubeCLT_1.17.0/GNU-tools-for-STM32/bin/../lib/gcc/arm-none-eabi/12.3.1/../../../../arm-none-eabi/lib/thumb/v7e-m+fp/hard/libstdc++_nano.a(si_class_type_info.o)
                0x0800a5ec                __cxxabiv1::__si_class_type_info::__do_find_public_src(int, void const*, __cxxabiv1::__class_type_info const*, void const*) const
 .text._ZNK10__cxxabiv120__si_class_type_info12__do_dyncastEiNS_17__class_type_info10__sub_kindEPKS1_PKvS4_S6_RNS1_16__dyncast_resultE
                0x0800a628       0x74 /opt/ST/STM32CubeCLT_1.17.0/GNU-tools-for-STM32/bin/../lib/gcc/arm-none-eabi/12.3.1/../../../../arm-none-eabi/lib/thumb/v7e-m+fp/hard/libstdc++_nano.a(si_class_type_info.o)
                0x0800a628                __cxxabiv1::__si_class_type_info::__do_dyncast(int, __cxxabiv1::__class_type_info::__sub_kind, __cxxabiv1::__class_type_info const*, void const*, __cxxabiv1::__class_type_info const*, void const*, __cxxabiv1::__class_type_info::__dyncast_result&) const
 .text._ZNK10__cxxabiv120__si_class_type_info11__do_upcastEPKNS_17__class_type_infoEPKvRNS1_15__upcast_resultE
                0x0800a69c       0x2a /opt/ST/STM32CubeCLT_1.17.0/GNU-tools-for-STM32/bin/../lib/gcc/arm-none-eabi/12.3.1/../../../../arm-none-eabi/lib/thumb/v7e-m+fp/hard/libstdc++_nano.a(si_class_type_info.o)
                0x0800a69c                __cxxabiv1::__si_class_type_info::__do_upcast(__cxxabiv1::__class_type_info const*, void const*, __cxxabiv1::__class_type_info::__upcast_result&) const
 .text._ZNSt9type_infoD2Ev
                0x0800a6c6        0x2 /opt/ST/STM32CubeCLT_1.17.0/GNU-tools-for-STM32/bin/../lib/gcc/arm-none-eabi/12.3.1/../../../../arm-none-eabi/lib/thumb/v7e-m+fp/hard/libstdc++_nano.a(tinfo.o)
                0x0800a6c6                std::type_info::~type_info()
                0x0800a6c6                std::type_info::~type_info()
 .text._ZNKSt9type_info14__is_pointer_pEv
                0x0800a6c8        0x4 /opt/ST/STM32CubeCLT_1.17.0/GNU-tools-for-STM32/bin/../lib/gcc/arm-none-eabi/12.3.1/../../../../arm-none-eabi/lib/thumb/v7e-m+fp/hard/libstdc++_nano.a(tinfo.o)
                0x0800a6c8                std::type_info::__is_function_p() const
                0x0800a6c8                std::type_info::__is_pointer_p() const
 .text._ZNKSt9type_infoeqERKS_
                0x0800a6cc       0x2c /opt/ST/STM32CubeCLT_1.17.0/GNU-tools-for-STM32/bin/../lib/gcc/arm-none-eabi/12.3.1/../../../../arm-none-eabi/lib/thumb/v7e-m+fp/hard/libstdc++_nano.a(tinfo.o)
                0x0800a6cc                std::type_info::__equal(std::type_info const&) const
                0x0800a6cc                std::type_info::operator==(std::type_info const&) const
 .text._ZNK10__cxxabiv117__class_type_info11__do_upcastEPKS0_PPv
                0x0800a6f8       0x32 /opt/ST/STM32CubeCLT_1.17.0/GNU-tools-for-STM32/bin/../lib/gcc/arm-none-eabi/12.3.1/../../../../arm-none-eabi/lib/thumb/v7e-m+fp/hard/libstdc++_nano.a(class_type_info.o)
                0x0800a6f8                __cxxabiv1::__class_type_info::__do_upcast(__cxxabiv1::__class_type_info const*, void**) const
 .text._ZNK10__cxxabiv117__class_type_info20__do_find_public_srcEiPKvPKS0_S2_
                0x0800a72a        0xc /opt/ST/STM32CubeCLT_1.17.0/GNU-tools-for-STM32/bin/../lib/gcc/arm-none-eabi/12.3.1/../../../../arm-none-eabi/lib/thumb/v7e-m+fp/hard/libstdc++_nano.a(class_type_info.o)
                0x0800a72a                __cxxabiv1::__class_type_info::__do_find_public_src(int, void const*, __cxxabiv1::__class_type_info const*, void const*) const
 *fill*         0x0800a736        0x2 
 .text._ZN10__cxxabiv117__class_type_infoD2Ev
                0x0800a738       0x14 /opt/ST/STM32CubeCLT_1.17.0/GNU-tools-for-STM32/bin/../lib/gcc/arm-none-eabi/12.3.1/../../../../arm-none-eabi/lib/thumb/v7e-m+fp/hard/libstdc++_nano.a(class_type_info.o)
                0x0800a738                __cxxabiv1::__class_type_info::~__class_type_info()
                0x0800a738                __cxxabiv1::__class_type_info::~__class_type_info()
 .text._ZN10__cxxabiv117__class_type_infoD0Ev
                0x0800a74c       0x14 /opt/ST/STM32CubeCLT_1.17.0/GNU-tools-for-STM32/bin/../lib/gcc/arm-none-eabi/12.3.1/../../../../arm-none-eabi/lib/thumb/v7e-m+fp/hard/libstdc++_nano.a(class_type_info.o)
                0x0800a74c                __cxxabiv1::__class_type_info::~__class_type_info()
 .text._ZNK10__cxxabiv117__class_type_info12__do_dyncastEiNS0_10__sub_kindEPKS0_PKvS3_S5_RNS0_16__dyncast_resultE
                0x0800a760       0x3e /opt/ST/STM32CubeCLT_1.17.0/GNU-tools-for-STM32/bin/../lib/gcc/arm-none-eabi/12.3.1/../../../../arm-none-eabi/lib/thumb/v7e-m+fp/hard/libstdc++_nano.a(class_type_info.o)
                0x0800a760                __cxxabiv1::__class_type_info::__do_dyncast(int, __cxxabiv1::__class_type_info::__sub_kind, __cxxabiv1::__class_type_info const*, void const*, __cxxabiv1::__class_type_info const*, void const*, __cxxabiv1::__class_type_info::__dyncast_result&) const
 .text._ZNK10__cxxabiv117__class_type_info11__do_upcastEPKS0_PKvRNS0_15__upcast_resultE
                0x0800a79e       0x18 /opt/ST/STM32CubeCLT_1.17.0/GNU-tools-for-STM32/bin/../lib/gcc/arm-none-eabi/12.3.1/../../../../arm-none-eabi/lib/thumb/v7e-m+fp/hard/libstdc++_nano.a(class_type_info.o)
                0x0800a79e                __cxxabiv1::__class_type_info::__do_upcast(__cxxabiv1::__class_type_info const*, void const*, __cxxabiv1::__class_type_info::__upcast_result&) const
 .text._ZNK10__cxxabiv117__class_type_info10__do_catchEPKSt9type_infoPPvj
                0x0800a7b6       0x2a /opt/ST/STM32CubeCLT_1.17.0/GNU-tools-for-STM32/bin/../lib/gcc/arm-none-eabi/12.3.1/../../../../arm-none-eabi/lib/thumb/v7e-m+fp/hard/libstdc++_nano.a(class_type_info.o)
                0x0800a7b6                __cxxabiv1::__class_type_info::__do_catch(std::type_info const*, void**, unsigned int) const
 .text._ZdlPv   0x0800a7e0        0x4 /opt/ST/STM32CubeCLT_1.17.0/GNU-tools-for-STM32/bin/../lib/gcc/arm-none-eabi/12.3.1/../../../../arm-none-eabi/lib/thumb/v7e-m+fp/hard/libstdc++_nano.a(del_op.o)
                0x0800a7e0                operator delete(void*)
 .text._ZdlPvj  0x0800a7e4        0x4 /opt/ST/STM32CubeCLT_1.17.0/GNU-tools-for-STM32/bin/../lib/gcc/arm-none-eabi/12.3.1/../../../../arm-none-eabi/lib/thumb/v7e-m+fp/hard/libstdc++_nano.a(del_ops.o)
                0x0800a7e4                operator delete(void*, unsigned int)
 .text._ZN10__cxxabiv1L24__is_gxx_exception_classEPc
                0x0800a7e8       0x3a /opt/ST/STM32CubeCLT_1.17.0/GNU-tools-for-STM32/bin/../lib/gcc/arm-none-eabi/12.3.1/../../../../arm-none-eabi/lib/thumb/v7e-m+fp/hard/libstdc++_nano.a(eh_call.o)
 .text.__cxa_call_terminate
                0x0800a822       0x1e /opt/ST/STM32CubeCLT_1.17.0/GNU-tools-for-STM32/bin/../lib/gcc/arm-none-eabi/12.3.1/../../../../arm-none-eabi/lib/thumb/v7e-m+fp/hard/libstdc++_nano.a(eh_call.o)
                0x0800a822                __cxa_call_terminate
 .text.__cxa_call_unexpected
                0x0800a840       0x28 /opt/ST/STM32CubeCLT_1.17.0/GNU-tools-for-STM32/bin/../lib/gcc/arm-none-eabi/12.3.1/../../../../arm-none-eabi/lib/thumb/v7e-m+fp/hard/libstdc++_nano.a(eh_call.o)
                0x0800a840                __cxa_call_unexpected
 .text._ZN10__cxxabiv1L24__is_gxx_exception_classEPc
                0x0800a868       0x3a /opt/ST/STM32CubeCLT_1.17.0/GNU-tools-for-STM32/bin/../lib/gcc/arm-none-eabi/12.3.1/../../../../arm-none-eabi/lib/thumb/v7e-m+fp/hard/libstdc++_nano.a(eh_catch.o)
 .text.__cxa_begin_catch
                0x0800a8a2       0x52 /opt/ST/STM32CubeCLT_1.17.0/GNU-tools-for-STM32/bin/../lib/gcc/arm-none-eabi/12.3.1/../../../../arm-none-eabi/lib/thumb/v7e-m+fp/hard/libstdc++_nano.a(eh_catch.o)
                0x0800a8a2                __cxa_begin_catch
 .text._Znwj    0x0800a8f4       0x22 /opt/ST/STM32CubeCLT_1.17.0/GNU-tools-for-STM32/bin/../lib/gcc/arm-none-eabi/12.3.1/../../../../arm-none-eabi/lib/thumb/v7e-m+fp/hard/libstdc++_nano.a(new_op.o)
                0x0800a8f4                operator new(unsigned int)
 *fill*         0x0800a916        0x2 
 .text._ZSt15get_new_handlerv
                0x0800a918       0x10 /opt/ST/STM32CubeCLT_1.17.0/GNU-tools-for-STM32/bin/../lib/gcc/arm-none-eabi/12.3.1/../../../../arm-none-eabi/lib/thumb/v7e-m+fp/hard/libstdc++_nano.a(new_handler.o)
                0x0800a918                std::get_new_handler()
 .text.unlikely
                0x0800a928        0xc /opt/ST/STM32CubeCLT_1.17.0/GNU-tools-for-STM32/bin/../lib/gcc/arm-none-eabi/12.3.1/thumb/v7e-m+fp/hard/libgcc.a(pr-support.o)
                0x0800a928                _Unwind_GetDataRelBase
                0x0800a92e                _Unwind_GetTextRelBase
 .text.abort    0x0800a934        0xe /opt/ST/STM32CubeCLT_1.17.0/GNU-tools-for-STM32/bin/../lib/gcc/arm-none-eabi/12.3.1/../../../../arm-none-eabi/lib/thumb/v7e-m+fp/hard/libc_nano.a(libc_a-abort.o)
                0x0800a934                abort
 *fill*         0x0800a942        0x2 
 .text.malloc   0x0800a944       0x10 /opt/ST/STM32CubeCLT_1.17.0/GNU-tools-for-STM32/bin/../lib/gcc/arm-none-eabi/12.3.1/../../../../arm-none-eabi/lib/thumb/v7e-m+fp/hard/libc_nano.a(libc_a-malloc.o)
                0x0800a944                malloc
 .text.free     0x0800a954       0x10 /opt/ST/STM32CubeCLT_1.17.0/GNU-tools-for-STM32/bin/../lib/gcc/arm-none-eabi/12.3.1/../../../../arm-none-eabi/lib/thumb/v7e-m+fp/hard/libc_nano.a(libc_a-malloc.o)
                0x0800a954                free
 .text._raise_r
                0x0800a964       0x50 /opt/ST/STM32CubeCLT_1.17.0/GNU-tools-for-STM32/bin/../lib/gcc/arm-none-eabi/12.3.1/../../../../arm-none-eabi/lib/thumb/v7e-m+fp/hard/libc_nano.a(libc_a-signal.o)
                0x0800a964                _raise_r
 .text.raise    0x0800a9b4       0x10 /opt/ST/STM32CubeCLT_1.17.0/GNU-tools-for-STM32/bin/../lib/gcc/arm-none-eabi/12.3.1/../../../../arm-none-eabi/lib/thumb/v7e-m+fp/hard/libc_nano.a(libc_a-signal.o)
                0x0800a9b4                raise
 .text._kill_r  0x0800a9c4       0x24 /opt/ST/STM32CubeCLT_1.17.0/GNU-tools-for-STM32/bin/../lib/gcc/arm-none-eabi/12.3.1/../../../../arm-none-eabi/lib/thumb/v7e-m+fp/hard/libc_nano.a(libc_a-signalr.o)
                0x0800a9c4                _kill_r
 .text._getpid_r
                0x0800a9e8        0x4 /opt/ST/STM32CubeCLT_1.17.0/GNU-tools-for-STM32/bin/../lib/gcc/arm-none-eabi/12.3.1/../../../../arm-none-eabi/lib/thumb/v7e-m+fp/hard/libc_nano.a(libc_a-signalr.o)
                0x0800a9e8                _getpid_r
 .text.memcpy   0x0800a9ec       0x1c /opt/ST/STM32CubeCLT_1.17.0/GNU-tools-for-STM32/bin/../lib/gcc/arm-none-eabi/12.3.1/../../../../arm-none-eabi/lib/thumb/v7e-m+fp/hard/libc_nano.a(libc_a-memcpy-stub.o)
                0x0800a9ec                memcpy
 *(.glue_7)
 .glue_7        0x0800aa08        0x0 linker stubs
 *(.glue_7t)
 .glue_7t       0x0800aa08        0x0 linker stubs
 *(.eh_frame)
 .eh_frame      0x0800aa08        0x0 /opt/ST/STM32CubeCLT_1.17.0/GNU-tools-for-STM32/bin/../lib/gcc/arm-none-eabi/12.3.1/thumb/v7e-m+fp/hard/crtbegin.o
 *(.init)
 .init          0x0800aa08        0x4 /opt/ST/STM32CubeCLT_1.17.0/GNU-tools-for-STM32/bin/../lib/gcc/arm-none-eabi/12.3.1/thumb/v7e-m+fp/hard/crti.o
                0x0800aa08                _init
 .init          0x0800aa0c        0x8 /opt/ST/STM32CubeCLT_1.17.0/GNU-tools-for-STM32/bin/../lib/gcc/arm-none-eabi/12.3.1/thumb/v7e-m+fp/hard/crtn.o
 *(.fini)
 .fini          0x0800aa14        0x4 /opt/ST/STM32CubeCLT_1.17.0/GNU-tools-for-STM32/bin/../lib/gcc/arm-none-eabi/12.3.1/thumb/v7e-m+fp/hard/crti.o
                0x0800aa14                _fini
 .fini          0x0800aa18        0x8 /opt/ST/STM32CubeCLT_1.17.0/GNU-tools-for-STM32/bin/../lib/gcc/arm-none-eabi/12.3.1/thumb/v7e-m+fp/hard/crtn.o
                0x0800aa20                        . = ALIGN (0x4)
                0x0800aa20                        _etext = .

.vfp11_veneer   0x0800aa20        0x0
 .vfp11_veneer  0x0800aa20        0x0 linker stubs

.v4_bx          0x0800aa20        0x0
 .v4_bx         0x0800aa20        0x0 linker stubs

.iplt           0x0800aa20        0x0
 .iplt          0x0800aa20        0x0 /opt/ST/STM32CubeCLT_1.17.0/GNU-tools-for-STM32/bin/../lib/gcc/arm-none-eabi/12.3.1/thumb/v7e-m+fp/hard/crtbegin.o

.rodata         0x0800aa20      0x2b8
                0x0800aa20                        . = ALIGN (0x4)
 *(.rodata)
 *(.rodata*)
 .rodata.flagBitshiftOffset.0
                0x0800aa20        0x8 build/stm32f4xx_hal_dma.o
 .rodata.APBPrescTable
                0x0800aa28        0x8 build/system_stm32f4xx.o
                0x0800aa28                APBPrescTable
 .rodata.AHBPrescTable
                0x0800aa30       0x10 build/system_stm32f4xx.o
                0x0800aa30                AHBPrescTable
 .rodata._ZL4_sin
                0x0800aa40      0x16c build/MyMath.o
 .rodata.asin.str1.1
                0x0800abac        0x1 /opt/ST/STM32CubeCLT_1.17.0/GNU-tools-for-STM32/bin/../lib/gcc/arm-none-eabi/12.3.1/../../../../arm-none-eabi/lib/thumb/v7e-m+fp/hard/libm.a(libm_a-w_asin.o)
 .rodata._ZTSN10__cxxabiv115__forced_unwindE
                0x0800abad       0x20 /opt/ST/STM32CubeCLT_1.17.0/GNU-tools-for-STM32/bin/../lib/gcc/arm-none-eabi/12.3.1/../../../../arm-none-eabi/lib/thumb/v7e-m+fp/hard/libstdc++_nano.a(eh_exception.o)
                0x0800abad                typeinfo name for __cxxabiv1::__forced_unwind
 *fill*         0x0800abcd        0x3 
 .rodata._ZTIN10__cxxabiv115__forced_unwindE
                0x0800abd0        0x8 /opt/ST/STM32CubeCLT_1.17.0/GNU-tools-for-STM32/bin/../lib/gcc/arm-none-eabi/12.3.1/../../../../arm-none-eabi/lib/thumb/v7e-m+fp/hard/libstdc++_nano.a(eh_exception.o)
                0x0800abd0                typeinfo for __cxxabiv1::__forced_unwind
 .rodata._ZTSN10__cxxabiv119__foreign_exceptionE
                0x0800abd8       0x24 /opt/ST/STM32CubeCLT_1.17.0/GNU-tools-for-STM32/bin/../lib/gcc/arm-none-eabi/12.3.1/../../../../arm-none-eabi/lib/thumb/v7e-m+fp/hard/libstdc++_nano.a(eh_exception.o)
                0x0800abd8                typeinfo name for __cxxabiv1::__foreign_exception
 .rodata._ZTIN10__cxxabiv119__foreign_exceptionE
                0x0800abfc        0x8 /opt/ST/STM32CubeCLT_1.17.0/GNU-tools-for-STM32/bin/../lib/gcc/arm-none-eabi/12.3.1/../../../../arm-none-eabi/lib/thumb/v7e-m+fp/hard/libstdc++_nano.a(eh_exception.o)
                0x0800abfc                typeinfo for __cxxabiv1::__foreign_exception
 .rodata._ZTSN10__cxxabiv120__si_class_type_infoE
                0x0800ac04       0x25 /opt/ST/STM32CubeCLT_1.17.0/GNU-tools-for-STM32/bin/../lib/gcc/arm-none-eabi/12.3.1/../../../../arm-none-eabi/lib/thumb/v7e-m+fp/hard/libstdc++_nano.a(si_class_type_info.o)
                0x0800ac04                typeinfo name for __cxxabiv1::__si_class_type_info
 *fill*         0x0800ac29        0x3 
 .rodata._ZTIN10__cxxabiv120__si_class_type_infoE
                0x0800ac2c        0xc /opt/ST/STM32CubeCLT_1.17.0/GNU-tools-for-STM32/bin/../lib/gcc/arm-none-eabi/12.3.1/../../../../arm-none-eabi/lib/thumb/v7e-m+fp/hard/libstdc++_nano.a(si_class_type_info.o)
                0x0800ac2c                typeinfo for __cxxabiv1::__si_class_type_info
 .rodata._ZTVN10__cxxabiv120__si_class_type_infoE
                0x0800ac38       0x2c /opt/ST/STM32CubeCLT_1.17.0/GNU-tools-for-STM32/bin/../lib/gcc/arm-none-eabi/12.3.1/../../../../arm-none-eabi/lib/thumb/v7e-m+fp/hard/libstdc++_nano.a(si_class_type_info.o)
                0x0800ac38                vtable for __cxxabiv1::__si_class_type_info
 .rodata._ZTSSt9type_info
                0x0800ac64        0xd /opt/ST/STM32CubeCLT_1.17.0/GNU-tools-for-STM32/bin/../lib/gcc/arm-none-eabi/12.3.1/../../../../arm-none-eabi/lib/thumb/v7e-m+fp/hard/libstdc++_nano.a(tinfo.o)
                0x0800ac64                typeinfo name for std::type_info
 *fill*         0x0800ac71        0x3 
 .rodata._ZTISt9type_info
                0x0800ac74        0x8 /opt/ST/STM32CubeCLT_1.17.0/GNU-tools-for-STM32/bin/../lib/gcc/arm-none-eabi/12.3.1/../../../../arm-none-eabi/lib/thumb/v7e-m+fp/hard/libstdc++_nano.a(tinfo.o)
                0x0800ac74                typeinfo for std::type_info
 .rodata._ZTSN10__cxxabiv117__class_type_infoE
                0x0800ac7c       0x22 /opt/ST/STM32CubeCLT_1.17.0/GNU-tools-for-STM32/bin/../lib/gcc/arm-none-eabi/12.3.1/../../../../arm-none-eabi/lib/thumb/v7e-m+fp/hard/libstdc++_nano.a(class_type_info.o)
                0x0800ac7c                typeinfo name for __cxxabiv1::__class_type_info
 *fill*         0x0800ac9e        0x2 
 .rodata._ZTIN10__cxxabiv117__class_type_infoE
                0x0800aca0        0xc /opt/ST/STM32CubeCLT_1.17.0/GNU-tools-for-STM32/bin/../lib/gcc/arm-none-eabi/12.3.1/../../../../arm-none-eabi/lib/thumb/v7e-m+fp/hard/libstdc++_nano.a(class_type_info.o)
                0x0800aca0                typeinfo for __cxxabiv1::__class_type_info
 .rodata._ZTVN10__cxxabiv117__class_type_infoE
                0x0800acac       0x2c /opt/ST/STM32CubeCLT_1.17.0/GNU-tools-for-STM32/bin/../lib/gcc/arm-none-eabi/12.3.1/../../../../arm-none-eabi/lib/thumb/v7e-m+fp/hard/libstdc++_nano.a(class_type_info.o)
                0x0800acac                vtable for __cxxabiv1::__class_type_info
                0x0800acd8                        . = ALIGN (0x4)

.ARM.extab      0x0800acd8       0xd0
 *(.ARM.extab* .gnu.linkonce.armextab.*)
 .ARM.extab.text._ZL13InitializePIDP5Robot
                0x0800acd8        0xc build/capture_ball.o
 .ARM.extab.text._ZN5RobotD2Ev
                0x0800ace4        0x0 build/app.o
 .ARM.extab.text._ZN12PwmSingleOut5writeEf
                0x0800ace4        0x0 build/app.o
 .ARM.extab.text.TimInterrupt1khz
                0x0800ace4        0xc build/app.o
 .ARM.extab.text.setup
                0x0800acf0        0xc build/app.o
 .ARM.extab.text.main_app
                0x0800acfc        0xc build/app.o
 .ARM.extab.text._ZN3PID7ComputeEff
                0x0800ad08        0xc build/pid.o
 .ARM.extab.text._ZN5Timer7read_msEv
                0x0800ad14        0xc build/Timer.o
 .ARM.extab.text._ZN5Timer7read_usEv
                0x0800ad20        0xc build/Timer.o
 .ARM.extab.text._ZL13InitializePIDP5Robot
                0x0800ad2c        0xc build/defence.o
 .ARM.extab.text._ZL9LineTraceP5Robot
                0x0800ad38        0xc build/on_line.o
 .ARM.extab.text._ZN12PwmSingleOut4initEv
                0x0800ad44        0x0 build/dribbler_drive.o
 .ARM.extab.text._ZN12PwmSingleOut5soundEtt
                0x0800ad44        0x0 build/dribbler_drive.o
 .ARM.extab.text._ZN10MotorDrive5DriveEsffsfh
                0x0800ad44        0xc build/motor_drive.o
 .ARM.extab.text._ZN14BufferedSerial9availableEv
                0x0800ad50        0x0 build/robot.o
 .ARM.extab.text._ZN14BufferedSerial4readEv
                0x0800ad50        0x0 build/robot.o
 .ARM.extab.text._ZN5RobotC2Ev
                0x0800ad50       0x34 build/robot.o
 .ARM.extab.text._ZN5Robot7CamUartEv
                0x0800ad84        0xc build/robot.o
 .ARM.extab     0x0800ad90       0x18 /opt/ST/STM32CubeCLT_1.17.0/GNU-tools-for-STM32/bin/../lib/gcc/arm-none-eabi/12.3.1/thumb/v7e-m+fp/hard/libgcc.a(pr-support.o)

.ARM            0x0800ada8      0x268
                0x0800ada8                        __exidx_start = .
 *(.ARM.exidx*)
 .ARM.exidx     0x0800ada8        0x8 /opt/ST/STM32CubeCLT_1.17.0/GNU-tools-for-STM32/bin/../lib/gcc/arm-none-eabi/12.3.1/thumb/v7e-m+fp/hard/libgcc.a(_udivmoddi4.o)
 .ARM.exidx     0x0800adb0       0x78 /opt/ST/STM32CubeCLT_1.17.0/GNU-tools-for-STM32/bin/../lib/gcc/arm-none-eabi/12.3.1/thumb/v7e-m+fp/hard/libgcc.a(unwind-arm.o)
                                 0xd8 (size before relaxing)
 .ARM.exidx     0x0800ae28       0x38 /opt/ST/STM32CubeCLT_1.17.0/GNU-tools-for-STM32/bin/../lib/gcc/arm-none-eabi/12.3.1/thumb/v7e-m+fp/hard/libgcc.a(pr-support.o)
 .ARM.exidx     0x0800ae60        0x0 /opt/ST/STM32CubeCLT_1.17.0/GNU-tools-for-STM32/bin/../lib/gcc/arm-none-eabi/12.3.1/../../../../arm-none-eabi/lib/thumb/v7e-m+fp/hard/libc_nano.a(libc_a-strcmp.o)
                                  0x8 (size before relaxing)
 .ARM.exidx.text._ZL13InitializePIDP5Robot
                0x0800ae60        0x8 build/capture_ball.o
 .ARM.exidx.text._Z41__static_initialization_and_destruction_0ii
                0x0800ae68        0x8 build/capture_ball.o
 .ARM.exidx.text._Z11CaptureBallP5Robots
                0x0800ae70        0x8 build/capture_ball.o
 .ARM.exidx.text._GLOBAL__sub_I__Z11CaptureBallP5Robots
                0x0800ae78        0x8 build/capture_ball.o
 .ARM.exidx.text._ZN5RobotD2Ev
                0x0800ae80        0x0 build/app.o
                                  0x8 (size before relaxing)
 .ARM.exidx.text._Z41__static_initialization_and_destruction_0ii
                0x0800ae80        0x0 build/app.o
                                  0x8 (size before relaxing)
 .ARM.exidx.text._ZN12PwmSingleOut5writeEf
                0x0800ae80        0x0 build/app.o
                                  0x8 (size before relaxing)
 .ARM.exidx.text.TimInterrupt1khz
                0x0800ae80        0x8 build/app.o
 .ARM.exidx.text.setup
                0x0800ae88        0x8 build/app.o
 .ARM.exidx.text.main_app
                0x0800ae90        0x8 build/app.o
 .ARM.exidx.text._GLOBAL__sub_I_robot
                0x0800ae98        0x8 build/app.o
 .ARM.exidx.text._ZN4Mode8MainModeEv
                0x0800aea0        0x8 build/main_mode.o
 .ARM.exidx.text._ZN9MovingAve9SetLengthEh
                0x0800aea8        0x8 build/MovingAve.o
 .ARM.exidx.text._ZN9MovingAve7ComputeEd
                0x0800aeb0        0x0 build/MovingAve.o
                                  0x8 (size before relaxing)
 .ARM.exidx.text._ZN9MovingAve3GetEv
                0x0800aeb0        0x0 build/MovingAve.o
                                  0x8 (size before relaxing)
 .ARM.exidx.text.atan2
                0x0800aeb0        0x0 build/MyMath.o
                                  0x8 (size before relaxing)
 .ARM.exidx.text.NormalizeDeg180
                0x0800aeb0        0x0 build/MyMath.o
                                  0x8 (size before relaxing)
 .ARM.exidx.text.NormalizeDeg
                0x0800aeb0        0x0 build/MyMath.o
                                  0x8 (size before relaxing)
 .ARM.exidx.text.sinDeg
                0x0800aeb0        0x0 build/MyMath.o
                                  0x8 (size before relaxing)
 .ARM.exidx.text.cosDeg
                0x0800aeb0        0x0 build/MyMath.o
                                  0x8 (size before relaxing)
 .ARM.exidx.text.GapDeg
                0x0800aeb0        0x0 build/MyMath.o
                                  0x8 (size before relaxing)
 .ARM.exidx.text.sqrt
                0x0800aeb0        0x0 build/MyMath.o
                                  0x8 (size before relaxing)
 .ARM.exidx.text._ZN3PIDC2Ev
                0x0800aeb0        0x8 build/pid.o
 .ARM.exidx.text._ZN3PID7SetGainEfff
                0x0800aeb8        0x8 build/pid.o
 .ARM.exidx.text._ZN3PID15SetSamplingFreqEt
                0x0800aec0        0x0 build/pid.o
                                  0x8 (size before relaxing)
 .ARM.exidx.text._ZN3PID8SetLimitEdd
                0x0800aec0        0x0 build/pid.o
                                  0x8 (size before relaxing)
 .ARM.exidx.text._ZN3PID7SetTypeEh
                0x0800aec0        0x0 build/pid.o
                                  0x8 (size before relaxing)
 .ARM.exidx.text._ZN3PID7ComputeEff
                0x0800aec0        0x8 build/pid.o
 .ARM.exidx.text._ZN3PID3GetEv
                0x0800aec8        0x8 build/pid.o
 .ARM.exidx.text._ZN3PID6ResetIEv
                0x0800aed0        0x0 build/pid.o
                                  0x8 (size before relaxing)
 .ARM.exidx.text._ZN5TimerC2Ev
                0x0800aed0        0x0 build/Timer.o
                                  0x8 (size before relaxing)
 .ARM.exidx.text._ZN5Timer5resetEv
                0x0800aed0        0x0 build/Timer.o
                                  0x8 (size before relaxing)
 .ARM.exidx.text._ZN5Timer4readEv
                0x0800aed0        0x8 build/Timer.o
 .ARM.exidx.text._ZN5Timer7read_msEv
                0x0800aed8        0x8 build/Timer.o
 .ARM.exidx.text._ZN5Timer7read_usEv
                0x0800aee0        0x8 build/Timer.o
 .ARM.exidx.text._ZL13InitializePIDP5Robot
                0x0800aee8        0x8 build/defence.o
 .ARM.exidx.text._ZL9LineTraceP5Robot
                0x0800aef0        0x8 build/defence.o
 .ARM.exidx.text._Z41__static_initialization_and_destruction_0ii
                0x0800aef8        0x8 build/defence.o
 .ARM.exidx.text._ZN4Mode7DefenceEv
                0x0800af00        0x8 build/defence.o
 .ARM.exidx.text._GLOBAL__sub_I__ZN4Mode7DefenceEv
                0x0800af08        0x8 build/defence.o
 .ARM.exidx.text._ZL13HoldBallFrontP5Robot
                0x0800af10        0x8 build/offence.o
 .ARM.exidx.text._ZL12HoldBallBackP5Robot
                0x0800af18        0x8 build/offence.o
 .ARM.exidx.text._Z41__static_initialization_and_destruction_0ii
                0x0800af20        0x8 build/offence.o
 .ARM.exidx.text._ZN4Mode7OffenceEv
                0x0800af28        0x8 build/offence.o
 .ARM.exidx.text._GLOBAL__sub_I__ZN4Mode7OffenceEv
                0x0800af30        0x8 build/offence.o
 .ARM.exidx.text._ZL9LineTraceP5Robot
                0x0800af38        0x8 build/on_line.o
 .ARM.exidx.text._Z41__static_initialization_and_destruction_0ii
                0x0800af40        0x8 build/on_line.o
 .ARM.exidx.text._Z6OnLineP5Robot
                0x0800af48        0x8 build/on_line.o
 .ARM.exidx.text._GLOBAL__sub_I_back_to_inside_timer
                0x0800af50        0x8 build/on_line.o
 .ARM.exidx.text._ZN12PwmSingleOut4initEv
                0x0800af58        0x8 build/dribbler_drive.o
 .ARM.exidx.text._ZN12PwmSingleOut5soundEtt
                0x0800af60        0x8 build/dribbler_drive.o
 .ARM.exidx.text._ZN13DribblerDriveC2EP12PwmSingleOutS1_
                0x0800af68        0x8 build/dribbler_drive.o
 .ARM.exidx.text._ZN13DribblerDrive4HoldEh
                0x0800af70        0x8 build/dribbler_drive.o
 .ARM.exidx.text._ZN13DribblerDrive5BrakeEt
                0x0800af78        0x8 build/dribbler_drive.o
 .ARM.exidx.text._ZN13DribblerDrive15CheckConnectionEv
                0x0800af80        0x8 build/dribbler_drive.o
 .ARM.exidx.text._ZN6KickerC2EP10DigitalOutS1_
                0x0800af88        0x8 build/kicker.o
 .ARM.exidx.text._ZN6Kicker4KickEf
                0x0800af90        0x0 build/kicker.o
                                  0x8 (size before relaxing)
 .ARM.exidx.text._ZN6Kicker7ControlEv
                0x0800af90        0x8 build/kicker.o
 .ARM.exidx.text._ZN10MotorDriveC2EP12PwmSingleOutS1_S1_S1_S1_S1_S1_S1_PsPf
                0x0800af98        0x8 build/motor_drive.o
 .ARM.exidx.text._ZN10MotorDrive3RunEssss
                0x0800afa0        0x8 build/motor_drive.o
 .ARM.exidx.text._ZN10MotorDrive5DriveEsffsfh
                0x0800afa8        0x8 build/motor_drive.o
 .ARM.exidx.text._ZN10MotorDrive5BrakeEt
                0x0800afb0        0x8 build/motor_drive.o
 .ARM.exidx.text._ZN10MotorDrive4FreeEv
                0x0800afb8        0x8 build/motor_drive.o
 .ARM.exidx.text._ZN10MotorDrive15CheckConnectionEv
                0x0800afc0        0x8 build/motor_drive.o
 .ARM.exidx.text._ZN14BufferedSerial9availableEv
                0x0800afc8        0x0 build/robot.o
                                  0x8 (size before relaxing)
 .ARM.exidx.text._ZN14BufferedSerial4readEv
                0x0800afc8        0x8 build/robot.o
 .ARM.exidx.text._ZN5RobotC2Ev
                0x0800afd0        0x8 build/robot.o
 .ARM.exidx.text._ZN5Robot12HardwareInitEv
                0x0800afd8        0x8 build/robot.o
 .ARM.exidx.text._ZN5Robot10GetSensorsEv
                0x0800afe0        0x8 build/robot.o
 .ARM.exidx.text._ZN5Robot7ImuUartEv
                0x0800afe8        0x0 build/robot.o
                                  0x8 (size before relaxing)
 .ARM.exidx.text._ZN5Robot8LineUartEv
                0x0800afe8        0x8 build/robot.o
 .ARM.exidx.text._ZN5Robot6UiUartEv
                0x0800aff0        0x8 build/robot.o
 .ARM.exidx.text._ZN5Robot7CamUartEv
                0x0800aff8        0x8 build/robot.o
 .ARM.exidx.text._ZN5Robot9Esp32UartEv
                0x0800b000       0x10 build/robot.o
                                  0x8 (size before relaxing)
 .ARM.exidx.text.unlikely
                0x0800b010        0x0 /opt/ST/STM32CubeCLT_1.17.0/GNU-tools-for-STM32/bin/../lib/gcc/arm-none-eabi/12.3.1/thumb/v7e-m+fp/hard/libgcc.a(pr-support.o)
                                 0x10 (size before relaxing)
                0x0800b010                        __exidx_end = .

.rel.dyn        0x0800b010        0x0
 .rel.iplt      0x0800b010        0x0 /opt/ST/STM32CubeCLT_1.17.0/GNU-tools-for-STM32/bin/../lib/gcc/arm-none-eabi/12.3.1/thumb/v7e-m+fp/hard/crtbegin.o

.preinit_array  0x0800b010        0x0
                0x0800b010                        PROVIDE (__preinit_array_start = .)
 *(.preinit_array*)
                0x0800b010                        PROVIDE (__preinit_array_end = .)

.init_array     0x0800b010       0x1c
                0x0800b010                        PROVIDE (__init_array_start = .)
 *(SORT_BY_NAME(.init_array.*))
 *(.init_array*)
 .init_array    0x0800b010        0x4 /opt/ST/STM32CubeCLT_1.17.0/GNU-tools-for-STM32/bin/../lib/gcc/arm-none-eabi/12.3.1/thumb/v7e-m+fp/hard/crtbegin.o
 .init_array    0x0800b014        0x4 build/capture_ball.o
 .init_array    0x0800b018        0x4 build/app.o
 .init_array    0x0800b01c        0x4 build/defence.o
 .init_array    0x0800b020        0x4 build/offence.o
 .init_array    0x0800b024        0x4 build/on_line.o
 .init_array    0x0800b028        0x4 /opt/ST/STM32CubeCLT_1.17.0/GNU-tools-for-STM32/bin/../lib/gcc/arm-none-eabi/12.3.1/../../../../arm-none-eabi/lib/thumb/v7e-m+fp/hard/libstdc++_nano.a(eh_globals.o)
                0x0800b02c                        PROVIDE (__init_array_end = .)

.fini_array     0x0800b02c        0x4
                [!provide]                        PROVIDE (__fini_array_start = .)
 *(SORT_BY_NAME(.fini_array.*))
 *(.fini_array*)
 .fini_array    0x0800b02c        0x4 /opt/ST/STM32CubeCLT_1.17.0/GNU-tools-for-STM32/bin/../lib/gcc/arm-none-eabi/12.3.1/thumb/v7e-m+fp/hard/crtbegin.o
                [!provide]                        PROVIDE (__fini_array_end = .)
                0x0800b030                        _sidata = LOADADDR (.data)

.data           0x20000000       0x80 load address 0x0800b030
                0x20000000                        . = ALIGN (0x4)
                0x20000000                        _sdata = .
 *(.data)
 .data          0x20000000        0x4 /opt/ST/STM32CubeCLT_1.17.0/GNU-tools-for-STM32/bin/../lib/gcc/arm-none-eabi/12.3.1/thumb/v7e-m+fp/hard/crtbegin.o
                0x20000000                __dso_handle
 *(.data*)
 .data.uwTickFreq
                0x20000004        0x1 build/stm32f4xx_hal.o
                0x20000004                uwTickFreq
 *fill*         0x20000005        0x3 
 .data.uwTickPrio
                0x20000008        0x4 build/stm32f4xx_hal.o
                0x20000008                uwTickPrio
 .data.SystemCoreClock
                0x2000000c        0x4 build/system_stm32f4xx.o
                0x2000000c                SystemCoreClock
 .data._ZZN5Robot10GetSensorsEvE11pre_voltage
                0x20000010        0x4 build/robot.o
 .data._impure_ptr
                0x20000014        0x4 /opt/ST/STM32CubeCLT_1.17.0/GNU-tools-for-STM32/bin/../lib/gcc/arm-none-eabi/12.3.1/../../../../arm-none-eabi/lib/thumb/v7e-m+fp/hard/libc_nano.a(libc_a-impure.o)
                0x20000014                _impure_ptr
 .data._impure_data
                0x20000018       0x4c /opt/ST/STM32CubeCLT_1.17.0/GNU-tools-for-STM32/bin/../lib/gcc/arm-none-eabi/12.3.1/../../../../arm-none-eabi/lib/thumb/v7e-m+fp/hard/libc_nano.a(libc_a-impure.o)
                0x20000018                _impure_data
 *fill*         0x20000064        0x4 
 .data.tiny     0x20000068        0x8 /opt/ST/STM32CubeCLT_1.17.0/GNU-tools-for-STM32/bin/../lib/gcc/arm-none-eabi/12.3.1/../../../../arm-none-eabi/lib/thumb/v7e-m+fp/hard/libm.a(libm_a-e_sqrt.o)
 .data.one      0x20000070        0x8 /opt/ST/STM32CubeCLT_1.17.0/GNU-tools-for-STM32/bin/../lib/gcc/arm-none-eabi/12.3.1/../../../../arm-none-eabi/lib/thumb/v7e-m+fp/hard/libm.a(libm_a-e_sqrt.o)
 .data._ZN10__cxxabiv120__unexpected_handlerE
                0x20000078        0x4 /opt/ST/STM32CubeCLT_1.17.0/GNU-tools-for-STM32/bin/../lib/gcc/arm-none-eabi/12.3.1/../../../../arm-none-eabi/lib/thumb/v7e-m+fp/hard/libstdc++_nano.a(eh_unex_handler.o)
                0x20000078                __cxxabiv1::__unexpected_handler
 .data._ZN10__cxxabiv119__terminate_handlerE
                0x2000007c        0x4 /opt/ST/STM32CubeCLT_1.17.0/GNU-tools-for-STM32/bin/../lib/gcc/arm-none-eabi/12.3.1/../../../../arm-none-eabi/lib/thumb/v7e-m+fp/hard/libstdc++_nano.a(eh_term_handler.o)
                0x2000007c                __cxxabiv1::__terminate_handler
                0x20000080                        . = ALIGN (0x4)
                0x20000080                        _edata = .

.igot.plt       0x20000080        0x0 load address 0x0800b0b0
 .igot.plt      0x20000080        0x0 /opt/ST/STM32CubeCLT_1.17.0/GNU-tools-for-STM32/bin/../lib/gcc/arm-none-eabi/12.3.1/thumb/v7e-m+fp/hard/crtbegin.o
                0x20000080                        . = ALIGN (0x4)

.bss            0x20000080     0x2950 load address 0x0800b0b0
                0x20000080                        _sbss = .
                0x20000080                        __bss_start__ = _sbss
 *(.bss)
 .bss           0x20000080       0x1c /opt/ST/STM32CubeCLT_1.17.0/GNU-tools-for-STM32/bin/../lib/gcc/arm-none-eabi/12.3.1/thumb/v7e-m+fp/hard/crtbegin.o
 *(.bss*)
 .bss.hdma_adc1
                0x2000009c       0x60 build/adc.o
                0x2000009c                hdma_adc1
 .bss.hadc1     0x200000fc       0x48 build/adc.o
                0x200000fc                hadc1
 .bss.htim13    0x20000144       0x48 build/tim.o
                0x20000144                htim13
 .bss.htim12    0x2000018c       0x48 build/tim.o
                0x2000018c                htim12
 .bss.htim10    0x200001d4       0x48 build/tim.o
                0x200001d4                htim10
 .bss.htim4     0x2000021c       0x48 build/tim.o
                0x2000021c                htim4
 .bss.htim3     0x20000264       0x48 build/tim.o
                0x20000264                htim3
 .bss.htim2     0x200002ac       0x48 build/tim.o
                0x200002ac                htim2
 .bss.uwTick    0x200002f4        0x4 build/stm32f4xx_hal.o
                0x200002f4                uwTick
 .bss.__sbrk_heap_end
                0x200002f8        0x4 build/sysmem.o
 .bss.hdma_usart3_tx
                0x200002fc       0x60 build/usart.o
                0x200002fc                hdma_usart3_tx
 .bss.hdma_usart3_rx
                0x2000035c       0x60 build/usart.o
                0x2000035c                hdma_usart3_rx
 .bss.hdma_usart2_tx
                0x200003bc       0x60 build/usart.o
                0x200003bc                hdma_usart2_tx
 .bss.hdma_usart2_rx
                0x2000041c       0x60 build/usart.o
                0x2000041c                hdma_usart2_rx
 .bss.hdma_usart1_tx
                0x2000047c       0x60 build/usart.o
                0x2000047c                hdma_usart1_tx
 .bss.hdma_usart1_rx
                0x200004dc       0x60 build/usart.o