ARM GAS  /var/folders/5c/srt4fy4j1pd641bjfx75k5000000gn/T//ccsjbwYW.s 			page 1


   1              		.cpu cortex-m4
   2              		.arch armv7e-m
   3              		.fpu fpv4-sp-d16
   4              		.eabi_attribute 27, 1
   5              		.eabi_attribute 28, 1
   6              		.eabi_attribute 20, 1
   7              		.eabi_attribute 21, 1
   8              		.eabi_attribute 23, 3
   9              		.eabi_attribute 24, 1
  10              		.eabi_attribute 25, 1
  11              		.eabi_attribute 26, 1
  12              		.eabi_attribute 30, 1
  13              		.eabi_attribute 34, 1
  14              		.eabi_attribute 18, 4
  15              		.file	"offence.cpp"
  16              		.text
  17              	.Ltext0:
  18              		.cfi_sections	.debug_frame
  19              		.file 1 "src/algorithm/offence/offence.cpp"
  20              		.global	__aeabi_i2d
  21              		.global	__aeabi_dmul
  22              		.global	__aeabi_d2iz
  23              		.section	.text._ZL13HoldBallFrontP5Robot,"ax",%progbits
  24              		.align	1
  25              		.syntax unified
  26              		.thumb
  27              		.thumb_func
  29              	_ZL13HoldBallFrontP5Robot:
  30              		.fnstart
  31              	.LVL0:
  32              	.LFB1197:
   1:src/algorithm/offence/offence.cpp **** #include "capture_ball.hpp"
   2:src/algorithm/offence/offence.cpp **** #include "mode.hpp"
   3:src/algorithm/offence/offence.cpp **** #include "on_line.hpp"
   4:src/algorithm/offence/offence.cpp **** 
   5:src/algorithm/offence/offence.cpp **** // ボール保持中
   6:src/algorithm/offence/offence.cpp **** static Timer do_back_curve_shoot_timer;
   7:src/algorithm/offence/offence.cpp **** static Timer do_front_curve_shoot_timer;
   8:src/algorithm/offence/offence.cpp **** static Timer hold_timer;
   9:src/algorithm/offence/offence.cpp **** 
  10:src/algorithm/offence/offence.cpp **** static bool do_back_curve_shoot;
  11:src/algorithm/offence/offence.cpp **** 
  12:src/algorithm/offence/offence.cpp **** static bool do_front_curve_shoot;
  13:src/algorithm/offence/offence.cpp **** 
  14:src/algorithm/offence/offence.cpp **** static void HoldBallFront(Robot* robot) {
  33              		.loc 1 14 41 view -0
  34              		.cfi_startproc
  35              		@ args = 0, pretend = 0, frame = 0
  36              		@ frame_needed = 0, uses_anonymous_args = 0
  37              		.loc 1 14 41 is_stmt 0 view .LVU1
  38 0000 38B5     		push	{r3, r4, r5, lr}
  39              		.save {r3, r4, r5, lr}
  40              	.LCFI0:
  41              		.cfi_def_cfa_offset 16
  42              		.cfi_offset 3, -16
  43              		.cfi_offset 4, -12
  44              		.cfi_offset 5, -8
ARM GAS  /var/folders/5c/srt4fy4j1pd641bjfx75k5000000gn/T//ccsjbwYW.s 			page 2


  45              		.cfi_offset 14, -4
  46 0002 2DED028B 		vpush.64	{d8}
  47              		.vsave {d8}
  48              	.LCFI1:
  49              		.cfi_def_cfa_offset 24
  50              		.cfi_offset 80, -24
  51              		.cfi_offset 81, -20
  52 0006 0446     		mov	r4, r0
  15:src/algorithm/offence/offence.cpp ****       if (do_front_curve_shoot == true) {
  53              		.loc 1 15 7 is_stmt 1 view .LVU2
  54              	.LBB2:
  55              		.loc 1 15 32 is_stmt 0 view .LVU3
  56 0008 524B     		ldr	r3, .L17
  57 000a 1B78     		ldrb	r3, [r3]	@ zero_extendqisi2
  58              		.loc 1 15 7 view .LVU4
  59 000c 002B     		cmp	r3, #0
  60 000e 66D0     		beq	.L2
  61              	.LBB3:
  16:src/algorithm/offence/offence.cpp ****             if (robot->info.Catch.is_front == true) hold_timer.reset();
  62              		.loc 1 16 13 is_stmt 1 view .LVU5
  63              		.loc 1 16 35 is_stmt 0 view .LVU6
  64 0010 90F82E30 		ldrb	r3, [r0, #46]	@ zero_extendqisi2
  65              		.loc 1 16 13 view .LVU7
  66 0014 002B     		cmp	r3, #0
  67 0016 50D1     		bne	.L13
  68              	.LVL1:
  69              	.L3:
  17:src/algorithm/offence/offence.cpp ****             if (hold_timer.read_ms() > 500) do_front_curve_shoot = false;
  70              		.loc 1 17 13 is_stmt 1 view .LVU8
  71              		.loc 1 17 35 is_stmt 0 view .LVU9
  72 0018 4F48     		ldr	r0, .L17+4
  73 001a FFF7FEFF 		bl	_ZN5Timer7read_msEv
  74              	.LVL2:
  75              		.loc 1 17 13 view .LVU10
  76 001e B0F5FA7F 		cmp	r0, #500
  77 0022 02D9     		bls	.L4
  78              		.loc 1 17 45 is_stmt 1 discriminator 1 view .LVU11
  79              		.loc 1 17 66 is_stmt 0 discriminator 1 view .LVU12
  80 0024 4B4B     		ldr	r3, .L17
  81 0026 0022     		movs	r2, #0
  82 0028 1A70     		strb	r2, [r3]
  83              	.L4:
  18:src/algorithm/offence/offence.cpp ****             if (do_front_curve_shoot_timer.read_ms() < 500) {
  84              		.loc 1 18 13 is_stmt 1 view .LVU13
  85              	.LBB4:
  86              		.loc 1 18 51 is_stmt 0 view .LVU14
  87 002a 4C48     		ldr	r0, .L17+8
  88 002c FFF7FEFF 		bl	_ZN5Timer7read_msEv
  89              	.LVL3:
  90              		.loc 1 18 13 view .LVU15
  91 0030 B0F5FA7F 		cmp	r0, #500
  92 0034 45D3     		bcc	.L14
  93              	.LBB5:
  19:src/algorithm/offence/offence.cpp ****                   robot->motor.Drive(0, 0);
  20:src/algorithm/offence/offence.cpp ****             } else {
  21:src/algorithm/offence/offence.cpp ****                   if (abs(robot->info.Cam.ops_goal_dir) < 60 || robot->info.Cam.is_goal_front == tr
  94              		.loc 1 21 19 is_stmt 1 view .LVU16
ARM GAS  /var/folders/5c/srt4fy4j1pd641bjfx75k5000000gn/T//ccsjbwYW.s 			page 3


  95              		.loc 1 21 23 is_stmt 0 view .LVU17
  96 0036 B4F97430 		ldrsh	r3, [r4, #116]
  97 003a 002B     		cmp	r3, #0
  98 003c B8BF     		it	lt
  99 003e 5B42     		rsblt	r3, r3, #0
 100 0040 9BB2     		uxth	r3, r3
 101              		.loc 1 21 19 view .LVU18
 102 0042 3B2B     		cmp	r3, #59
 103 0044 02D9     		bls	.L7
 104              		.loc 1 21 81 discriminator 1 view .LVU19
 105 0046 94F88030 		ldrb	r3, [r4, #128]	@ zero_extendqisi2
 106              		.loc 1 21 62 discriminator 1 view .LVU20
 107 004a A3B1     		cbz	r3, .L8
 108              	.L7:
  22:src/algorithm/offence/offence.cpp ****                         do_front_curve_shoot = false;
 109              		.loc 1 22 25 is_stmt 1 view .LVU21
 110              		.loc 1 22 46 is_stmt 0 view .LVU22
 111 004c 0025     		movs	r5, #0
 112 004e 414B     		ldr	r3, .L17
 113 0050 1D70     		strb	r5, [r3]
  23:src/algorithm/offence/offence.cpp ****                         robot->motor.Brake(200);
 114              		.loc 1 23 25 is_stmt 1 view .LVU23
 115              		.loc 1 23 43 is_stmt 0 view .LVU24
 116 0052 C821     		movs	r1, #200
 117 0054 04F5C870 		add	r0, r4, #400
 118 0058 FFF7FEFF 		bl	_ZN10MotorDrive5BrakeEt
 119              	.LVL4:
  24:src/algorithm/offence/offence.cpp ****                         robot->dribbler_front.Brake();
 120              		.loc 1 24 25 is_stmt 1 view .LVU25
 121              		.loc 1 24 52 is_stmt 0 view .LVU26
 122 005c 2946     		mov	r1, r5
 123 005e 04F58650 		add	r0, r4, #4288
 124 0062 0830     		adds	r0, r0, #8
 125 0064 FFF7FEFF 		bl	_ZN13DribblerDrive5BrakeEt
 126              	.LVL5:
  25:src/algorithm/offence/offence.cpp ****                         robot->kicker.Kick();
 127              		.loc 1 25 25 is_stmt 1 view .LVU27
 128              		.loc 1 25 43 is_stmt 0 view .LVU28
 129 0068 B7EE000A 		vmov.f32	s0, #1.0e+0
 130 006c 04F58750 		add	r0, r4, #4320
 131 0070 1830     		adds	r0, r0, #24
 132 0072 FFF7FEFF 		bl	_ZN6Kicker4KickEf
 133              	.LVL6:
 134              	.L8:
  26:src/algorithm/offence/offence.cpp ****                   }
  27:src/algorithm/offence/offence.cpp **** 
  28:src/algorithm/offence/offence.cpp ****                   int16_t rotation_dir;
 135              		.loc 1 28 19 is_stmt 1 view .LVU29
  29:src/algorithm/offence/offence.cpp ****                   rotation_dir = robot->info.Cam.ops_goal_dir;
 136              		.loc 1 29 19 view .LVU30
 137              		.loc 1 29 32 is_stmt 0 view .LVU31
 138 0076 B4F97420 		ldrsh	r2, [r4, #116]
 139              	.LVL7:
  30:src/algorithm/offence/offence.cpp ****                   if (abs(rotation_dir) > 45) rotation_dir = 45 * (abs(robot->info.Cam.ops_goal_dir
 140              		.loc 1 30 19 is_stmt 1 view .LVU32
 141              		.loc 1 30 23 is_stmt 0 view .LVU33
 142 007a 82EAE273 		eor	r3, r2, r2, asr #31
ARM GAS  /var/folders/5c/srt4fy4j1pd641bjfx75k5000000gn/T//ccsjbwYW.s 			page 4


 143 007e A3EBE273 		sub	r3, r3, r2, asr #31
 144 0082 9BB2     		uxth	r3, r3
 145              		.loc 1 30 19 view .LVU34
 146 0084 2D2B     		cmp	r3, #45
 147 0086 06D9     		bls	.L9
 148              		.loc 1 30 47 is_stmt 1 discriminator 1 view .LVU35
 149              		.loc 1 30 102 is_stmt 0 discriminator 1 view .LVU36
 150 0088 93FBF2F3 		sdiv	r3, r3, r2
 151              		.loc 1 30 60 discriminator 1 view .LVU37
 152 008c 03EB4303 		add	r3, r3, r3, lsl #1
 153 0090 C3EB0313 		rsb	r3, r3, r3, lsl #4
 154 0094 1AB2     		sxth	r2, r3
 155              	.LVL8:
 156              	.L9:
  31:src/algorithm/offence/offence.cpp ****                   robot->motor.Drive(180 - robot->info.Imu.yaw, 0.5, 0.5, rotation_dir, PI * 0.25, 
 157              		.loc 1 31 19 is_stmt 1 view .LVU38
 158              		.loc 1 31 60 is_stmt 0 view .LVU39
 159 0096 E18E     		ldrh	r1, [r4, #54]
 160              		.loc 1 31 42 view .LVU40
 161 0098 C1F1B401 		rsb	r1, r1, #180
 162              		.loc 1 31 37 view .LVU41
 163 009c 0123     		movs	r3, #1
 164 009e 9FED301A 		vldr.32	s2, .L17+12
 165 00a2 F6EE000A 		vmov.f32	s1, #5.0e-1
 166 00a6 B0EE600A 		vmov.f32	s0, s1
 167 00aa 09B2     		sxth	r1, r1
 168 00ac 04F5C870 		add	r0, r4, #400
 169 00b0 FFF7FEFF 		bl	_ZN10MotorDrive5DriveEsffsfh
 170              	.LVL9:
 171              	.L1:
 172              		.loc 1 31 37 view .LVU42
 173              	.LBE5:
 174              	.LBE4:
 175              	.LBE3:
 176              	.LBE2:
  32:src/algorithm/offence/offence.cpp ****             }
  33:src/algorithm/offence/offence.cpp ****       } else if (abs(robot->info.Cam.ops_goal_dir) > 60) {
  34:src/algorithm/offence/offence.cpp ****             do_front_curve_shoot = true;
  35:src/algorithm/offence/offence.cpp ****             do_front_curve_shoot_timer.reset();
  36:src/algorithm/offence/offence.cpp ****       } else {
  37:src/algorithm/offence/offence.cpp ****             if (robot->info.Cam.is_goal_front == true) {
  38:src/algorithm/offence/offence.cpp ****                   robot->dribbler_front.Brake();
  39:src/algorithm/offence/offence.cpp ****                   robot->kicker.Kick();
  40:src/algorithm/offence/offence.cpp ****             }
  41:src/algorithm/offence/offence.cpp ****             robot->motor.Drive(robot->info.Cam.ops_goal_dir * 1.5, robot->info.target_move_speed, 1
  42:src/algorithm/offence/offence.cpp ****       }
  43:src/algorithm/offence/offence.cpp **** }
 177              		.loc 1 43 1 view .LVU43
 178 00b4 BDEC028B 		vldm	sp!, {d8}
 179              	.LCFI2:
 180              		.cfi_remember_state
 181              		.cfi_restore 80
 182              		.cfi_restore 81
 183              		.cfi_def_cfa_offset 16
 184 00b8 38BD     		pop	{r3, r4, r5, pc}
 185              	.LVL10:
 186              	.L13:
ARM GAS  /var/folders/5c/srt4fy4j1pd641bjfx75k5000000gn/T//ccsjbwYW.s 			page 5


 187              	.LCFI3:
 188              		.cfi_restore_state
 189              	.LBB8:
 190              	.LBB7:
  16:src/algorithm/offence/offence.cpp ****             if (hold_timer.read_ms() > 500) do_front_curve_shoot = false;
 191              		.loc 1 16 53 is_stmt 1 discriminator 1 view .LVU44
  16:src/algorithm/offence/offence.cpp ****             if (hold_timer.read_ms() > 500) do_front_curve_shoot = false;
 192              		.loc 1 16 69 is_stmt 0 discriminator 1 view .LVU45
 193 00ba 2748     		ldr	r0, .L17+4
 194              	.LVL11:
  16:src/algorithm/offence/offence.cpp ****             if (hold_timer.read_ms() > 500) do_front_curve_shoot = false;
 195              		.loc 1 16 69 discriminator 1 view .LVU46
 196 00bc FFF7FEFF 		bl	_ZN5Timer5resetEv
 197              	.LVL12:
 198 00c0 AAE7     		b	.L3
 199              	.L14:
 200              	.LBB6:
  19:src/algorithm/offence/offence.cpp ****             } else {
 201              		.loc 1 19 19 is_stmt 1 view .LVU47
  19:src/algorithm/offence/offence.cpp ****             } else {
 202              		.loc 1 19 37 is_stmt 0 view .LVU48
 203 00c2 9FED280A 		vldr.32	s0, .L17+16
 204 00c6 0023     		movs	r3, #0
 205 00c8 B0EE401A 		vmov.f32	s2, s0
 206 00cc 1A46     		mov	r2, r3
 207 00ce F0EE400A 		vmov.f32	s1, s0
 208 00d2 1946     		mov	r1, r3
 209 00d4 04F5C870 		add	r0, r4, #400
 210 00d8 FFF7FEFF 		bl	_ZN10MotorDrive5DriveEsffsfh
 211              	.LVL13:
 212 00dc EAE7     		b	.L1
 213              	.LVL14:
 214              	.L2:
  19:src/algorithm/offence/offence.cpp ****             } else {
 215              		.loc 1 19 37 view .LVU49
 216              	.LBE6:
 217              	.LBE7:
  33:src/algorithm/offence/offence.cpp ****             do_front_curve_shoot = true;
 218              		.loc 1 33 14 is_stmt 1 view .LVU50
  33:src/algorithm/offence/offence.cpp ****             do_front_curve_shoot = true;
 219              		.loc 1 33 18 is_stmt 0 view .LVU51
 220 00de B0F97430 		ldrsh	r3, [r0, #116]
 221 00e2 002B     		cmp	r3, #0
 222 00e4 B8BF     		it	lt
 223 00e6 5B42     		rsblt	r3, r3, #0
 224 00e8 9BB2     		uxth	r3, r3
  33:src/algorithm/offence/offence.cpp ****             do_front_curve_shoot = true;
 225              		.loc 1 33 14 view .LVU52
 226 00ea 3C2B     		cmp	r3, #60
 227 00ec 1DD8     		bhi	.L15
  37:src/algorithm/offence/offence.cpp ****                   robot->dribbler_front.Brake();
 228              		.loc 1 37 13 is_stmt 1 view .LVU53
  37:src/algorithm/offence/offence.cpp ****                   robot->dribbler_front.Brake();
 229              		.loc 1 37 33 is_stmt 0 view .LVU54
 230 00ee 90F88030 		ldrb	r3, [r0, #128]	@ zero_extendqisi2
  37:src/algorithm/offence/offence.cpp ****                   robot->dribbler_front.Brake();
 231              		.loc 1 37 13 view .LVU55
ARM GAS  /var/folders/5c/srt4fy4j1pd641bjfx75k5000000gn/T//ccsjbwYW.s 			page 6


 232 00f2 0BBB     		cbnz	r3, .L16
 233              	.LVL15:
 234              	.L11:
  41:src/algorithm/offence/offence.cpp ****       }
 235              		.loc 1 41 13 is_stmt 1 view .LVU56
  41:src/algorithm/offence/offence.cpp ****       }
 236              		.loc 1 41 48 is_stmt 0 view .LVU57
 237 00f4 B4F97450 		ldrsh	r5, [r4, #116]
  41:src/algorithm/offence/offence.cpp ****       }
 238              		.loc 1 41 61 view .LVU58
 239 00f8 2846     		mov	r0, r5
 240 00fa FFF7FEFF 		bl	__aeabi_i2d
 241              	.LVL16:
 242 00fe 0022     		movs	r2, #0
 243 0100 194B     		ldr	r3, .L17+20
 244 0102 FFF7FEFF 		bl	__aeabi_dmul
 245              	.LVL17:
  41:src/algorithm/offence/offence.cpp ****       }
 246              		.loc 1 41 31 view .LVU59
 247 0106 94ED068A 		vldr.32	s16, [r4, #24]
 248 010a FFF7FEFF 		bl	__aeabi_d2iz
 249              	.LVL18:
 250 010e 0123     		movs	r3, #1
 251 0110 9FED161A 		vldr.32	s2, .L17+24
 252 0114 2A46     		mov	r2, r5
 253 0116 F7EE000A 		vmov.f32	s1, #1.0e+0
 254 011a B0EE480A 		vmov.f32	s0, s16
 255 011e 01B2     		sxth	r1, r0
 256 0120 04F5C870 		add	r0, r4, #400
 257 0124 FFF7FEFF 		bl	_ZN10MotorDrive5DriveEsffsfh
 258              	.LVL19:
 259              	.LBE8:
 260              		.loc 1 43 1 view .LVU60
 261 0128 C4E7     		b	.L1
 262              	.LVL20:
 263              	.L15:
 264              	.LBB9:
  34:src/algorithm/offence/offence.cpp ****             do_front_curve_shoot_timer.reset();
 265              		.loc 1 34 13 is_stmt 1 view .LVU61
  34:src/algorithm/offence/offence.cpp ****             do_front_curve_shoot_timer.reset();
 266              		.loc 1 34 34 is_stmt 0 view .LVU62
 267 012a 0A4B     		ldr	r3, .L17
 268 012c 0122     		movs	r2, #1
 269 012e 1A70     		strb	r2, [r3]
  35:src/algorithm/offence/offence.cpp ****       } else {
 270              		.loc 1 35 13 is_stmt 1 view .LVU63
  35:src/algorithm/offence/offence.cpp ****       } else {
 271              		.loc 1 35 45 is_stmt 0 view .LVU64
 272 0130 0A48     		ldr	r0, .L17+8
 273              	.LVL21:
  35:src/algorithm/offence/offence.cpp ****       } else {
 274              		.loc 1 35 45 view .LVU65
 275 0132 FFF7FEFF 		bl	_ZN5Timer5resetEv
 276              	.LVL22:
 277 0136 BDE7     		b	.L1
 278              	.LVL23:
 279              	.L16:
ARM GAS  /var/folders/5c/srt4fy4j1pd641bjfx75k5000000gn/T//ccsjbwYW.s 			page 7


  38:src/algorithm/offence/offence.cpp ****                   robot->kicker.Kick();
 280              		.loc 1 38 19 is_stmt 1 view .LVU66
  38:src/algorithm/offence/offence.cpp ****                   robot->kicker.Kick();
 281              		.loc 1 38 46 is_stmt 0 view .LVU67
 282 0138 0021     		movs	r1, #0
 283 013a 00F58650 		add	r0, r0, #4288
 284              	.LVL24:
  38:src/algorithm/offence/offence.cpp ****                   robot->kicker.Kick();
 285              		.loc 1 38 46 view .LVU68
 286 013e 0830     		adds	r0, r0, #8
 287 0140 FFF7FEFF 		bl	_ZN13DribblerDrive5BrakeEt
 288              	.LVL25:
  39:src/algorithm/offence/offence.cpp ****             }
 289              		.loc 1 39 19 is_stmt 1 view .LVU69
  39:src/algorithm/offence/offence.cpp ****             }
 290              		.loc 1 39 37 is_stmt 0 view .LVU70
 291 0144 B7EE000A 		vmov.f32	s0, #1.0e+0
 292 0148 04F58750 		add	r0, r4, #4320
 293 014c 1830     		adds	r0, r0, #24
 294 014e FFF7FEFF 		bl	_ZN6Kicker4KickEf
 295              	.LVL26:
 296 0152 CFE7     		b	.L11
 297              	.L18:
 298              		.align	2
 299              	.L17:
 300 0154 00000000 		.word	_ZL20do_front_curve_shoot
 301 0158 00000000 		.word	_ZL10hold_timer
 302 015c 00000000 		.word	_ZL26do_front_curve_shoot_timer
 303 0160 DB0F493F 		.word	1061752795
 304 0164 00000000 		.word	0
 305 0168 0000F83F 		.word	1073217536
 306 016c DB0F4940 		.word	1078530011
 307              	.LBE9:
 308              		.cfi_endproc
 309              	.LFE1197:
 310              		.fnend
 312              		.section	.text._ZL12HoldBallBackP5Robot,"ax",%progbits
 313              		.align	1
 314              		.syntax unified
 315              		.thumb
 316              		.thumb_func
 318              	_ZL12HoldBallBackP5Robot:
 319              		.fnstart
 320              	.LVL27:
 321              	.LFB1198:
  44:src/algorithm/offence/offence.cpp **** 
  45:src/algorithm/offence/offence.cpp **** static void HoldBallBack(Robot* robot) {
 322              		.loc 1 45 40 is_stmt 1 view -0
 323              		.cfi_startproc
 324              		@ args = 0, pretend = 0, frame = 0
 325              		@ frame_needed = 0, uses_anonymous_args = 0
 326              		.loc 1 45 40 is_stmt 0 view .LVU72
 327 0000 10B5     		push	{r4, lr}
 328              		.save {r4, lr}
 329              	.LCFI4:
 330              		.cfi_def_cfa_offset 8
 331              		.cfi_offset 4, -8
ARM GAS  /var/folders/5c/srt4fy4j1pd641bjfx75k5000000gn/T//ccsjbwYW.s 			page 8


 332              		.cfi_offset 14, -4
 333              		.pad #8
 334 0002 82B0     		sub	sp, sp, #8
 335              	.LCFI5:
 336              		.cfi_def_cfa_offset 16
 337 0004 0446     		mov	r4, r0
  46:src/algorithm/offence/offence.cpp ****       static int16_t shoot_dir;
 338              		.loc 1 46 7 is_stmt 1 view .LVU73
  47:src/algorithm/offence/offence.cpp ****       static bool enable_kick;
 339              		.loc 1 47 7 view .LVU74
  48:src/algorithm/offence/offence.cpp ****       static bool enable_shoot;
 340              		.loc 1 48 7 view .LVU75
  49:src/algorithm/offence/offence.cpp ****       if (robot->info.Catch.is_back == true) hold_timer.reset();
 341              		.loc 1 49 7 view .LVU76
 342              		.loc 1 49 29 is_stmt 0 view .LVU77
 343 0006 90F83230 		ldrb	r3, [r0, #50]	@ zero_extendqisi2
 344              		.loc 1 49 7 view .LVU78
 345 000a 23BB     		cbnz	r3, .L30
 346              	.LVL28:
 347              	.L20:
  50:src/algorithm/offence/offence.cpp ****       if (hold_timer.read_ms() > 500) do_back_curve_shoot = 0;
 348              		.loc 1 50 7 is_stmt 1 view .LVU79
 349              		.loc 1 50 29 is_stmt 0 view .LVU80
 350 000c 5C48     		ldr	r0, .L32
 351 000e FFF7FEFF 		bl	_ZN5Timer7read_msEv
 352              	.LVL29:
 353              		.loc 1 50 7 view .LVU81
 354 0012 B0F5FA7F 		cmp	r0, #500
 355 0016 02D9     		bls	.L21
 356              		.loc 1 50 39 is_stmt 1 discriminator 1 view .LVU82
 357              		.loc 1 50 59 is_stmt 0 discriminator 1 view .LVU83
 358 0018 5A4B     		ldr	r3, .L32+4
 359 001a 0022     		movs	r2, #0
 360 001c 1A70     		strb	r2, [r3]
 361              	.L21:
  51:src/algorithm/offence/offence.cpp ****       if (do_back_curve_shoot_timer.read_ms() < 500) {  // 蹴る条件
 362              		.loc 1 51 7 is_stmt 1 view .LVU84
 363              	.LBB10:
 364              		.loc 1 51 44 is_stmt 0 view .LVU85
 365 001e 5A48     		ldr	r0, .L32+8
 366 0020 FFF7FEFF 		bl	_ZN5Timer7read_msEv
 367              	.LVL30:
 368              		.loc 1 51 7 view .LVU86
 369 0024 B0F5FA7F 		cmp	r0, #500
 370 0028 19D3     		bcc	.L31
 371              	.LBE10:
  52:src/algorithm/offence/offence.cpp ****             robot->motor.Drive(0, 0);
  53:src/algorithm/offence/offence.cpp ****             shoot_dir = 45 * (abs(robot->info.Cam.ops_goal_dir) / robot->info.Cam.ops_goal_dir);
  54:src/algorithm/offence/offence.cpp ****             enable_kick = false;
  55:src/algorithm/offence/offence.cpp ****             enable_shoot = false;
  56:src/algorithm/offence/offence.cpp ****       } else {
  57:src/algorithm/offence/offence.cpp ****             if (enable_kick == true) {
 372              		.loc 1 57 13 is_stmt 1 view .LVU87
 373              	.LBB17:
 374              	.LBB11:
 375              		.loc 1 57 29 is_stmt 0 view .LVU88
 376 002a 584B     		ldr	r3, .L32+12
ARM GAS  /var/folders/5c/srt4fy4j1pd641bjfx75k5000000gn/T//ccsjbwYW.s 			page 9


 377 002c 1B78     		ldrb	r3, [r3]	@ zero_extendqisi2
 378              		.loc 1 57 13 view .LVU89
 379 002e 002B     		cmp	r3, #0
 380 0030 52D0     		beq	.L24
 381              	.LBE11:
 382              	.LBE17:
  58:src/algorithm/offence/offence.cpp ****                   if (abs(robot->info.Imu.yaw) > 90) {
 383              		.loc 1 58 19 is_stmt 1 view .LVU90
 384              	.LBB18:
 385              	.LBB15:
 386              	.LBB12:
 387              		.loc 1 58 23 is_stmt 0 view .LVU91
 388 0032 B4F93630 		ldrsh	r3, [r4, #54]
 389 0036 002B     		cmp	r3, #0
 390 0038 B8BF     		it	lt
 391 003a 5B42     		rsblt	r3, r3, #0
 392 003c 9BB2     		uxth	r3, r3
 393              		.loc 1 58 19 view .LVU92
 394 003e 5A2B     		cmp	r3, #90
 395 0040 30D9     		bls	.L25
  59:src/algorithm/offence/offence.cpp ****                         robot->motor.Brake(500);
 396              		.loc 1 59 25 is_stmt 1 view .LVU93
 397              		.loc 1 59 43 is_stmt 0 view .LVU94
 398 0042 4FF4FA71 		mov	r1, #500
 399 0046 04F5C870 		add	r0, r4, #400
 400 004a FFF7FEFF 		bl	_ZN10MotorDrive5BrakeEt
 401              	.LVL31:
  60:src/algorithm/offence/offence.cpp ****                         do_back_curve_shoot = false;
 402              		.loc 1 60 25 is_stmt 1 view .LVU95
 403              		.loc 1 60 45 is_stmt 0 view .LVU96
 404 004e 4D4B     		ldr	r3, .L32+4
 405 0050 0022     		movs	r2, #0
 406 0052 1A70     		strb	r2, [r3]
 407 0054 24E0     		b	.L19
 408              	.LVL32:
 409              	.L30:
 410              		.loc 1 60 45 view .LVU97
 411              	.LBE12:
 412              	.LBE15:
 413              	.LBE18:
  49:src/algorithm/offence/offence.cpp ****       if (hold_timer.read_ms() > 500) do_back_curve_shoot = 0;
 414              		.loc 1 49 46 is_stmt 1 discriminator 1 view .LVU98
  49:src/algorithm/offence/offence.cpp ****       if (hold_timer.read_ms() > 500) do_back_curve_shoot = 0;
 415              		.loc 1 49 62 is_stmt 0 discriminator 1 view .LVU99
 416 0056 4A48     		ldr	r0, .L32
 417              	.LVL33:
  49:src/algorithm/offence/offence.cpp ****       if (hold_timer.read_ms() > 500) do_back_curve_shoot = 0;
 418              		.loc 1 49 62 discriminator 1 view .LVU100
 419 0058 FFF7FEFF 		bl	_ZN5Timer5resetEv
 420              	.LVL34:
 421 005c D6E7     		b	.L20
 422              	.L31:
 423              	.LBB19:
  52:src/algorithm/offence/offence.cpp ****             shoot_dir = 45 * (abs(robot->info.Cam.ops_goal_dir) / robot->info.Cam.ops_goal_dir);
 424              		.loc 1 52 13 is_stmt 1 view .LVU101
  52:src/algorithm/offence/offence.cpp ****             shoot_dir = 45 * (abs(robot->info.Cam.ops_goal_dir) / robot->info.Cam.ops_goal_dir);
 425              		.loc 1 52 31 is_stmt 0 view .LVU102
ARM GAS  /var/folders/5c/srt4fy4j1pd641bjfx75k5000000gn/T//ccsjbwYW.s 			page 10


 426 005e 9FED4C0A 		vldr.32	s0, .L32+16
 427 0062 0023     		movs	r3, #0
 428 0064 B0EE401A 		vmov.f32	s2, s0
 429 0068 1A46     		mov	r2, r3
 430 006a F0EE400A 		vmov.f32	s1, s0
 431 006e 1946     		mov	r1, r3
 432 0070 04F5C870 		add	r0, r4, #400
 433 0074 FFF7FEFF 		bl	_ZN10MotorDrive5DriveEsffsfh
 434              	.LVL35:
  53:src/algorithm/offence/offence.cpp ****             enable_kick = false;
 435              		.loc 1 53 13 is_stmt 1 view .LVU103
  53:src/algorithm/offence/offence.cpp ****             enable_kick = false;
 436              		.loc 1 53 31 is_stmt 0 view .LVU104
 437 0078 B4F97420 		ldrsh	r2, [r4, #116]
 438 007c 82EAE273 		eor	r3, r2, r2, asr #31
 439 0080 A3EBE273 		sub	r3, r3, r2, asr #31
 440 0084 9BB2     		uxth	r3, r3
  53:src/algorithm/offence/offence.cpp ****             enable_kick = false;
 441              		.loc 1 53 65 view .LVU105
 442 0086 93FBF2F3 		sdiv	r3, r3, r2
  53:src/algorithm/offence/offence.cpp ****             enable_kick = false;
 443              		.loc 1 53 23 view .LVU106
 444 008a 03EB4303 		add	r3, r3, r3, lsl #1
 445 008e C3EB0313 		rsb	r3, r3, r3, lsl #4
 446 0092 404A     		ldr	r2, .L32+20
 447 0094 1380     		strh	r3, [r2]	@ movhi
  54:src/algorithm/offence/offence.cpp ****             enable_shoot = false;
 448              		.loc 1 54 13 is_stmt 1 view .LVU107
  54:src/algorithm/offence/offence.cpp ****             enable_shoot = false;
 449              		.loc 1 54 25 is_stmt 0 view .LVU108
 450 0096 0023     		movs	r3, #0
 451 0098 3C4A     		ldr	r2, .L32+12
 452 009a 1370     		strb	r3, [r2]
  55:src/algorithm/offence/offence.cpp ****       } else {
 453              		.loc 1 55 13 is_stmt 1 view .LVU109
  55:src/algorithm/offence/offence.cpp ****       } else {
 454              		.loc 1 55 26 is_stmt 0 view .LVU110
 455 009c 3E4A     		ldr	r2, .L32+24
 456 009e 1370     		strb	r3, [r2]
 457              	.L19:
  55:src/algorithm/offence/offence.cpp ****       } else {
 458              		.loc 1 55 26 view .LVU111
 459              	.LBE19:
  61:src/algorithm/offence/offence.cpp ****                   } else {
  62:src/algorithm/offence/offence.cpp ****                         int16_t shoot_power = -1000 * (abs(shoot_dir) / shoot_dir);
  63:src/algorithm/offence/offence.cpp ****                         robot->motor.Run(shoot_power, shoot_power, shoot_power, shoot_power);
  64:src/algorithm/offence/offence.cpp ****                   }
  65:src/algorithm/offence/offence.cpp ****             } else if (enable_shoot == true) {
  66:src/algorithm/offence/offence.cpp ****                   if (abs(robot->info.Imu.yaw) > abs(shoot_dir)) {
  67:src/algorithm/offence/offence.cpp ****                         enable_kick = true;
  68:src/algorithm/offence/offence.cpp ****                   } else {
  69:src/algorithm/offence/offence.cpp ****                         robot->motor.Drive(0, 0, 0, -90 * (abs(shoot_dir) / shoot_dir), PI * 0.5, B
  70:src/algorithm/offence/offence.cpp ****                   }
  71:src/algorithm/offence/offence.cpp ****             } else {
  72:src/algorithm/offence/offence.cpp ****                   if (abs(robot->info.Cam.ops_goal_dir) < 60 && robot->info.Cam.ops_goal_dis < 100)
  73:src/algorithm/offence/offence.cpp ****                         enable_shoot = true;
  74:src/algorithm/offence/offence.cpp ****                   } else {
ARM GAS  /var/folders/5c/srt4fy4j1pd641bjfx75k5000000gn/T//ccsjbwYW.s 			page 11


  75:src/algorithm/offence/offence.cpp ****                         robot->motor.Drive(robot->info.Cam.ops_goal_dir * 1.5, 0.5, 0.5, 0, PI * 0.
  76:src/algorithm/offence/offence.cpp ****                   }
  77:src/algorithm/offence/offence.cpp ****             }
  78:src/algorithm/offence/offence.cpp ****       }
  79:src/algorithm/offence/offence.cpp **** }
 460              		.loc 1 79 1 view .LVU112
 461 00a0 02B0     		add	sp, sp, #8
 462              	.LCFI6:
 463              		.cfi_remember_state
 464              		.cfi_def_cfa_offset 8
 465              		@ sp needed
 466 00a2 10BD     		pop	{r4, pc}
 467              	.LVL36:
 468              	.L25:
 469              	.LCFI7:
 470              		.cfi_restore_state
 471              	.LBB20:
 472              	.LBB16:
 473              	.LBB14:
 474              	.LBB13:
  62:src/algorithm/offence/offence.cpp ****                         robot->motor.Run(shoot_power, shoot_power, shoot_power, shoot_power);
 475              		.loc 1 62 25 is_stmt 1 view .LVU113
  62:src/algorithm/offence/offence.cpp ****                         robot->motor.Run(shoot_power, shoot_power, shoot_power, shoot_power);
 476              		.loc 1 62 56 is_stmt 0 view .LVU114
 477 00a4 3B4B     		ldr	r3, .L32+20
 478 00a6 B3F90030 		ldrsh	r3, [r3]
 479 00aa 83EAE371 		eor	r1, r3, r3, asr #31
 480 00ae A1EBE371 		sub	r1, r1, r3, asr #31
 481 00b2 89B2     		uxth	r1, r1
  62:src/algorithm/offence/offence.cpp ****                         robot->motor.Run(shoot_power, shoot_power, shoot_power, shoot_power);
 482              		.loc 1 62 71 view .LVU115
 483 00b4 91FBF3F1 		sdiv	r1, r1, r3
  62:src/algorithm/offence/offence.cpp ****                         robot->motor.Run(shoot_power, shoot_power, shoot_power, shoot_power);
 484              		.loc 1 62 33 view .LVU116
 485 00b8 C1EB8113 		rsb	r3, r1, r1, lsl #6
 486 00bc 01EB8313 		add	r3, r1, r3, lsl #6
 487 00c0 01EB4301 		add	r1, r1, r3, lsl #1
 488 00c4 C900     		lsls	r1, r1, #3
 489 00c6 09B2     		sxth	r1, r1
 490              	.LVL37:
  63:src/algorithm/offence/offence.cpp ****                   }
 491              		.loc 1 63 25 is_stmt 1 view .LVU117
  63:src/algorithm/offence/offence.cpp ****                   }
 492              		.loc 1 63 41 is_stmt 0 view .LVU118
 493 00c8 0091     		str	r1, [sp]
 494 00ca 0B46     		mov	r3, r1
 495 00cc 0A46     		mov	r2, r1
 496 00ce 04F5C870 		add	r0, r4, #400
 497 00d2 FFF7FEFF 		bl	_ZN10MotorDrive3RunEssss
 498              	.LVL38:
  63:src/algorithm/offence/offence.cpp ****                   }
 499              		.loc 1 63 41 view .LVU119
 500 00d6 E3E7     		b	.L19
 501              	.LVL39:
 502              	.L24:
  63:src/algorithm/offence/offence.cpp ****                   }
 503              		.loc 1 63 41 view .LVU120
ARM GAS  /var/folders/5c/srt4fy4j1pd641bjfx75k5000000gn/T//ccsjbwYW.s 			page 12


 504              	.LBE13:
 505              	.LBE14:
  65:src/algorithm/offence/offence.cpp ****                   if (abs(robot->info.Imu.yaw) > abs(shoot_dir)) {
 506              		.loc 1 65 20 is_stmt 1 view .LVU121
  65:src/algorithm/offence/offence.cpp ****                   if (abs(robot->info.Imu.yaw) > abs(shoot_dir)) {
 507              		.loc 1 65 37 is_stmt 0 view .LVU122
 508 00d8 2F4B     		ldr	r3, .L32+24
 509 00da 1B78     		ldrb	r3, [r3]	@ zero_extendqisi2
  65:src/algorithm/offence/offence.cpp ****                   if (abs(robot->info.Imu.yaw) > abs(shoot_dir)) {
 510              		.loc 1 65 20 view .LVU123
 511 00dc 4BB3     		cbz	r3, .L26
  66:src/algorithm/offence/offence.cpp ****                         enable_kick = true;
 512              		.loc 1 66 19 is_stmt 1 view .LVU124
  66:src/algorithm/offence/offence.cpp ****                         enable_kick = true;
 513              		.loc 1 66 23 is_stmt 0 view .LVU125
 514 00de B4F93620 		ldrsh	r2, [r4, #54]
 515 00e2 002A     		cmp	r2, #0
 516 00e4 B8BF     		it	lt
 517 00e6 5242     		rsblt	r2, r2, #0
 518 00e8 92B2     		uxth	r2, r2
  66:src/algorithm/offence/offence.cpp ****                         enable_kick = true;
 519              		.loc 1 66 50 view .LVU126
 520 00ea 2A4B     		ldr	r3, .L32+20
 521 00ec B3F90010 		ldrsh	r1, [r3]
 522 00f0 81EAE173 		eor	r3, r1, r1, asr #31
 523 00f4 A3EBE173 		sub	r3, r3, r1, asr #31
 524 00f8 9BB2     		uxth	r3, r3
  66:src/algorithm/offence/offence.cpp ****                         enable_kick = true;
 525              		.loc 1 66 19 view .LVU127
 526 00fa 9A42     		cmp	r2, r3
 527 00fc 03D9     		bls	.L27
  67:src/algorithm/offence/offence.cpp ****                   } else {
 528              		.loc 1 67 25 is_stmt 1 view .LVU128
  67:src/algorithm/offence/offence.cpp ****                   } else {
 529              		.loc 1 67 37 is_stmt 0 view .LVU129
 530 00fe 234B     		ldr	r3, .L32+12
 531 0100 0122     		movs	r2, #1
 532 0102 1A70     		strb	r2, [r3]
 533 0104 CCE7     		b	.L19
 534              	.L27:
  69:src/algorithm/offence/offence.cpp ****                   }
 535              		.loc 1 69 25 is_stmt 1 view .LVU130
  69:src/algorithm/offence/offence.cpp ****                   }
 536              		.loc 1 69 75 is_stmt 0 view .LVU131
 537 0106 93FBF1F3 		sdiv	r3, r3, r1
  69:src/algorithm/offence/offence.cpp ****                   }
 538              		.loc 1 69 43 view .LVU132
 539 010a 03EB4303 		add	r3, r3, r3, lsl #1
 540 010e C3EB0313 		rsb	r3, r3, r3, lsl #4
 541 0112 5A00     		lsls	r2, r3, #1
 542 0114 5242     		rsbs	r2, r2, #0
 543 0116 9FED1E0A 		vldr.32	s0, .L32+16
 544 011a 0323     		movs	r3, #3
 545 011c 9FED1F1A 		vldr.32	s2, .L32+28
 546 0120 12B2     		sxth	r2, r2
 547 0122 F0EE400A 		vmov.f32	s1, s0
 548 0126 0021     		movs	r1, #0
ARM GAS  /var/folders/5c/srt4fy4j1pd641bjfx75k5000000gn/T//ccsjbwYW.s 			page 13


 549 0128 04F5C870 		add	r0, r4, #400
 550 012c FFF7FEFF 		bl	_ZN10MotorDrive5DriveEsffsfh
 551              	.LVL40:
 552 0130 B6E7     		b	.L19
 553              	.L26:
  72:src/algorithm/offence/offence.cpp ****                         enable_shoot = true;
 554              		.loc 1 72 19 is_stmt 1 view .LVU133
  72:src/algorithm/offence/offence.cpp ****                         enable_shoot = true;
 555              		.loc 1 72 23 is_stmt 0 view .LVU134
 556 0132 B4F97400 		ldrsh	r0, [r4, #116]
 557 0136 80EAE073 		eor	r3, r0, r0, asr #31
 558 013a A3EBE073 		sub	r3, r3, r0, asr #31
 559 013e 9BB2     		uxth	r3, r3
  72:src/algorithm/offence/offence.cpp ****                         enable_shoot = true;
 560              		.loc 1 72 19 view .LVU135
 561 0140 3B2B     		cmp	r3, #59
 562 0142 07D8     		bhi	.L28
  72:src/algorithm/offence/offence.cpp ****                         enable_shoot = true;
 563              		.loc 1 72 81 discriminator 1 view .LVU136
 564 0144 94F87630 		ldrb	r3, [r4, #118]	@ zero_extendqisi2
  72:src/algorithm/offence/offence.cpp ****                         enable_shoot = true;
 565              		.loc 1 72 62 discriminator 1 view .LVU137
 566 0148 632B     		cmp	r3, #99
 567 014a 03D8     		bhi	.L28
  73:src/algorithm/offence/offence.cpp ****                   } else {
 568              		.loc 1 73 25 is_stmt 1 view .LVU138
  73:src/algorithm/offence/offence.cpp ****                   } else {
 569              		.loc 1 73 38 is_stmt 0 view .LVU139
 570 014c 124B     		ldr	r3, .L32+24
 571 014e 0122     		movs	r2, #1
 572 0150 1A70     		strb	r2, [r3]
 573 0152 A5E7     		b	.L19
 574              	.L28:
  75:src/algorithm/offence/offence.cpp ****                   }
 575              		.loc 1 75 25 is_stmt 1 view .LVU140
  75:src/algorithm/offence/offence.cpp ****                   }
 576              		.loc 1 75 73 is_stmt 0 view .LVU141
 577 0154 FFF7FEFF 		bl	__aeabi_i2d
 578              	.LVL41:
 579 0158 0022     		movs	r2, #0
 580 015a 114B     		ldr	r3, .L32+32
 581 015c FFF7FEFF 		bl	__aeabi_dmul
 582              	.LVL42:
  75:src/algorithm/offence/offence.cpp ****                   }
 583              		.loc 1 75 43 view .LVU142
 584 0160 FFF7FEFF 		bl	__aeabi_d2iz
 585              	.LVL43:
 586 0164 0323     		movs	r3, #3
 587 0166 9FED0D1A 		vldr.32	s2, .L32+28
 588 016a 0022     		movs	r2, #0
 589 016c F6EE000A 		vmov.f32	s1, #5.0e-1
 590 0170 B0EE600A 		vmov.f32	s0, s1
 591 0174 01B2     		sxth	r1, r0
 592 0176 04F5C870 		add	r0, r4, #400
 593 017a FFF7FEFF 		bl	_ZN10MotorDrive5DriveEsffsfh
 594              	.LVL44:
 595              	.LBE16:
ARM GAS  /var/folders/5c/srt4fy4j1pd641bjfx75k5000000gn/T//ccsjbwYW.s 			page 14


 596              	.LBE20:
 597              		.loc 1 79 1 view .LVU143
 598 017e 8FE7     		b	.L19
 599              	.L33:
 600              		.align	2
 601              	.L32:
 602 0180 00000000 		.word	_ZL10hold_timer
 603 0184 00000000 		.word	_ZL19do_back_curve_shoot
 604 0188 00000000 		.word	_ZL25do_back_curve_shoot_timer
 605 018c 00000000 		.word	_ZZL12HoldBallBackP5RobotE11enable_kick
 606 0190 00000000 		.word	0
 607 0194 00000000 		.word	_ZZL12HoldBallBackP5RobotE9shoot_dir
 608 0198 00000000 		.word	_ZZL12HoldBallBackP5RobotE12enable_shoot
 609 019c DB0FC93F 		.word	1070141403
 610 01a0 0000F83F 		.word	1073217536
 611              		.cfi_endproc
 612              	.LFE1198:
 613              		.fnend
 615              		.section	.text._Z41__static_initialization_and_destruction_0ii,"ax",%progbits
 616              		.align	1
 617              		.syntax unified
 618              		.thumb
 619              		.thumb_func
 621              	_Z41__static_initialization_and_destruction_0ii:
 622              		.fnstart
 623              	.LVL45:
 624              	.LFB1314:
  80:src/algorithm/offence/offence.cpp **** 
  81:src/algorithm/offence/offence.cpp **** void Mode::Offence() {
  82:src/algorithm/offence/offence.cpp ****       if (robot->info.Catch.is_front) {
  83:src/algorithm/offence/offence.cpp ****             robot->dribbler_front.Hold(HOLD_MAX_POWER);
  84:src/algorithm/offence/offence.cpp ****       } else if (BALL_NEAR_FRONT) {
  85:src/algorithm/offence/offence.cpp ****             robot->dribbler_front.Hold(HOLD_WAIT_POWER);
  86:src/algorithm/offence/offence.cpp ****       } else {
  87:src/algorithm/offence/offence.cpp ****             robot->dribbler_front.Hold(0);
  88:src/algorithm/offence/offence.cpp ****       }
  89:src/algorithm/offence/offence.cpp **** 
  90:src/algorithm/offence/offence.cpp ****       if (robot->info.Catch.is_back) {
  91:src/algorithm/offence/offence.cpp ****             robot->dribbler_back.Hold(HOLD_MAX_POWER);
  92:src/algorithm/offence/offence.cpp ****       } else if (BALL_NEAR_BACK) {
  93:src/algorithm/offence/offence.cpp ****             robot->dribbler_back.Hold(HOLD_WAIT_POWER);
  94:src/algorithm/offence/offence.cpp ****       } else {
  95:src/algorithm/offence/offence.cpp ****             robot->dribbler_back.Hold(0);
  96:src/algorithm/offence/offence.cpp ****       }
  97:src/algorithm/offence/offence.cpp ****       // robot->info.Line.is_leftside || robot->info.Line.is_rightside ||
  98:src/algorithm/offence/offence.cpp **** 
  99:src/algorithm/offence/offence.cpp ****       if (robot->info.Line.is_on_line || back_to_inside_timer.read_ms() < (pre_speed * 1000)) {
 100:src/algorithm/offence/offence.cpp ****             OnLine(robot);
 101:src/algorithm/offence/offence.cpp ****       } else {
 102:src/algorithm/offence/offence.cpp ****             is_pre_on_line = false;
 103:src/algorithm/offence/offence.cpp ****             // is_pre_leftside = false;
 104:src/algorithm/offence/offence.cpp ****             // is_pre_rightside = false;
 105:src/algorithm/offence/offence.cpp **** 
 106:src/algorithm/offence/offence.cpp ****             if (robot->info.Catch.is_front == true || do_front_curve_shoot == true) {
 107:src/algorithm/offence/offence.cpp ****                   HoldBallFront(robot);
 108:src/algorithm/offence/offence.cpp ****             } else if (robot->info.Catch.is_back == true || do_back_curve_shoot == true) {
 109:src/algorithm/offence/offence.cpp ****                   if (do_back_curve_shoot == false) do_back_curve_shoot_timer.reset();
ARM GAS  /var/folders/5c/srt4fy4j1pd641bjfx75k5000000gn/T//ccsjbwYW.s 			page 15


 110:src/algorithm/offence/offence.cpp ****                   do_back_curve_shoot = true;
 111:src/algorithm/offence/offence.cpp **** 
 112:src/algorithm/offence/offence.cpp ****                   HoldBallBack(robot);
 113:src/algorithm/offence/offence.cpp ****             } else {
 114:src/algorithm/offence/offence.cpp ****                   if (abs(robot->info.Cam.ball_dir) < 120) {
 115:src/algorithm/offence/offence.cpp ****                         CaptureBall(robot, 0);
 116:src/algorithm/offence/offence.cpp ****                   } else {
 117:src/algorithm/offence/offence.cpp ****                         CaptureBall(robot, 180);
 118:src/algorithm/offence/offence.cpp ****                   }
 119:src/algorithm/offence/offence.cpp ****             }
 120:src/algorithm/offence/offence.cpp ****       }
 121:src/algorithm/offence/offence.cpp **** }...
 625              		.loc 1 121 1 is_stmt 1 view -0
 626              		.cfi_startproc
 627              		@ args = 0, pretend = 0, frame = 0
 628              		@ frame_needed = 0, uses_anonymous_args = 0
 629              		.loc 1 121 1 is_stmt 0 view .LVU145
 630 0000 0128     		cmp	r0, #1
 631 0002 00D0     		beq	.L40
 632 0004 7047     		bx	lr
 633              	.L40:
 634              		.loc 1 121 1 discriminator 1 view .LVU146
 635 0006 08B5     		push	{r3, lr}
 636              	.LCFI8:
 637              		.cfi_def_cfa_offset 8
 638              		.cfi_offset 3, -8
 639              		.cfi_offset 14, -4
 640              		.loc 1 121 1 discriminator 1 view .LVU147
 641 0008 4FF6FF73 		movw	r3, #65535
 642 000c 9942     		cmp	r1, r3
 643 000e 00D0     		beq	.L41
 644              	.LVL46:
 645              	.L34:
 646              		.loc 1 121 1 view .LVU148
 647 0010 08BD     		pop	{r3, pc}
 648              	.LVL47:
 649              	.L41:
   6:src/algorithm/offence/offence.cpp **** static Timer do_back_curve_shoot_timer;
 650              		.loc 1 6 14 view .LVU149
 651 0012 0548     		ldr	r0, .L42
 652              	.LVL48:
   6:src/algorithm/offence/offence.cpp **** static Timer do_back_curve_shoot_timer;
 653              		.loc 1 6 14 view .LVU150
 654 0014 FFF7FEFF 		bl	_ZN5TimerC1Ev
 655              	.LVL49:
   7:src/algorithm/offence/offence.cpp **** static Timer do_front_curve_shoot_timer;
 656              		.loc 1 7 14 view .LVU151
 657 0018 0448     		ldr	r0, .L42+4
 658 001a FFF7FEFF 		bl	_ZN5TimerC1Ev
 659              	.LVL50:
   8:src/algorithm/offence/offence.cpp **** static Timer hold_timer;
 660              		.loc 1 8 14 view .LVU152
 661 001e 0448     		ldr	r0, .L42+8
 662 0020 FFF7FEFF 		bl	_ZN5TimerC1Ev
 663              	.LVL51:
 664              		.loc 1 121 1 view .LVU153
 665 0024 F4E7     		b	.L34
ARM GAS  /var/folders/5c/srt4fy4j1pd641bjfx75k5000000gn/T//ccsjbwYW.s 			page 16


 666              	.L43:
 667 0026 00BF     		.align	2
 668              	.L42:
 669 0028 00000000 		.word	_ZL25do_back_curve_shoot_timer
 670 002c 00000000 		.word	_ZL26do_front_curve_shoot_timer
 671 0030 00000000 		.word	_ZL10hold_timer
 672              		.cfi_endproc
 673              	.LFE1314:
 674              		.cantunwind
 675              		.fnend
 677              		.section	.text._ZN4Mode7OffenceEv,"ax",%progbits
 678              		.align	1
 679              		.global	_ZN4Mode7OffenceEv
 680              		.syntax unified
 681              		.thumb
 682              		.thumb_func
 684              	_ZN4Mode7OffenceEv:
 685              		.fnstart
 686              	.LVL52:
 687              	.LFB1199:
  81:src/algorithm/offence/offence.cpp **** void Mode::Offence() {
 688              		.loc 1 81 22 is_stmt 1 view -0
 689              		.cfi_startproc
 690              		@ args = 0, pretend = 0, frame = 0
 691              		@ frame_needed = 0, uses_anonymous_args = 0
  81:src/algorithm/offence/offence.cpp **** void Mode::Offence() {
 692              		.loc 1 81 22 is_stmt 0 view .LVU155
 693 0000 10B5     		push	{r4, lr}
 694              		.save {r4, lr}
 695              	.LCFI9:
 696              		.cfi_def_cfa_offset 8
 697              		.cfi_offset 4, -8
 698              		.cfi_offset 14, -4
 699 0002 0446     		mov	r4, r0
  82:src/algorithm/offence/offence.cpp ****       if (robot->info.Catch.is_front) {
 700              		.loc 1 82 7 is_stmt 1 view .LVU156
  82:src/algorithm/offence/offence.cpp ****       if (robot->info.Catch.is_front) {
 701              		.loc 1 82 11 is_stmt 0 view .LVU157
 702 0004 4068     		ldr	r0, [r0, #4]
 703              	.LVL53:
  82:src/algorithm/offence/offence.cpp ****       if (robot->info.Catch.is_front) {
 704              		.loc 1 82 29 view .LVU158
 705 0006 90F82E30 		ldrb	r3, [r0, #46]	@ zero_extendqisi2
  82:src/algorithm/offence/offence.cpp ****       if (robot->info.Catch.is_front) {
 706              		.loc 1 82 7 view .LVU159
 707 000a 002B     		cmp	r3, #0
 708 000c 41D1     		bne	.L63
  84:src/algorithm/offence/offence.cpp ****       } else if (BALL_NEAR_FRONT) {
 709              		.loc 1 84 14 is_stmt 1 view .LVU160
  84:src/algorithm/offence/offence.cpp ****       } else if (BALL_NEAR_FRONT) {
 710              		.loc 1 84 18 is_stmt 0 view .LVU161
 711 000e B0F94E30 		ldrsh	r3, [r0, #78]
 712 0012 002B     		cmp	r3, #0
 713 0014 B8BF     		it	lt
 714 0016 5B42     		rsblt	r3, r3, #0
 715 0018 9BB2     		uxth	r3, r3
  84:src/algorithm/offence/offence.cpp ****       } else if (BALL_NEAR_FRONT) {
ARM GAS  /var/folders/5c/srt4fy4j1pd641bjfx75k5000000gn/T//ccsjbwYW.s 			page 17


 716              		.loc 1 84 14 view .LVU162
 717 001a 1D2B     		cmp	r3, #29
 718 001c 03D8     		bhi	.L47
  84:src/algorithm/offence/offence.cpp ****       } else if (BALL_NEAR_FRONT) {
 719              		.loc 1 84 18 discriminator 1 view .LVU163
 720 001e 90F85030 		ldrb	r3, [r0, #80]	@ zero_extendqisi2
 721 0022 132B     		cmp	r3, #19
 722 0024 3CD9     		bls	.L64
 723              	.L47:
  87:src/algorithm/offence/offence.cpp ****             robot->dribbler_front.Hold(0);
 724              		.loc 1 87 13 is_stmt 1 view .LVU164
  87:src/algorithm/offence/offence.cpp ****             robot->dribbler_front.Hold(0);
 725              		.loc 1 87 39 is_stmt 0 view .LVU165
 726 0026 0021     		movs	r1, #0
 727 0028 00F58650 		add	r0, r0, #4288
 728 002c 0830     		adds	r0, r0, #8
 729 002e FFF7FEFF 		bl	_ZN13DribblerDrive4HoldEh
 730              	.LVL54:
 731              	.L46:
  90:src/algorithm/offence/offence.cpp ****       if (robot->info.Catch.is_back) {
 732              		.loc 1 90 7 is_stmt 1 view .LVU166
  90:src/algorithm/offence/offence.cpp ****       if (robot->info.Catch.is_back) {
 733              		.loc 1 90 11 is_stmt 0 view .LVU167
 734 0032 6068     		ldr	r0, [r4, #4]
  90:src/algorithm/offence/offence.cpp ****       if (robot->info.Catch.is_back) {
 735              		.loc 1 90 29 view .LVU168
 736 0034 90F83230 		ldrb	r3, [r0, #50]	@ zero_extendqisi2
  90:src/algorithm/offence/offence.cpp ****       if (robot->info.Catch.is_back) {
 737              		.loc 1 90 7 view .LVU169
 738 0038 CBBB     		cbnz	r3, .L65
  92:src/algorithm/offence/offence.cpp ****       } else if (BALL_NEAR_BACK) {
 739              		.loc 1 92 14 is_stmt 1 view .LVU170
  92:src/algorithm/offence/offence.cpp ****       } else if (BALL_NEAR_BACK) {
 740              		.loc 1 92 18 is_stmt 0 view .LVU171
 741 003a B0F94E30 		ldrsh	r3, [r0, #78]
 742 003e 002B     		cmp	r3, #0
 743 0040 B8BF     		it	lt
 744 0042 5B42     		rsblt	r3, r3, #0
 745 0044 9BB2     		uxth	r3, r3
  92:src/algorithm/offence/offence.cpp ****       } else if (BALL_NEAR_BACK) {
 746              		.loc 1 92 14 view .LVU172
 747 0046 962B     		cmp	r3, #150
 748 0048 03D9     		bls	.L50
  92:src/algorithm/offence/offence.cpp ****       } else if (BALL_NEAR_BACK) {
 749              		.loc 1 92 18 discriminator 1 view .LVU173
 750 004a 90F85030 		ldrb	r3, [r0, #80]	@ zero_extendqisi2
 751 004e 132B     		cmp	r3, #19
 752 0050 33D9     		bls	.L66
 753              	.L50:
  95:src/algorithm/offence/offence.cpp ****             robot->dribbler_back.Hold(0);
 754              		.loc 1 95 13 is_stmt 1 view .LVU174
  95:src/algorithm/offence/offence.cpp ****             robot->dribbler_back.Hold(0);
 755              		.loc 1 95 38 is_stmt 0 view .LVU175
 756 0052 0021     		movs	r1, #0
 757 0054 00F58750 		add	r0, r0, #4320
 758 0058 FFF7FEFF 		bl	_ZN13DribblerDrive4HoldEh
 759              	.LVL55:
ARM GAS  /var/folders/5c/srt4fy4j1pd641bjfx75k5000000gn/T//ccsjbwYW.s 			page 18


 760              	.L49:
  99:src/algorithm/offence/offence.cpp ****       if (robot->info.Line.is_on_line || back_to_inside_timer.read_ms() < (pre_speed * 1000)) {
 761              		.loc 1 99 7 is_stmt 1 view .LVU176
  99:src/algorithm/offence/offence.cpp ****       if (robot->info.Line.is_on_line || back_to_inside_timer.read_ms() < (pre_speed * 1000)) {
 762              		.loc 1 99 11 is_stmt 0 view .LVU177
 763 005c 6368     		ldr	r3, [r4, #4]
  99:src/algorithm/offence/offence.cpp ****       if (robot->info.Line.is_on_line || back_to_inside_timer.read_ms() < (pre_speed * 1000)) {
 764              		.loc 1 99 28 view .LVU178
 765 005e 93F82330 		ldrb	r3, [r3, #35]	@ zero_extendqisi2
  99:src/algorithm/offence/offence.cpp ****       if (robot->info.Line.is_on_line || back_to_inside_timer.read_ms() < (pre_speed * 1000)) {
 766              		.loc 1 99 39 view .LVU179
 767 0062 93B9     		cbnz	r3, .L51
  99:src/algorithm/offence/offence.cpp ****       if (robot->info.Line.is_on_line || back_to_inside_timer.read_ms() < (pre_speed * 1000)) {
 768              		.loc 1 99 70 discriminator 2 view .LVU180
 769 0064 3048     		ldr	r0, .L68
 770 0066 FFF7FEFF 		bl	_ZN5Timer7read_msEv
 771              	.LVL56:
 772 006a 07EE100A 		vmov	s14, r0	@ int
  99:src/algorithm/offence/offence.cpp ****       if (robot->info.Line.is_on_line || back_to_inside_timer.read_ms() < (pre_speed * 1000)) {
 773              		.loc 1 99 73 discriminator 2 view .LVU181
 774 006e B8EE477A 		vcvt.f32.u32	s14, s14
  99:src/algorithm/offence/offence.cpp ****       if (robot->info.Line.is_on_line || back_to_inside_timer.read_ms() < (pre_speed * 1000)) {
 775              		.loc 1 99 86 discriminator 2 view .LVU182
 776 0072 2E4B     		ldr	r3, .L68+4
 777 0074 D3ED007A 		vldr.32	s15, [r3]
 778 0078 DFED2D6A 		vldr.32	s13, .L68+8
 779 007c 67EEA67A 		vmul.f32	s15, s15, s13
  99:src/algorithm/offence/offence.cpp ****       if (robot->info.Line.is_on_line || back_to_inside_timer.read_ms() < (pre_speed * 1000)) {
 780              		.loc 1 99 39 discriminator 2 view .LVU183
 781 0080 B4EEE77A 		vcmpe.f32	s14, s15
 782 0084 F1EE10FA 		vmrs	APSR_nzcv, FPSCR
 783 0088 1DD5     		bpl	.L61
 784              	.L51:
 100:src/algorithm/offence/offence.cpp ****             OnLine(robot);
 785              		.loc 1 100 13 is_stmt 1 discriminator 3 view .LVU184
 100:src/algorithm/offence/offence.cpp ****             OnLine(robot);
 786              		.loc 1 100 19 is_stmt 0 discriminator 3 view .LVU185
 787 008a 6068     		ldr	r0, [r4, #4]
 788 008c FFF7FEFF 		bl	_Z6OnLineP5Robot
 789              	.LVL57:
 790              	.L44:
 791              		.loc 1 121 1 view .LVU186
 792 0090 10BD     		pop	{r4, pc}
 793              	.LVL58:
 794              	.L63:
  83:src/algorithm/offence/offence.cpp ****             robot->dribbler_front.Hold(HOLD_MAX_POWER);
 795              		.loc 1 83 13 is_stmt 1 view .LVU187
  83:src/algorithm/offence/offence.cpp ****             robot->dribbler_front.Hold(HOLD_MAX_POWER);
 796              		.loc 1 83 39 is_stmt 0 view .LVU188
 797 0092 6421     		movs	r1, #100
 798 0094 00F58650 		add	r0, r0, #4288
 799 0098 0830     		adds	r0, r0, #8
 800 009a FFF7FEFF 		bl	_ZN13DribblerDrive4HoldEh
 801              	.LVL59:
 802 009e C8E7     		b	.L46
 803              	.L64:
  85:src/algorithm/offence/offence.cpp ****             robot->dribbler_front.Hold(HOLD_WAIT_POWER);
ARM GAS  /var/folders/5c/srt4fy4j1pd641bjfx75k5000000gn/T//ccsjbwYW.s 			page 19


 804              		.loc 1 85 13 is_stmt 1 view .LVU189
  85:src/algorithm/offence/offence.cpp ****             robot->dribbler_front.Hold(HOLD_WAIT_POWER);
 805              		.loc 1 85 39 is_stmt 0 view .LVU190
 806 00a0 3221     		movs	r1, #50
 807 00a2 00F58650 		add	r0, r0, #4288
 808 00a6 0830     		adds	r0, r0, #8
 809 00a8 FFF7FEFF 		bl	_ZN13DribblerDrive4HoldEh
 810              	.LVL60:
 811 00ac C1E7     		b	.L46
 812              	.L65:
  91:src/algorithm/offence/offence.cpp ****             robot->dribbler_back.Hold(HOLD_MAX_POWER);
 813              		.loc 1 91 13 is_stmt 1 view .LVU191
  91:src/algorithm/offence/offence.cpp ****             robot->dribbler_back.Hold(HOLD_MAX_POWER);
 814              		.loc 1 91 38 is_stmt 0 view .LVU192
 815 00ae 6421     		movs	r1, #100
 816 00b0 00F58750 		add	r0, r0, #4320
 817 00b4 FFF7FEFF 		bl	_ZN13DribblerDrive4HoldEh
 818              	.LVL61:
 819 00b8 D0E7     		b	.L49
 820              	.L66:
  93:src/algorithm/offence/offence.cpp ****             robot->dribbler_back.Hold(HOLD_WAIT_POWER);
 821              		.loc 1 93 13 is_stmt 1 view .LVU193
  93:src/algorithm/offence/offence.cpp ****             robot->dribbler_back.Hold(HOLD_WAIT_POWER);
 822              		.loc 1 93 38 is_stmt 0 view .LVU194
 823 00ba 3221     		movs	r1, #50
 824 00bc 00F58750 		add	r0, r0, #4320
 825 00c0 FFF7FEFF 		bl	_ZN13DribblerDrive4HoldEh
 826              	.LVL62:
 827 00c4 CAE7     		b	.L49
 828              	.L61:
 102:src/algorithm/offence/offence.cpp ****             is_pre_on_line = false;
 829              		.loc 1 102 13 is_stmt 1 view .LVU195
 102:src/algorithm/offence/offence.cpp ****             is_pre_on_line = false;
 830              		.loc 1 102 28 is_stmt 0 view .LVU196
 831 00c6 1B4B     		ldr	r3, .L68+12
 832 00c8 0022     		movs	r2, #0
 833 00ca 1A70     		strb	r2, [r3]
 106:src/algorithm/offence/offence.cpp ****             if (robot->info.Catch.is_front == true || do_front_curve_shoot == true) {
 834              		.loc 1 106 13 is_stmt 1 view .LVU197
 106:src/algorithm/offence/offence.cpp ****             if (robot->info.Catch.is_front == true || do_front_curve_shoot == true) {
 835              		.loc 1 106 17 is_stmt 0 view .LVU198
 836 00cc 6068     		ldr	r0, [r4, #4]
 106:src/algorithm/offence/offence.cpp ****             if (robot->info.Catch.is_front == true || do_front_curve_shoot == true) {
 837              		.loc 1 106 35 view .LVU199
 838 00ce 90F82E30 		ldrb	r3, [r0, #46]	@ zero_extendqisi2
 106:src/algorithm/offence/offence.cpp ****             if (robot->info.Catch.is_front == true || do_front_curve_shoot == true) {
 839              		.loc 1 106 13 view .LVU200
 840 00d2 13B9     		cbnz	r3, .L55
 106:src/algorithm/offence/offence.cpp ****             if (robot->info.Catch.is_front == true || do_front_curve_shoot == true) {
 841              		.loc 1 106 76 discriminator 1 view .LVU201
 842 00d4 184B     		ldr	r3, .L68+16
 843 00d6 1B78     		ldrb	r3, [r3]	@ zero_extendqisi2
 106:src/algorithm/offence/offence.cpp ****             if (robot->info.Catch.is_front == true || do_front_curve_shoot == true) {
 844              		.loc 1 106 52 discriminator 1 view .LVU202
 845 00d8 13B1     		cbz	r3, .L56
 846              	.L55:
 107:src/algorithm/offence/offence.cpp ****                   HoldBallFront(robot);
ARM GAS  /var/folders/5c/srt4fy4j1pd641bjfx75k5000000gn/T//ccsjbwYW.s 			page 20


 847              		.loc 1 107 19 is_stmt 1 view .LVU203
 107:src/algorithm/offence/offence.cpp ****                   HoldBallFront(robot);
 848              		.loc 1 107 32 is_stmt 0 view .LVU204
 849 00da FFF7FEFF 		bl	_ZL13HoldBallFrontP5Robot
 850              	.LVL63:
 851 00de D7E7     		b	.L44
 852              	.L56:
 108:src/algorithm/offence/offence.cpp ****             } else if (robot->info.Catch.is_back == true || do_back_curve_shoot == true) {
 853              		.loc 1 108 20 is_stmt 1 view .LVU205
 108:src/algorithm/offence/offence.cpp ****             } else if (robot->info.Catch.is_back == true || do_back_curve_shoot == true) {
 854              		.loc 1 108 42 is_stmt 0 view .LVU206
 855 00e0 90F83230 		ldrb	r3, [r0, #50]	@ zero_extendqisi2
 108:src/algorithm/offence/offence.cpp ****             } else if (robot->info.Catch.is_back == true || do_back_curve_shoot == true) {
 856              		.loc 1 108 20 view .LVU207
 857 00e4 13B9     		cbnz	r3, .L57
 108:src/algorithm/offence/offence.cpp ****             } else if (robot->info.Catch.is_back == true || do_back_curve_shoot == true) {
 858              		.loc 1 108 81 discriminator 1 view .LVU208
 859 00e6 154B     		ldr	r3, .L68+20
 860 00e8 1B78     		ldrb	r3, [r3]	@ zero_extendqisi2
 108:src/algorithm/offence/offence.cpp ****             } else if (robot->info.Catch.is_back == true || do_back_curve_shoot == true) {
 861              		.loc 1 108 58 discriminator 1 view .LVU209
 862 00ea 6BB1     		cbz	r3, .L58
 863              	.L57:
 109:src/algorithm/offence/offence.cpp ****                   if (do_back_curve_shoot == false) do_back_curve_shoot_timer.reset();
 864              		.loc 1 109 19 is_stmt 1 view .LVU210
 109:src/algorithm/offence/offence.cpp ****                   if (do_back_curve_shoot == false) do_back_curve_shoot_timer.reset();
 865              		.loc 1 109 43 is_stmt 0 view .LVU211
 866 00ec 134B     		ldr	r3, .L68+20
 867 00ee 1B78     		ldrb	r3, [r3]	@ zero_extendqisi2
 109:src/algorithm/offence/offence.cpp ****                   if (do_back_curve_shoot == false) do_back_curve_shoot_timer.reset();
 868              		.loc 1 109 19 view .LVU212
 869 00f0 33B1     		cbz	r3, .L67
 870              	.L59:
 110:src/algorithm/offence/offence.cpp ****                   do_back_curve_shoot = true;
 871              		.loc 1 110 19 is_stmt 1 view .LVU213
 110:src/algorithm/offence/offence.cpp ****                   do_back_curve_shoot = true;
 872              		.loc 1 110 39 is_stmt 0 view .LVU214
 873 00f2 124B     		ldr	r3, .L68+20
 874 00f4 0122     		movs	r2, #1
 875 00f6 1A70     		strb	r2, [r3]
 112:src/algorithm/offence/offence.cpp ****                   HoldBallBack(robot);
 876              		.loc 1 112 19 is_stmt 1 view .LVU215
 112:src/algorithm/offence/offence.cpp ****                   HoldBallBack(robot);
 877              		.loc 1 112 31 is_stmt 0 view .LVU216
 878 00f8 6068     		ldr	r0, [r4, #4]
 879 00fa FFF7FEFF 		bl	_ZL12HoldBallBackP5Robot
 880              	.LVL64:
 881 00fe C7E7     		b	.L44
 882              	.L67:
 109:src/algorithm/offence/offence.cpp ****                   if (do_back_curve_shoot == false) do_back_curve_shoot_timer.reset();
 883              		.loc 1 109 53 is_stmt 1 discriminator 1 view .LVU217
 109:src/algorithm/offence/offence.cpp ****                   if (do_back_curve_shoot == false) do_back_curve_shoot_timer.reset();
 884              		.loc 1 109 84 is_stmt 0 discriminator 1 view .LVU218
 885 0100 0F48     		ldr	r0, .L68+24
 886 0102 FFF7FEFF 		bl	_ZN5Timer5resetEv
 887              	.LVL65:
 888 0106 F4E7     		b	.L59
ARM GAS  /var/folders/5c/srt4fy4j1pd641bjfx75k5000000gn/T//ccsjbwYW.s 			page 21


 889              	.L58:
 114:src/algorithm/offence/offence.cpp ****                   if (abs(robot->info.Cam.ball_dir) < 120) {
 890              		.loc 1 114 19 is_stmt 1 view .LVU219
 114:src/algorithm/offence/offence.cpp ****                   if (abs(robot->info.Cam.ball_dir) < 120) {
 891              		.loc 1 114 23 is_stmt 0 view .LVU220
 892 0108 B0F94E30 		ldrsh	r3, [r0, #78]
 893 010c 002B     		cmp	r3, #0
 894 010e B8BF     		it	lt
 895 0110 5B42     		rsblt	r3, r3, #0
 896 0112 9BB2     		uxth	r3, r3
 114:src/algorithm/offence/offence.cpp ****                   if (abs(robot->info.Cam.ball_dir) < 120) {
 897              		.loc 1 114 19 view .LVU221
 898 0114 772B     		cmp	r3, #119
 899 0116 03D8     		bhi	.L60
 115:src/algorithm/offence/offence.cpp ****                         CaptureBall(robot, 0);
 900              		.loc 1 115 25 is_stmt 1 view .LVU222
 115:src/algorithm/offence/offence.cpp ****                         CaptureBall(robot, 0);
 901              		.loc 1 115 36 is_stmt 0 view .LVU223
 902 0118 0021     		movs	r1, #0
 903 011a FFF7FEFF 		bl	_Z11CaptureBallP5Robots
 904              	.LVL66:
 905 011e B7E7     		b	.L44
 906              	.L60:
 117:src/algorithm/offence/offence.cpp ****                         CaptureBall(robot, 180);
 907              		.loc 1 117 25 is_stmt 1 view .LVU224
 117:src/algorithm/offence/offence.cpp ****                         CaptureBall(robot, 180);
 908              		.loc 1 117 36 is_stmt 0 view .LVU225
 909 0120 B421     		movs	r1, #180
 910 0122 FFF7FEFF 		bl	_Z11CaptureBallP5Robots
 911              	.LVL67:
 912              		.loc 1 121 1 view .LVU226
 913 0126 B3E7     		b	.L44
 914              	.L69:
 915              		.align	2
 916              	.L68:
 917 0128 00000000 		.word	back_to_inside_timer
 918 012c 00000000 		.word	pre_speed
 919 0130 00007A44 		.word	1148846080
 920 0134 00000000 		.word	is_pre_on_line
 921 0138 00000000 		.word	_ZL20do_front_curve_shoot
 922 013c 00000000 		.word	_ZL19do_back_curve_shoot
 923 0140 00000000 		.word	_ZL25do_back_curve_shoot_timer
 924              		.cfi_endproc
 925              	.LFE1199:
 926              		.fnend
 928              		.section	.text._GLOBAL__sub_I__ZN4Mode7OffenceEv,"ax",%progbits
 929              		.align	1
 930              		.syntax unified
 931              		.thumb
 932              		.thumb_func
 934              	_GLOBAL__sub_I__ZN4Mode7OffenceEv:
 935              		.fnstart
 936              	.LFB1315:
 937              		.loc 1 121 1 is_stmt 1 view -0
 938              		.cfi_startproc
 939              		@ args = 0, pretend = 0, frame = 0
 940              		@ frame_needed = 0, uses_anonymous_args = 0
ARM GAS  /var/folders/5c/srt4fy4j1pd641bjfx75k5000000gn/T//ccsjbwYW.s 			page 22


 941 0000 08B5     		push	{r3, lr}
 942              	.LCFI10:
 943              		.cfi_def_cfa_offset 8
 944              		.cfi_offset 3, -8
 945              		.cfi_offset 14, -4
 946              		.loc 1 121 1 is_stmt 0 view .LVU228
 947 0002 4FF6FF71 		movw	r1, #65535
 948 0006 0120     		movs	r0, #1
 949 0008 FFF7FEFF 		bl	_Z41__static_initialization_and_destruction_0ii
 950              	.LVL68:
 951 000c 08BD     		pop	{r3, pc}
 952              		.cfi_endproc
 953              	.LFE1315:
 954              		.cantunwind
 955              		.fnend
 957              		.section	.init_array,"aw",%init_array
 958              		.align	2
 959 0000 00000000 		.word	_GLOBAL__sub_I__ZN4Mode7OffenceEv(target1)
 960              		.section	.bss._ZZL12HoldBallBackP5RobotE12enable_shoot,"aw",%nobits
 963              	_ZZL12HoldBallBackP5RobotE12enable_shoot:
 964 0000 00       		.space	1
 965              		.section	.bss._ZZL12HoldBallBackP5RobotE11enable_kick,"aw",%nobits
 968              	_ZZL12HoldBallBackP5RobotE11enable_kick:
 969 0000 00       		.space	1
 970              		.section	.bss._ZZL12HoldBallBackP5RobotE9shoot_dir,"aw",%nobits
 971              		.align	1
 974              	_ZZL12HoldBallBackP5RobotE9shoot_dir:
 975 0000 0000     		.space	2
 976              		.section	.bss._ZL20do_front_curve_shoot,"aw",%nobits
 979              	_ZL20do_front_curve_shoot:
 980 0000 00       		.space	1
 981              		.section	.bss._ZL19do_back_curve_shoot,"aw",%nobits
 984              	_ZL19do_back_curve_shoot:
 985 0000 00       		.space	1
 986              		.section	.bss._ZL10hold_timer,"aw",%nobits
 987              		.align	2
 990              	_ZL10hold_timer:
 991 0000 00000000 		.space	4
 992              		.section	.bss._ZL26do_front_curve_shoot_timer,"aw",%nobits
 993              		.align	2
 996              	_ZL26do_front_curve_shoot_timer:
 997 0000 00000000 		.space	4
 998              		.section	.bss._ZL25do_back_curve_shoot_timer,"aw",%nobits
 999              		.align	2
 1002              	_ZL25do_back_curve_shoot_timer:
 1003 0000 00000000 		.space	4
 1004              		.text
 1005              	.Letext0:
 1006              		.file 2 "/opt/ST/STM32CubeCLT_1.16.0/GNU-tools-for-STM32/arm-none-eabi/include/c++/12.3.1/cmath"
 1007              		.file 3 "/opt/ST/STM32CubeCLT_1.16.0/GNU-tools-for-STM32/arm-none-eabi/include/c++/12.3.1/type_tra
 1008              		.file 4 "/opt/ST/STM32CubeCLT_1.16.0/GNU-tools-for-STM32/arm-none-eabi/include/c++/12.3.1/debug/de
 1009              		.file 5 "/opt/ST/STM32CubeCLT_1.16.0/GNU-tools-for-STM32/arm-none-eabi/include/c++/12.3.1/cstdio"
 1010              		.file 6 "/opt/ST/STM32CubeCLT_1.16.0/GNU-tools-for-STM32/arm-none-eabi/include/c++/12.3.1/bits/stl
 1011              		.file 7 "/opt/ST/STM32CubeCLT_1.16.0/GNU-tools-for-STM32/arm-none-eabi/include/c++/12.3.1/arm-none
 1012              		.file 8 "/opt/ST/STM32CubeCLT_1.16.0/GNU-tools-for-STM32/arm-none-eabi/include/c++/12.3.1/bits/pre
 1013              		.file 9 "/opt/ST/STM32CubeCLT_1.16.0/GNU-tools-for-STM32/lib/gcc/arm-none-eabi/12.3.1/include/stdd
 1014              		.file 10 "/opt/ST/STM32CubeCLT_1.16.0/GNU-tools-for-STM32/arm-none-eabi/include/machine/_default_t
ARM GAS  /var/folders/5c/srt4fy4j1pd641bjfx75k5000000gn/T//ccsjbwYW.s 			page 23


 1015              		.file 11 "/opt/ST/STM32CubeCLT_1.16.0/GNU-tools-for-STM32/arm-none-eabi/include/sys/_types.h"
 1016              		.file 12 "/opt/ST/STM32CubeCLT_1.16.0/GNU-tools-for-STM32/arm-none-eabi/include/sys/reent.h"
 1017              		.file 13 "/opt/ST/STM32CubeCLT_1.16.0/GNU-tools-for-STM32/arm-none-eabi/include/sys/lock.h"
 1018              		.file 14 "/opt/ST/STM32CubeCLT_1.16.0/GNU-tools-for-STM32/arm-none-eabi/include/math.h"
 1019              		.file 15 "/opt/ST/STM32CubeCLT_1.16.0/GNU-tools-for-STM32/arm-none-eabi/include/stdio.h"
 1020              		.file 16 "/opt/ST/STM32CubeCLT_1.16.0/GNU-tools-for-STM32/arm-none-eabi/include/sys/_stdint.h"
 1021              		.file 17 "Drivers/CMSIS/Device/ST/STM32F4xx/Include/stm32f446xx.h"
 1022              		.file 18 "Drivers/CMSIS/Device/ST/STM32F4xx/Include/stm32f4xx.h"
 1023              		.file 19 "Drivers/STM32F4xx_HAL_Driver/Inc/stm32f4xx_hal_def.h"
 1024              		.file 20 "Drivers/STM32F4xx_HAL_Driver/Inc/stm32f4xx_hal_dma.h"
 1025              		.file 21 "Drivers/STM32F4xx_HAL_Driver/Inc/stm32f4xx_hal_tim.h"
 1026              		.file 22 "Drivers/STM32F4xx_HAL_Driver/Inc/stm32f4xx_hal_uart.h"
 1027              		.file 23 "Drivers/STM32F4xx_HAL_Driver/Inc/stm32f4xx_hal.h"
 1028              		.file 24 "Lib/BufferedSerial/BufferedSerial.hpp"
 1029              		.file 25 "Lib/DigitalInOut/DigitalInOut.hpp"
 1030              		.file 26 "Lib/MovingAve/MovingAve.hpp"
 1031              		.file 27 "Lib/PWMSingle/PWMSingle.hpp"
 1032              		.file 28 "Lib/Timer/Timer.hpp"
 1033              		.file 29 "src/unit/dribbler_drive/dribbler_drive.hpp"
 1034              		.file 30 "src/unit/kicker/kicker.hpp"
 1035              		.file 31 "Lib/pid/pid.hpp"
 1036              		.file 32 "src/unit/motor_drive/motor_drive.hpp"
 1037              		.file 33 "src/unit/robot/robot.hpp"
 1038              		.file 34 "src/mode/mode.hpp"
 1039              		.file 35 "src/algorithm/offence/on_line.hpp"
 1040              		.file 36 "src/algorithm/capture_ball.hpp"
ARM GAS  /var/folders/5c/srt4fy4j1pd641bjfx75k5000000gn/T//ccsjbwYW.s 			page 24


DEFINED SYMBOLS
                            *ABS*:00000000 offence.cpp
/var/folders/5c/srt4fy4j1pd641bjfx75k5000000gn/T//ccsjbwYW.s:24     .text._ZL13HoldBallFrontP5Robot:00000000 $t
/var/folders/5c/srt4fy4j1pd641bjfx75k5000000gn/T//ccsjbwYW.s:29     .text._ZL13HoldBallFrontP5Robot:00000000 _ZL13HoldBallFrontP5Robot
/var/folders/5c/srt4fy4j1pd641bjfx75k5000000gn/T//ccsjbwYW.s:300    .text._ZL13HoldBallFrontP5Robot:00000154 $d
/var/folders/5c/srt4fy4j1pd641bjfx75k5000000gn/T//ccsjbwYW.s:979    .bss._ZL20do_front_curve_shoot:00000000 _ZL20do_front_curve_shoot
/var/folders/5c/srt4fy4j1pd641bjfx75k5000000gn/T//ccsjbwYW.s:990    .bss._ZL10hold_timer:00000000 _ZL10hold_timer
/var/folders/5c/srt4fy4j1pd641bjfx75k5000000gn/T//ccsjbwYW.s:996    .bss._ZL26do_front_curve_shoot_timer:00000000 _ZL26do_front_curve_shoot_timer
.ARM.extab.text._ZL13HoldBallFrontP5Robot:00000000 $d
.ARM.exidx.text._ZL13HoldBallFrontP5Robot:00000000 $d
/var/folders/5c/srt4fy4j1pd641bjfx75k5000000gn/T//ccsjbwYW.s:313    .text._ZL12HoldBallBackP5Robot:00000000 $t
/var/folders/5c/srt4fy4j1pd641bjfx75k5000000gn/T//ccsjbwYW.s:318    .text._ZL12HoldBallBackP5Robot:00000000 _ZL12HoldBallBackP5Robot
/var/folders/5c/srt4fy4j1pd641bjfx75k5000000gn/T//ccsjbwYW.s:602    .text._ZL12HoldBallBackP5Robot:00000180 $d
/var/folders/5c/srt4fy4j1pd641bjfx75k5000000gn/T//ccsjbwYW.s:984    .bss._ZL19do_back_curve_shoot:00000000 _ZL19do_back_curve_shoot
/var/folders/5c/srt4fy4j1pd641bjfx75k5000000gn/T//ccsjbwYW.s:1002   .bss._ZL25do_back_curve_shoot_timer:00000000 _ZL25do_back_curve_shoot_timer
/var/folders/5c/srt4fy4j1pd641bjfx75k5000000gn/T//ccsjbwYW.s:968    .bss._ZZL12HoldBallBackP5RobotE11enable_kick:00000000 _ZZL12HoldBallBackP5RobotE11enable_kick
/var/folders/5c/srt4fy4j1pd641bjfx75k5000000gn/T//ccsjbwYW.s:974    .bss._ZZL12HoldBallBackP5RobotE9shoot_dir:00000000 _ZZL12HoldBallBackP5RobotE9shoot_dir
/var/folders/5c/srt4fy4j1pd641bjfx75k5000000gn/T//ccsjbwYW.s:963    .bss._ZZL12HoldBallBackP5RobotE12enable_shoot:00000000 _ZZL12HoldBallBackP5RobotE12enable_shoot
.ARM.exidx.text._ZL12HoldBallBackP5Robot:00000000 $d
/var/folders/5c/srt4fy4j1pd641bjfx75k5000000gn/T//ccsjbwYW.s:616    .text._Z41__static_initialization_and_destruction_0ii:00000000 $t
/var/folders/5c/srt4fy4j1pd641bjfx75k5000000gn/T//ccsjbwYW.s:621    .text._Z41__static_initialization_and_destruction_0ii:00000000 _Z41__static_initialization_and_destruction_0ii
/var/folders/5c/srt4fy4j1pd641bjfx75k5000000gn/T//ccsjbwYW.s:669    .text._Z41__static_initialization_and_destruction_0ii:00000028 $d
.ARM.exidx.text._Z41__static_initialization_and_destruction_0ii:00000000 $d
/var/folders/5c/srt4fy4j1pd641bjfx75k5000000gn/T//ccsjbwYW.s:678    .text._ZN4Mode7OffenceEv:00000000 $t
/var/folders/5c/srt4fy4j1pd641bjfx75k5000000gn/T//ccsjbwYW.s:684    .text._ZN4Mode7OffenceEv:00000000 _ZN4Mode7OffenceEv
/var/folders/5c/srt4fy4j1pd641bjfx75k5000000gn/T//ccsjbwYW.s:917    .text._ZN4Mode7OffenceEv:00000128 $d
.ARM.exidx.text._ZN4Mode7OffenceEv:00000000 $d
/var/folders/5c/srt4fy4j1pd641bjfx75k5000000gn/T//ccsjbwYW.s:929    .text._GLOBAL__sub_I__ZN4Mode7OffenceEv:00000000 $t
/var/folders/5c/srt4fy4j1pd641bjfx75k5000000gn/T//ccsjbwYW.s:934    .text._GLOBAL__sub_I__ZN4Mode7OffenceEv:00000000 _GLOBAL__sub_I__ZN4Mode7OffenceEv
.ARM.exidx.text._GLOBAL__sub_I__ZN4Mode7OffenceEv:00000000 $d
/var/folders/5c/srt4fy4j1pd641bjfx75k5000000gn/T//ccsjbwYW.s:958    .init_array:00000000 $d
/var/folders/5c/srt4fy4j1pd641bjfx75k5000000gn/T//ccsjbwYW.s:964    .bss._ZZL12HoldBallBackP5RobotE12enable_shoot:00000000 $d
/var/folders/5c/srt4fy4j1pd641bjfx75k5000000gn/T//ccsjbwYW.s:969    .bss._ZZL12HoldBallBackP5RobotE11enable_kick:00000000 $d
/var/folders/5c/srt4fy4j1pd641bjfx75k5000000gn/T//ccsjbwYW.s:971    .bss._ZZL12HoldBallBackP5RobotE9shoot_dir:00000000 $d
/var/folders/5c/srt4fy4j1pd641bjfx75k5000000gn/T//ccsjbwYW.s:980    .bss._ZL20do_front_curve_shoot:00000000 $d
/var/folders/5c/srt4fy4j1pd641bjfx75k5000000gn/T//ccsjbwYW.s:985    .bss._ZL19do_back_curve_shoot:00000000 $d
/var/folders/5c/srt4fy4j1pd641bjfx75k5000000gn/T//ccsjbwYW.s:987    .bss._ZL10hold_timer:00000000 $d
/var/folders/5c/srt4fy4j1pd641bjfx75k5000000gn/T//ccsjbwYW.s:993    .bss._ZL26do_front_curve_shoot_timer:00000000 $d
/var/folders/5c/srt4fy4j1pd641bjfx75k5000000gn/T//ccsjbwYW.s:999    .bss._ZL25do_back_curve_shoot_timer:00000000 $d

UNDEFINED SYMBOLS
__aeabi_i2d
__aeabi_dmul
__aeabi_d2iz
_ZN5Timer7read_msEv
_ZN10MotorDrive5BrakeEt
_ZN13DribblerDrive5BrakeEt
_ZN6Kicker4KickEf
_ZN10MotorDrive5DriveEsffsfh
_ZN5Timer5resetEv
__aeabi_unwind_cpp_pr1
_ZN10MotorDrive3RunEssss
__aeabi_unwind_cpp_pr0
_ZN5TimerC1Ev
_ZN13DribblerDrive4HoldEh
_Z6OnLineP5Robot
_Z11CaptureBallP5Robots
ARM GAS  /var/folders/5c/srt4fy4j1pd641bjfx75k5000000gn/T//ccsjbwYW.s 			page 25


back_to_inside_timer
pre_speed
is_pre_on_line
