ARM GAS  /var/folders/5c/srt4fy4j1pd641bjfx75k5000000gn/T//ccSXx223.s 			page 1


   1              		.cpu cortex-m4
   2              		.arch armv7e-m
   3              		.fpu fpv4-sp-d16
   4              		.eabi_attribute 27, 1
   5              		.eabi_attribute 28, 1
   6              		.eabi_attribute 20, 1
   7              		.eabi_attribute 21, 1
   8              		.eabi_attribute 23, 3
   9              		.eabi_attribute 24, 1
  10              		.eabi_attribute 25, 1
  11              		.eabi_attribute 26, 1
  12              		.eabi_attribute 30, 1
  13              		.eabi_attribute 34, 1
  14              		.eabi_attribute 18, 4
  15              		.file	"on_line.cpp"
  16              		.text
  17              	.Ltext0:
  18              		.cfi_sections	.debug_frame
  19              		.file 1 "src/algorithm/offence/on_line.cpp"
  20              		.global	__aeabi_f2d
  21              		.global	__aeabi_dmul
  22              		.global	__aeabi_d2f
  23              		.section	.text._ZL9LineTraceP5Robot,"ax",%progbits
  24              		.align	1
  25              		.syntax unified
  26              		.thumb
  27              		.thumb_func
  29              	_ZL9LineTraceP5Robot:
  30              		.fnstart
  31              	.LVL0:
  32              	.LFB272:
   1:src/algorithm/offence/on_line.cpp **** #include "on_line.hpp"
   2:src/algorithm/offence/on_line.cpp **** 
   3:src/algorithm/offence/on_line.cpp **** Timer back_to_inside_timer;
   4:src/algorithm/offence/on_line.cpp **** 
   5:src/algorithm/offence/on_line.cpp **** static int16_t pre_line_inside_dir;
   6:src/algorithm/offence/on_line.cpp **** float pre_speed;
   7:src/algorithm/offence/on_line.cpp **** bool is_pre_on_line;
   8:src/algorithm/offence/on_line.cpp **** // bool is_pre_leftside;
   9:src/algorithm/offence/on_line.cpp **** // bool is_pre_rightside;
  10:src/algorithm/offence/on_line.cpp **** 
  11:src/algorithm/offence/on_line.cpp **** static void LineTrace(Robot* robot) {
  33              		.loc 1 11 37 view -0
  34              		.cfi_startproc
  35              		@ args = 0, pretend = 0, frame = 0
  36              		@ frame_needed = 0, uses_anonymous_args = 0
  37              		.loc 1 11 37 is_stmt 0 view .LVU1
  38 0000 38B5     		push	{r3, r4, r5, lr}
  39              		.save {r3, r4, r5, lr}
  40              	.LCFI0:
  41              		.cfi_def_cfa_offset 16
  42              		.cfi_offset 3, -16
  43              		.cfi_offset 4, -12
  44              		.cfi_offset 5, -8
  45              		.cfi_offset 14, -4
  46 0002 2DED048B 		vpush.64	{d8, d9}
  47              		.vsave {d8, d9}
ARM GAS  /var/folders/5c/srt4fy4j1pd641bjfx75k5000000gn/T//ccSXx223.s 			page 2


  48              	.LCFI1:
  49              		.cfi_def_cfa_offset 32
  50              		.cfi_offset 80, -32
  51              		.cfi_offset 81, -28
  52              		.cfi_offset 82, -24
  53              		.cfi_offset 83, -20
  54 0006 0446     		mov	r4, r0
  12:src/algorithm/offence/on_line.cpp ****       float vector_x, vector_y;
  55              		.loc 1 12 7 is_stmt 1 view .LVU2
  13:src/algorithm/offence/on_line.cpp ****       float vector_mag, vector_dir;
  56              		.loc 1 13 7 view .LVU3
  14:src/algorithm/offence/on_line.cpp ****       float line_vector_gain, ball_vector_gain;
  57              		.loc 1 14 7 view .LVU4
  15:src/algorithm/offence/on_line.cpp ****       float moving_speed;
  58              		.loc 1 15 7 view .LVU5
  16:src/algorithm/offence/on_line.cpp ****       int16_t rotation_dir;
  59              		.loc 1 16 7 view .LVU6
  17:src/algorithm/offence/on_line.cpp **** 
  18:src/algorithm/offence/on_line.cpp ****       if (abs(robot->info.Cam.ball_dir) < 90 && abs(robot->info.Line.inside_dir + robot->info.Imu.y
  60              		.loc 1 18 7 view .LVU7
  19:src/algorithm/offence/on_line.cpp ****             line_vector_gain = 0.4;
  20:src/algorithm/offence/on_line.cpp ****             ball_vector_gain = 0.6;
  21:src/algorithm/offence/on_line.cpp ****       } else {  // 通常待機
  22:src/algorithm/offence/on_line.cpp ****             line_vector_gain = 0.6;
  23:src/algorithm/offence/on_line.cpp ****             ball_vector_gain = 0.4;
  24:src/algorithm/offence/on_line.cpp ****       }
  25:src/algorithm/offence/on_line.cpp ****       line_vector_gain = 0.6;
  61              		.loc 1 25 7 view .LVU8
  62              	.LVL1:
  26:src/algorithm/offence/on_line.cpp ****       ball_vector_gain = 0.4;
  63              		.loc 1 26 7 view .LVU9
  27:src/algorithm/offence/on_line.cpp **** 
  28:src/algorithm/offence/on_line.cpp ****       vector_x = robot->info.Line.depth * MyMath::sinDeg(robot->info.Line.inside_dir) * line_vector
  64              		.loc 1 28 7 view .LVU10
  65              		.loc 1 28 35 is_stmt 0 view .LVU11
  66 0008 90F82230 		ldrb	r3, [r0, #34]	@ zero_extendqisi2
  67 000c 08EE103A 		vmov	s16, r3	@ int
  68              		.loc 1 28 41 view .LVU12
  69 0010 B8EEC88A 		vcvt.f32.s32	s16, s16
  70              		.loc 1 28 57 view .LVU13
  71 0014 B0F92800 		ldrsh	r0, [r0, #40]
  72              	.LVL2:
  73              		.loc 1 28 57 view .LVU14
  74 0018 FFF7FEFF 		bl	sinDeg
  75              	.LVL3:
  76              		.loc 1 28 41 view .LVU15
  77 001c 28EE008A 		vmul.f32	s16, s16, s0
  78              		.loc 1 28 16 view .LVU16
  79 0020 9FED599A 		vldr.32	s18, .L13+16
  80 0024 28EE098A 		vmul.f32	s16, s16, s18
  81              	.LVL4:
  29:src/algorithm/offence/on_line.cpp ****       vector_y = robot->info.Line.depth * MyMath::cosDeg(robot->info.Line.inside_dir) * line_vector
  82              		.loc 1 29 7 is_stmt 1 view .LVU17
  83              		.loc 1 29 35 is_stmt 0 view .LVU18
  84 0028 94F82230 		ldrb	r3, [r4, #34]	@ zero_extendqisi2
  85 002c 08EE903A 		vmov	s17, r3	@ int
  86              		.loc 1 29 41 view .LVU19
ARM GAS  /var/folders/5c/srt4fy4j1pd641bjfx75k5000000gn/T//ccSXx223.s 			page 3


  87 0030 F8EEE88A 		vcvt.f32.s32	s17, s17
  88              		.loc 1 29 57 view .LVU20
  89 0034 B4F92800 		ldrsh	r0, [r4, #40]
  90 0038 FFF7FEFF 		bl	cosDeg
  91              	.LVL5:
  92              		.loc 1 29 41 view .LVU21
  93 003c 68EE808A 		vmul.f32	s17, s17, s0
  94              		.loc 1 29 16 view .LVU22
  95 0040 68EE898A 		vmul.f32	s17, s17, s18
  96              	.LVL6:
  30:src/algorithm/offence/on_line.cpp ****       vector_x += ((24 - robot->info.Line.depth) * MyMath::sinDeg(robot->info.Cam.ball_dir)) * ball
  97              		.loc 1 30 7 is_stmt 1 view .LVU23
  98              		.loc 1 30 43 is_stmt 0 view .LVU24
  99 0044 94F82230 		ldrb	r3, [r4, #34]	@ zero_extendqisi2
 100              		.loc 1 30 24 view .LVU25
 101 0048 C3F11803 		rsb	r3, r3, #24
 102              		.loc 1 30 50 view .LVU26
 103 004c 07EE903A 		vmov	s15, r3	@ int
 104 0050 B8EEE79A 		vcvt.f32.s32	s18, s15
 105              		.loc 1 30 66 view .LVU27
 106 0054 B4F94E00 		ldrsh	r0, [r4, #78]
 107 0058 FFF7FEFF 		bl	sinDeg
 108              	.LVL7:
 109              		.loc 1 30 50 view .LVU28
 110 005c 29EE009A 		vmul.f32	s18, s18, s0
 111              		.loc 1 30 94 view .LVU29
 112 0060 DFED4A9A 		vldr.32	s19, .L13+20
 113 0064 29EE299A 		vmul.f32	s18, s18, s19
 114              		.loc 1 30 16 view .LVU30
 115 0068 38EE098A 		vadd.f32	s16, s16, s18
 116              	.LVL8:
  31:src/algorithm/offence/on_line.cpp ****       vector_y += ((24 - robot->info.Line.depth) * MyMath::cosDeg(robot->info.Cam.ball_dir)) * ball
 117              		.loc 1 31 7 is_stmt 1 view .LVU31
 118              		.loc 1 31 43 is_stmt 0 view .LVU32
 119 006c 94F82230 		ldrb	r3, [r4, #34]	@ zero_extendqisi2
 120              		.loc 1 31 24 view .LVU33
 121 0070 C3F11803 		rsb	r3, r3, #24
 122              		.loc 1 31 50 view .LVU34
 123 0074 07EE903A 		vmov	s15, r3	@ int
 124 0078 B8EEE79A 		vcvt.f32.s32	s18, s15
 125              		.loc 1 31 66 view .LVU35
 126 007c B4F94E00 		ldrsh	r0, [r4, #78]
 127 0080 FFF7FEFF 		bl	cosDeg
 128              	.LVL9:
 129              		.loc 1 31 50 view .LVU36
 130 0084 29EE009A 		vmul.f32	s18, s18, s0
 131              		.loc 1 31 94 view .LVU37
 132 0088 29EE299A 		vmul.f32	s18, s18, s19
 133              		.loc 1 31 16 view .LVU38
 134 008c 78EE898A 		vadd.f32	s17, s17, s18
 135              	.LVL10:
  32:src/algorithm/offence/on_line.cpp ****       vector_dir = MyMath::atan2(vector_x, vector_y);
 136              		.loc 1 32 7 is_stmt 1 view .LVU39
 137              		.loc 1 32 33 is_stmt 0 view .LVU40
 138 0090 F0EE680A 		vmov.f32	s1, s17
 139 0094 B0EE480A 		vmov.f32	s0, s16
 140 0098 FFF7FEFF 		bl	atan2
ARM GAS  /var/folders/5c/srt4fy4j1pd641bjfx75k5000000gn/T//ccSXx223.s 			page 4


 141              	.LVL11:
 142 009c 09EE100A 		vmov	s18, r0	@ int
 143              		.loc 1 32 18 view .LVU41
 144 00a0 B8EEC99A 		vcvt.f32.s32	s18, s18
 145              	.LVL12:
  33:src/algorithm/offence/on_line.cpp ****       vector_mag = abs(MyMath::sqrt(vector_x * vector_x + vector_y * vector_y)) * 0.1;
 146              		.loc 1 33 7 is_stmt 1 view .LVU42
 147              		.loc 1 33 20 is_stmt 0 view .LVU43
 148 00a4 28EE088A 		vmul.f32	s16, s16, s16
 149              	.LVL13:
 150              		.loc 1 33 20 view .LVU44
 151 00a8 68EEA88A 		vmul.f32	s17, s17, s17
 152              	.LVL14:
 153              		.loc 1 33 20 view .LVU45
 154 00ac 38EE288A 		vadd.f32	s16, s16, s17
 155 00b0 B0EE480A 		vmov.f32	s0, s16
 156 00b4 FFF7FEFF 		bl	sqrt
 157              	.LVL15:
 158 00b8 B5EEC00A 		vcmpe.f32	s0, #0
 159 00bc F1EE10FA 		vmrs	APSR_nzcv, FPSCR
 160 00c0 4ADD     		ble	.L10
 161              		.loc 1 33 20 discriminator 1 view .LVU46
 162 00c2 B0EE480A 		vmov.f32	s0, s16
 163 00c6 FFF7FEFF 		bl	sqrt
 164              	.LVL16:
 165 00ca 10EE100A 		vmov	r0, s0
 166              	.L4:
 167              		.loc 1 33 20 discriminator 4 view .LVU47
 168 00ce FFF7FEFF 		bl	__aeabi_f2d
 169              	.LVL17:
 170              		.loc 1 33 81 discriminator 4 view .LVU48
 171 00d2 29A3     		adr	r3, .L13
 172 00d4 D3E90023 		ldrd	r2, [r3]
 173 00d8 FFF7FEFF 		bl	__aeabi_dmul
 174              	.LVL18:
 175              		.loc 1 33 18 discriminator 4 view .LVU49
 176 00dc FFF7FEFF 		bl	__aeabi_d2f
 177              	.LVL19:
 178 00e0 07EE900A 		vmov	s15, r0
 179              	.LVL20:
  34:src/algorithm/offence/on_line.cpp ****       if (vector_mag > robot->info.target_move_speed) vector_mag = robot->info.target_move_speed;
 180              		.loc 1 34 7 is_stmt 1 discriminator 4 view .LVU50
 181              		.loc 1 34 36 is_stmt 0 discriminator 4 view .LVU51
 182 00e4 94ED068A 		vldr.32	s16, [r4, #24]
 183              		.loc 1 34 7 discriminator 4 view .LVU52
 184 00e8 B4EEE78A 		vcmpe.f32	s16, s15
 185 00ec F1EE10FA 		vmrs	APSR_nzcv, FPSCR
 186 00f0 01D4     		bmi	.L5
  33:src/algorithm/offence/on_line.cpp ****       vector_mag = abs(MyMath::sqrt(vector_x * vector_x + vector_y * vector_y)) * 0.1;
 187              		.loc 1 33 18 view .LVU53
 188 00f2 B0EE678A 		vmov.f32	s16, s15
 189              	.L5:
 190              	.LVL21:
  35:src/algorithm/offence/on_line.cpp **** 
  36:src/algorithm/offence/on_line.cpp ****       if (abs(robot->info.Cam.ball_dir) < 90) {
 191              		.loc 1 36 7 is_stmt 1 view .LVU54
 192              		.loc 1 36 11 is_stmt 0 view .LVU55
ARM GAS  /var/folders/5c/srt4fy4j1pd641bjfx75k5000000gn/T//ccSXx223.s 			page 5


 193 00f6 B4F94E50 		ldrsh	r5, [r4, #78]
 194 00fa 85EAE573 		eor	r3, r5, r5, asr #31
 195 00fe A3EBE573 		sub	r3, r3, r5, asr #31
 196 0102 9BB2     		uxth	r3, r3
 197              		.loc 1 36 7 view .LVU56
 198 0104 592B     		cmp	r3, #89
 199 0106 30D8     		bhi	.L12
 200              	.L6:
 201              	.LVL22:
  37:src/algorithm/offence/on_line.cpp ****             rotation_dir = robot->info.Cam.ball_dir;
  38:src/algorithm/offence/on_line.cpp ****       } else {
  39:src/algorithm/offence/on_line.cpp ****             rotation_dir = MyMath::NormalizeDeg180(robot->info.Cam.ball_dir + 180);
  40:src/algorithm/offence/on_line.cpp ****       }
  41:src/algorithm/offence/on_line.cpp **** 
  42:src/algorithm/offence/on_line.cpp ****       moving_speed = vector_mag * 0.4;
 202              		.loc 1 42 7 is_stmt 1 view .LVU57
 203              		.loc 1 42 22 is_stmt 0 view .LVU58
 204 0108 18EE100A 		vmov	r0, s16
 205 010c FFF7FEFF 		bl	__aeabi_f2d
 206              	.LVL23:
 207              		.loc 1 42 33 view .LVU59
 208 0110 1BA3     		adr	r3, .L13+8
 209 0112 D3E90023 		ldrd	r2, [r3]
 210 0116 FFF7FEFF 		bl	__aeabi_dmul
 211              	.LVL24:
 212              		.loc 1 42 20 view .LVU60
 213 011a FFF7FEFF 		bl	__aeabi_d2f
 214              	.LVL25:
 215 011e 00EE100A 		vmov	s0, r0
 216              	.LVL26:
  43:src/algorithm/offence/on_line.cpp ****       if (moving_speed > 0.5) moving_speed = 0.5;
 217              		.loc 1 43 7 is_stmt 1 view .LVU61
 218 0122 F6EE007A 		vmov.f32	s15, #5.0e-1
 219 0126 B4EEE70A 		vcmpe.f32	s0, s15
 220 012a F1EE10FA 		vmrs	APSR_nzcv, FPSCR
 221 012e 01DD     		ble	.L7
 222              		.loc 1 43 44 is_stmt 0 view .LVU62
 223 0130 B0EE670A 		vmov.f32	s0, s15
 224              	.L7:
 225              	.LVL27:
  44:src/algorithm/offence/on_line.cpp ****       robot->motor.Drive(vector_dir, moving_speed, 0, rotation_dir, PI);
 226              		.loc 1 44 7 is_stmt 1 view .LVU63
 227              		.loc 1 44 25 is_stmt 0 view .LVU64
 228 0134 BDEEC99A 		vcvt.s32.f32	s18, s18
 229              	.LVL28:
 230              		.loc 1 44 25 view .LVU65
 231 0138 0023     		movs	r3, #0
 232 013a 9FED151A 		vldr.32	s2, .L13+24
 233 013e 2A46     		mov	r2, r5
 234 0140 DFED140A 		vldr.32	s1, .L13+28
 235 0144 19EE101A 		vmov	r1, s18	@ int
 236 0148 09B2     		sxth	r1, r1
 237 014a 04F5C870 		add	r0, r4, #400
 238 014e FFF7FEFF 		bl	_ZN10MotorDrive5DriveEsffsfh
 239              	.LVL29:
  45:src/algorithm/offence/on_line.cpp **** }
 240              		.loc 1 45 1 view .LVU66
ARM GAS  /var/folders/5c/srt4fy4j1pd641bjfx75k5000000gn/T//ccSXx223.s 			page 6


 241 0152 BDEC048B 		vldm	sp!, {d8-d9}
 242              	.LCFI2:
 243              		.cfi_remember_state
 244              		.cfi_restore 82
 245              		.cfi_restore 83
 246              		.cfi_restore 80
 247              		.cfi_restore 81
 248              		.cfi_def_cfa_offset 16
 249              	.LVL30:
 250              		.loc 1 45 1 view .LVU67
 251 0156 38BD     		pop	{r3, r4, r5, pc}
 252              	.LVL31:
 253              	.L10:
 254              	.LCFI3:
 255              		.cfi_restore_state
  33:src/algorithm/offence/on_line.cpp ****       if (vector_mag > robot->info.target_move_speed) vector_mag = robot->info.target_move_speed;
 256              		.loc 1 33 20 discriminator 2 view .LVU68
 257 0158 B0EE480A 		vmov.f32	s0, s16
 258 015c FFF7FEFF 		bl	sqrt
 259              	.LVL32:
 260 0160 F1EE407A 		vneg.f32	s15, s0
 261 0164 17EE900A 		vmov	r0, s15
 262 0168 B1E7     		b	.L4
 263              	.LVL33:
 264              	.L12:
  39:src/algorithm/offence/on_line.cpp ****       }
 265              		.loc 1 39 13 is_stmt 1 view .LVU69
  39:src/algorithm/offence/on_line.cpp ****       }
 266              		.loc 1 39 51 is_stmt 0 view .LVU70
 267 016a 05F1B400 		add	r0, r5, #180
 268 016e FFF7FEFF 		bl	NormalizeDeg180
 269              	.LVL34:
  39:src/algorithm/offence/on_line.cpp ****       }
 270              		.loc 1 39 26 view .LVU71
 271 0172 05B2     		sxth	r5, r0
 272              	.LVL35:
  39:src/algorithm/offence/on_line.cpp ****       }
 273              		.loc 1 39 26 view .LVU72
 274 0174 C8E7     		b	.L6
 275              	.L14:
 276 0176 00BF     		.align	3
 277              	.L13:
 278 0178 9A999999 		.word	-1717986918
 279 017c 9999B93F 		.word	1069128089
 280 0180 9A999999 		.word	-1717986918
 281 0184 9999D93F 		.word	1071225241
 282 0188 9A99193F 		.word	1058642330
 283 018c CDCCCC3E 		.word	1053609165
 284 0190 DB0F4940 		.word	1078530011
 285 0194 00000000 		.word	0
 286              		.cfi_endproc
 287              	.LFE272:
 288              		.fnend
 290              		.section	.text._Z41__static_initialization_and_destruction_0ii,"ax",%progbits
 291              		.align	1
 292              		.syntax unified
 293              		.thumb
ARM GAS  /var/folders/5c/srt4fy4j1pd641bjfx75k5000000gn/T//ccSXx223.s 			page 7


 294              		.thumb_func
 296              	_Z41__static_initialization_and_destruction_0ii:
 297              		.fnstart
 298              	.LVL36:
 299              	.LFB274:
  46:src/algorithm/offence/on_line.cpp **** 
  47:src/algorithm/offence/on_line.cpp **** void OnLine(Robot* robot) {
  48:src/algorithm/offence/on_line.cpp ****       if (robot->info.Catch.is_front == true || robot->info.Catch.is_back == true) {
  49:src/algorithm/offence/on_line.cpp ****             robot->motor.Drive(robot->info.Line.inside_dir, 0.5, 0.5, 0, PI * 0.5, FRONT);
  50:src/algorithm/offence/on_line.cpp ****       } else {
  51:src/algorithm/offence/on_line.cpp ****             if (back_to_inside_timer.read_ms() > (pre_speed * 1000) && is_pre_on_line == false) {
  52:src/algorithm/offence/on_line.cpp ****                   robot->motor.Brake(10);
  53:src/algorithm/offence/on_line.cpp ****                   back_to_inside_timer.reset();
  54:src/algorithm/offence/on_line.cpp ****                   is_pre_on_line = true;
  55:src/algorithm/offence/on_line.cpp ****                   pre_speed = robot->motor.moving_speed;
  56:src/algorithm/offence/on_line.cpp ****                   pre_line_inside_dir = robot->info.Line.inside_dir;
  57:src/algorithm/offence/on_line.cpp ****             }
  58:src/algorithm/offence/on_line.cpp ****             if (back_to_inside_timer.read_ms() < (pre_speed * BACK_TO_INSIDE_TIME)) {
  59:src/algorithm/offence/on_line.cpp ****                   robot->motor.Drive(pre_line_inside_dir, robot->info.target_line_move_speed, 20);
  60:src/algorithm/offence/on_line.cpp ****             } else {
  61:src/algorithm/offence/on_line.cpp ****                   if (MyMath::GapDeg(robot->info.Line.inside_dir, robot->info.Cam.ball_dir) < 90) {
  62:src/algorithm/offence/on_line.cpp ****                         robot->motor.Drive(robot->info.Line.inside_dir, robot->info.target_line_mov
  63:src/algorithm/offence/on_line.cpp ****                   } else {
  64:src/algorithm/offence/on_line.cpp ****                         LineTrace(robot);
  65:src/algorithm/offence/on_line.cpp ****                   }
  66:src/algorithm/offence/on_line.cpp ****             }
  67:src/algorithm/offence/on_line.cpp ****       }
  68:src/algorithm/offence/on_line.cpp ****       //  else if (robot->info.Line.is_leftside == true || (is_pre_leftside == true && back_to_insi
  69:src/algorithm/offence/on_line.cpp ****       //       if (back_to_inside_timer.read_ms() > 500 && is_pre_leftside == false) {
  70:src/algorithm/offence/on_line.cpp ****       //             back_to_inside_timer.reset();
  71:src/algorithm/offence/on_line.cpp ****       //             is_pre_leftside = true;
  72:src/algorithm/offence/on_line.cpp ****       //       }
  73:src/algorithm/offence/on_line.cpp ****       //       if (back_to_inside_timer.read_ms() < BACK_TO_INSIDE_TIME) {
  74:src/algorithm/offence/on_line.cpp ****       //             robot->motor.Drive(90, robot->info.target_line_move_speed);
  75:src/algorithm/offence/on_line.cpp ****       //       } else {
  76:src/algorithm/offence/on_line.cpp ****       //             if (robot->info.Cam.ball_dir > 0) {
  77:src/algorithm/offence/on_line.cpp ****       //                   robot->motor.Drive(90, 1, 1);
  78:src/algorithm/offence/on_line.cpp ****       //             } else {
  79:src/algorithm/offence/on_line.cpp ****       //                   robot->motor.Drive(-90, 0.5, 0.5);
  80:src/algorithm/offence/on_line.cpp ****       //             }
  81:src/algorithm/offence/on_line.cpp ****       //       }
  82:src/algorithm/offence/on_line.cpp ****       // } else if (robot->info.Line.is_rightside == true || (is_pre_rightside == true && back_to_i
  83:src/algorithm/offence/on_line.cpp ****       //       if (back_to_inside_timer.read_ms() > 500 && is_pre_rightside == false) {
  84:src/algorithm/offence/on_line.cpp ****       //             back_to_inside_timer.reset();
  85:src/algorithm/offence/on_line.cpp ****       //             is_pre_rightside = true;
  86:src/algorithm/offence/on_line.cpp ****       //       }
  87:src/algorithm/offence/on_line.cpp ****       //       if (back_to_inside_timer.read_ms() < BACK_TO_INSIDE_TIME) {
  88:src/algorithm/offence/on_line.cpp ****       //             robot->motor.Drive(-90, robot->info.target_line_move_speed);
  89:src/algorithm/offence/on_line.cpp ****       //       } else {
  90:src/algorithm/offence/on_line.cpp ****       //             if (robot->info.Cam.ball_dir < 0) {
  91:src/algorithm/offence/on_line.cpp ****       //                   robot->motor.Drive(-90, 1, 1);
  92:src/algorithm/offence/on_line.cpp ****       //             } else {
  93:src/algorithm/offence/on_line.cpp ****       //                   robot->motor.Drive(90, 0.5, 0.5);
  94:src/algorithm/offence/on_line.cpp ****       //             }
  95:src/algorithm/offence/on_line.cpp ****       //       }
  96:src/algorithm/offence/on_line.cpp ****       // }
  97:src/algorithm/offence/on_line.cpp **** }...
ARM GAS  /var/folders/5c/srt4fy4j1pd641bjfx75k5000000gn/T//ccSXx223.s 			page 8


 300              		.loc 1 97 1 is_stmt 1 view -0
 301              		.cfi_startproc
 302              		@ args = 0, pretend = 0, frame = 0
 303              		@ frame_needed = 0, uses_anonymous_args = 0
 304              		.loc 1 97 1 is_stmt 0 view .LVU74
 305 0000 0128     		cmp	r0, #1
 306 0002 00D0     		beq	.L21
 307 0004 7047     		bx	lr
 308              	.L21:
 309              		.loc 1 97 1 discriminator 1 view .LVU75
 310 0006 08B5     		push	{r3, lr}
 311              	.LCFI4:
 312              		.cfi_def_cfa_offset 8
 313              		.cfi_offset 3, -8
 314              		.cfi_offset 14, -4
 315              		.loc 1 97 1 discriminator 1 view .LVU76
 316 0008 4FF6FF73 		movw	r3, #65535
 317 000c 9942     		cmp	r1, r3
 318 000e 00D0     		beq	.L22
 319              	.LVL37:
 320              	.L15:
 321              		.loc 1 97 1 view .LVU77
 322 0010 08BD     		pop	{r3, pc}
 323              	.LVL38:
 324              	.L22:
   3:src/algorithm/offence/on_line.cpp **** float pre_speed;
 325              		.loc 1 3 7 view .LVU78
 326 0012 0248     		ldr	r0, .L23
 327              	.LVL39:
   3:src/algorithm/offence/on_line.cpp **** float pre_speed;
 328              		.loc 1 3 7 view .LVU79
 329 0014 FFF7FEFF 		bl	_ZN5TimerC1Ev
 330              	.LVL40:
 331              		.loc 1 97 1 view .LVU80
 332 0018 FAE7     		b	.L15
 333              	.L24:
 334 001a 00BF     		.align	2
 335              	.L23:
 336 001c 00000000 		.word	back_to_inside_timer
 337              		.cfi_endproc
 338              	.LFE274:
 339              		.cantunwind
 340              		.fnend
 342              		.section	.text._Z6OnLineP5Robot,"ax",%progbits
 343              		.align	1
 344              		.global	_Z6OnLineP5Robot
 345              		.syntax unified
 346              		.thumb
 347              		.thumb_func
 349              	_Z6OnLineP5Robot:
 350              		.fnstart
 351              	.LVL41:
 352              	.LFB273:
  47:src/algorithm/offence/on_line.cpp **** void OnLine(Robot* robot) {
 353              		.loc 1 47 27 is_stmt 1 view -0
 354              		.cfi_startproc
 355              		@ args = 0, pretend = 0, frame = 0
ARM GAS  /var/folders/5c/srt4fy4j1pd641bjfx75k5000000gn/T//ccSXx223.s 			page 9


 356              		@ frame_needed = 0, uses_anonymous_args = 0
  47:src/algorithm/offence/on_line.cpp **** void OnLine(Robot* robot) {
 357              		.loc 1 47 27 is_stmt 0 view .LVU82
 358 0000 10B5     		push	{r4, lr}
 359              		.save {r4, lr}
 360              	.LCFI5:
 361              		.cfi_def_cfa_offset 8
 362              		.cfi_offset 4, -8
 363              		.cfi_offset 14, -4
 364 0002 0446     		mov	r4, r0
  48:src/algorithm/offence/on_line.cpp ****       if (robot->info.Catch.is_front == true || robot->info.Catch.is_back == true) {
 365              		.loc 1 48 7 is_stmt 1 view .LVU83
  48:src/algorithm/offence/on_line.cpp ****       if (robot->info.Catch.is_front == true || robot->info.Catch.is_back == true) {
 366              		.loc 1 48 29 is_stmt 0 view .LVU84
 367 0004 90F82E30 		ldrb	r3, [r0, #46]	@ zero_extendqisi2
  48:src/algorithm/offence/on_line.cpp ****       if (robot->info.Catch.is_front == true || robot->info.Catch.is_back == true) {
 368              		.loc 1 48 7 view .LVU85
 369 0008 13B9     		cbnz	r3, .L26
  48:src/algorithm/offence/on_line.cpp ****       if (robot->info.Catch.is_front == true || robot->info.Catch.is_back == true) {
 370              		.loc 1 48 67 discriminator 1 view .LVU86
 371 000a 90F83230 		ldrb	r3, [r0, #50]	@ zero_extendqisi2
  48:src/algorithm/offence/on_line.cpp ****       if (robot->info.Catch.is_front == true || robot->info.Catch.is_back == true) {
 372              		.loc 1 48 46 discriminator 1 view .LVU87
 373 000e 73B1     		cbz	r3, .L27
 374              	.L26:
  49:src/algorithm/offence/on_line.cpp ****             robot->motor.Drive(robot->info.Line.inside_dir, 0.5, 0.5, 0, PI * 0.5, FRONT);
 375              		.loc 1 49 13 is_stmt 1 view .LVU88
  49:src/algorithm/offence/on_line.cpp ****             robot->motor.Drive(robot->info.Line.inside_dir, 0.5, 0.5, 0, PI * 0.5, FRONT);
 376              		.loc 1 49 31 is_stmt 0 view .LVU89
 377 0010 0123     		movs	r3, #1
 378 0012 9FED3B1A 		vldr.32	s2, .L39
 379 0016 0022     		movs	r2, #0
 380 0018 F6EE000A 		vmov.f32	s1, #5.0e-1
 381 001c B0EE600A 		vmov.f32	s0, s1
 382 0020 B4F92810 		ldrsh	r1, [r4, #40]
 383 0024 04F5C870 		add	r0, r4, #400
 384              	.LVL42:
  49:src/algorithm/offence/on_line.cpp ****             robot->motor.Drive(robot->info.Line.inside_dir, 0.5, 0.5, 0, PI * 0.5, FRONT);
 385              		.loc 1 49 31 view .LVU90
 386 0028 FFF7FEFF 		bl	_ZN10MotorDrive5DriveEsffsfh
 387              	.LVL43:
 388              	.L25:
 389              		.loc 1 97 1 view .LVU91
 390 002c 10BD     		pop	{r4, pc}
 391              	.LVL44:
 392              	.L27:
  51:src/algorithm/offence/on_line.cpp ****             if (back_to_inside_timer.read_ms() > (pre_speed * 1000) && is_pre_on_line == false) {
 393              		.loc 1 51 13 is_stmt 1 view .LVU92
  51:src/algorithm/offence/on_line.cpp ****             if (back_to_inside_timer.read_ms() > (pre_speed * 1000) && is_pre_on_line == false) {
 394              		.loc 1 51 45 is_stmt 0 view .LVU93
 395 002e 3548     		ldr	r0, .L39+4
 396              	.LVL45:
  51:src/algorithm/offence/on_line.cpp ****             if (back_to_inside_timer.read_ms() > (pre_speed * 1000) && is_pre_on_line == false) {
 397              		.loc 1 51 45 view .LVU94
 398 0030 FFF7FEFF 		bl	_ZN5Timer7read_msEv
 399              	.LVL46:
 400 0034 07EE100A 		vmov	s14, r0	@ int
ARM GAS  /var/folders/5c/srt4fy4j1pd641bjfx75k5000000gn/T//ccSXx223.s 			page 10


  51:src/algorithm/offence/on_line.cpp ****             if (back_to_inside_timer.read_ms() > (pre_speed * 1000) && is_pre_on_line == false) {
 401              		.loc 1 51 48 view .LVU95
 402 0038 B8EE477A 		vcvt.f32.u32	s14, s14
  51:src/algorithm/offence/on_line.cpp ****             if (back_to_inside_timer.read_ms() > (pre_speed * 1000) && is_pre_on_line == false) {
 403              		.loc 1 51 61 view .LVU96
 404 003c 324B     		ldr	r3, .L39+8
 405 003e D3ED007A 		vldr.32	s15, [r3]
 406 0042 DFED326A 		vldr.32	s13, .L39+12
 407 0046 67EEA67A 		vmul.f32	s15, s15, s13
  51:src/algorithm/offence/on_line.cpp ****             if (back_to_inside_timer.read_ms() > (pre_speed * 1000) && is_pre_on_line == false) {
 408              		.loc 1 51 69 view .LVU97
 409 004a B4EEE77A 		vcmpe.f32	s14, s15
 410 004e F1EE10FA 		vmrs	APSR_nzcv, FPSCR
 411 0052 02DD     		ble	.L29
  51:src/algorithm/offence/on_line.cpp ****             if (back_to_inside_timer.read_ms() > (pre_speed * 1000) && is_pre_on_line == false) {
 412              		.loc 1 51 87 discriminator 1 view .LVU98
 413 0054 2E4B     		ldr	r3, .L39+16
 414 0056 1B78     		ldrb	r3, [r3]	@ zero_extendqisi2
  51:src/algorithm/offence/on_line.cpp ****             if (back_to_inside_timer.read_ms() > (pre_speed * 1000) && is_pre_on_line == false) {
 415              		.loc 1 51 69 discriminator 1 view .LVU99
 416 0058 13B3     		cbz	r3, .L38
 417              	.L29:
  58:src/algorithm/offence/on_line.cpp ****             if (back_to_inside_timer.read_ms() < (pre_speed * BACK_TO_INSIDE_TIME)) {
 418              		.loc 1 58 13 is_stmt 1 view .LVU100
  58:src/algorithm/offence/on_line.cpp ****             if (back_to_inside_timer.read_ms() < (pre_speed * BACK_TO_INSIDE_TIME)) {
 419              		.loc 1 58 45 is_stmt 0 view .LVU101
 420 005a 2A48     		ldr	r0, .L39+4
 421 005c FFF7FEFF 		bl	_ZN5Timer7read_msEv
 422              	.LVL47:
 423 0060 07EE100A 		vmov	s14, r0	@ int
  58:src/algorithm/offence/on_line.cpp ****             if (back_to_inside_timer.read_ms() < (pre_speed * BACK_TO_INSIDE_TIME)) {
 424              		.loc 1 58 48 view .LVU102
 425 0064 B8EE477A 		vcvt.f32.u32	s14, s14
  58:src/algorithm/offence/on_line.cpp ****             if (back_to_inside_timer.read_ms() < (pre_speed * BACK_TO_INSIDE_TIME)) {
 426              		.loc 1 58 61 view .LVU103
 427 0068 274B     		ldr	r3, .L39+8
 428 006a D3ED007A 		vldr.32	s15, [r3]
 429 006e DFED296A 		vldr.32	s13, .L39+20
 430 0072 67EEA67A 		vmul.f32	s15, s15, s13
  58:src/algorithm/offence/on_line.cpp ****             if (back_to_inside_timer.read_ms() < (pre_speed * BACK_TO_INSIDE_TIME)) {
 431              		.loc 1 58 13 view .LVU104
 432 0076 B4EEE77A 		vcmpe.f32	s14, s15
 433 007a F1EE10FA 		vmrs	APSR_nzcv, FPSCR
 434 007e 23D5     		bpl	.L36
  59:src/algorithm/offence/on_line.cpp ****                   robot->motor.Drive(pre_line_inside_dir, robot->info.target_line_move_speed, 20);
 435              		.loc 1 59 19 is_stmt 1 view .LVU105
  59:src/algorithm/offence/on_line.cpp ****                   robot->motor.Drive(pre_line_inside_dir, robot->info.target_line_move_speed, 20);
 436              		.loc 1 59 37 is_stmt 0 view .LVU106
 437 0080 0023     		movs	r3, #0
 438 0082 9FED251A 		vldr.32	s2, .L39+24
 439 0086 1A46     		mov	r2, r3
 440 0088 F3EE040A 		vmov.f32	s1, #2.0e+1
 441 008c 94ED070A 		vldr.32	s0, [r4, #28]
 442 0090 2249     		ldr	r1, .L39+28
 443 0092 B1F90010 		ldrsh	r1, [r1]
 444 0096 04F5C870 		add	r0, r4, #400
 445 009a FFF7FEFF 		bl	_ZN10MotorDrive5DriveEsffsfh
ARM GAS  /var/folders/5c/srt4fy4j1pd641bjfx75k5000000gn/T//ccSXx223.s 			page 11


 446              	.LVL48:
 447 009e C5E7     		b	.L25
 448              	.L38:
  52:src/algorithm/offence/on_line.cpp ****                   robot->motor.Brake(10);
 449              		.loc 1 52 19 is_stmt 1 view .LVU107
  52:src/algorithm/offence/on_line.cpp ****                   robot->motor.Brake(10);
 450              		.loc 1 52 37 is_stmt 0 view .LVU108
 451 00a0 0A21     		movs	r1, #10
 452 00a2 04F5C870 		add	r0, r4, #400
 453 00a6 FFF7FEFF 		bl	_ZN10MotorDrive5BrakeEt
 454              	.LVL49:
  53:src/algorithm/offence/on_line.cpp ****                   back_to_inside_timer.reset();
 455              		.loc 1 53 19 is_stmt 1 view .LVU109
  53:src/algorithm/offence/on_line.cpp ****                   back_to_inside_timer.reset();
 456              		.loc 1 53 45 is_stmt 0 view .LVU110
 457 00aa 1648     		ldr	r0, .L39+4
 458 00ac FFF7FEFF 		bl	_ZN5Timer5resetEv
 459              	.LVL50:
  54:src/algorithm/offence/on_line.cpp ****                   is_pre_on_line = true;
 460              		.loc 1 54 19 is_stmt 1 view .LVU111
  54:src/algorithm/offence/on_line.cpp ****                   is_pre_on_line = true;
 461              		.loc 1 54 34 is_stmt 0 view .LVU112
 462 00b0 174B     		ldr	r3, .L39+16
 463 00b2 0122     		movs	r2, #1
 464 00b4 1A70     		strb	r2, [r3]
  55:src/algorithm/offence/on_line.cpp ****                   pre_speed = robot->motor.moving_speed;
 465              		.loc 1 55 19 is_stmt 1 view .LVU113
  55:src/algorithm/offence/on_line.cpp ****                   pre_speed = robot->motor.moving_speed;
 466              		.loc 1 55 44 is_stmt 0 view .LVU114
 467 00b6 D4F89821 		ldr	r2, [r4, #408]	@ float
  55:src/algorithm/offence/on_line.cpp ****                   pre_speed = robot->motor.moving_speed;
 468              		.loc 1 55 29 view .LVU115
 469 00ba 134B     		ldr	r3, .L39+8
 470 00bc 1A60     		str	r2, [r3]	@ float
  56:src/algorithm/offence/on_line.cpp ****                   pre_line_inside_dir = robot->info.Line.inside_dir;
 471              		.loc 1 56 19 is_stmt 1 view .LVU116
  56:src/algorithm/offence/on_line.cpp ****                   pre_line_inside_dir = robot->info.Line.inside_dir;
 472              		.loc 1 56 58 is_stmt 0 view .LVU117
 473 00be B4F92820 		ldrsh	r2, [r4, #40]
  56:src/algorithm/offence/on_line.cpp ****                   pre_line_inside_dir = robot->info.Line.inside_dir;
 474              		.loc 1 56 39 view .LVU118
 475 00c2 164B     		ldr	r3, .L39+28
 476 00c4 1A80     		strh	r2, [r3]	@ movhi
 477 00c6 C8E7     		b	.L29
 478              	.L36:
  61:src/algorithm/offence/on_line.cpp ****                   if (MyMath::GapDeg(robot->info.Line.inside_dir, robot->info.Cam.ball_dir) < 90) {
 479              		.loc 1 61 19 is_stmt 1 view .LVU119
  61:src/algorithm/offence/on_line.cpp ****                   if (MyMath::GapDeg(robot->info.Line.inside_dir, robot->info.Cam.ball_dir) < 90) {
 480              		.loc 1 61 37 is_stmt 0 view .LVU120
 481 00c8 B4F94E10 		ldrsh	r1, [r4, #78]
 482 00cc B4F92800 		ldrsh	r0, [r4, #40]
 483 00d0 FFF7FEFF 		bl	GapDeg
 484              	.LVL51:
  61:src/algorithm/offence/on_line.cpp ****                   if (MyMath::GapDeg(robot->info.Line.inside_dir, robot->info.Cam.ball_dir) < 90) {
 485              		.loc 1 61 19 view .LVU121
 486 00d4 5928     		cmp	r0, #89
 487 00d6 0EDC     		bgt	.L33
ARM GAS  /var/folders/5c/srt4fy4j1pd641bjfx75k5000000gn/T//ccSXx223.s 			page 12


  62:src/algorithm/offence/on_line.cpp ****                         robot->motor.Drive(robot->info.Line.inside_dir, robot->info.target_line_mov
 488              		.loc 1 62 25 is_stmt 1 view .LVU122
  62:src/algorithm/offence/on_line.cpp ****                         robot->motor.Drive(robot->info.Line.inside_dir, robot->info.target_line_mov
 489              		.loc 1 62 43 is_stmt 0 view .LVU123
 490 00d8 0023     		movs	r3, #0
 491 00da 9FED0F1A 		vldr.32	s2, .L39+24
 492 00de 1A46     		mov	r2, r3
 493 00e0 F7EE000A 		vmov.f32	s1, #1.0e+0
 494 00e4 94ED070A 		vldr.32	s0, [r4, #28]
 495 00e8 B4F92810 		ldrsh	r1, [r4, #40]
 496 00ec 04F5C870 		add	r0, r4, #400
 497 00f0 FFF7FEFF 		bl	_ZN10MotorDrive5DriveEsffsfh
 498              	.LVL52:
 499 00f4 9AE7     		b	.L25
 500              	.L33:
  64:src/algorithm/offence/on_line.cpp ****                         LineTrace(robot);
 501              		.loc 1 64 25 is_stmt 1 view .LVU124
  64:src/algorithm/offence/on_line.cpp ****                         LineTrace(robot);
 502              		.loc 1 64 34 is_stmt 0 view .LVU125
 503 00f6 2046     		mov	r0, r4
 504 00f8 FFF7FEFF 		bl	_ZL9LineTraceP5Robot
 505              	.LVL53:
 506              		.loc 1 97 1 view .LVU126
 507 00fc 96E7     		b	.L25
 508              	.L40:
 509 00fe 00BF     		.align	2
 510              	.L39:
 511 0100 DB0FC93F 		.word	1070141403
 512 0104 00000000 		.word	back_to_inside_timer
 513 0108 00000000 		.word	pre_speed
 514 010c 00007A44 		.word	1148846080
 515 0110 00000000 		.word	is_pre_on_line
 516 0114 00004843 		.word	1128792064
 517 0118 00000000 		.word	0
 518 011c 00000000 		.word	_ZL19pre_line_inside_dir
 519              		.cfi_endproc
 520              	.LFE273:
 521              		.fnend
 523              		.section	.text._GLOBAL__sub_I_back_to_inside_timer,"ax",%progbits
 524              		.align	1
 525              		.syntax unified
 526              		.thumb
 527              		.thumb_func
 529              	_GLOBAL__sub_I_back_to_inside_timer:
 530              		.fnstart
 531              	.LFB275:
 532              		.loc 1 97 1 is_stmt 1 view -0
 533              		.cfi_startproc
 534              		@ args = 0, pretend = 0, frame = 0
 535              		@ frame_needed = 0, uses_anonymous_args = 0
 536 0000 08B5     		push	{r3, lr}
 537              	.LCFI6:
 538              		.cfi_def_cfa_offset 8
 539              		.cfi_offset 3, -8
 540              		.cfi_offset 14, -4
 541              		.loc 1 97 1 is_stmt 0 view .LVU128
 542 0002 4FF6FF71 		movw	r1, #65535
ARM GAS  /var/folders/5c/srt4fy4j1pd641bjfx75k5000000gn/T//ccSXx223.s 			page 13


 543 0006 0120     		movs	r0, #1
 544 0008 FFF7FEFF 		bl	_Z41__static_initialization_and_destruction_0ii
 545              	.LVL54:
 546 000c 08BD     		pop	{r3, pc}
 547              		.cfi_endproc
 548              	.LFE275:
 549              		.cantunwind
 550              		.fnend
 552              		.section	.init_array,"aw",%init_array
 553              		.align	2
 554 0000 00000000 		.word	_GLOBAL__sub_I_back_to_inside_timer(target1)
 555              		.global	is_pre_on_line
 556              		.section	.bss.is_pre_on_line,"aw",%nobits
 559              	is_pre_on_line:
 560 0000 00       		.space	1
 561              		.global	pre_speed
 562              		.section	.bss.pre_speed,"aw",%nobits
 563              		.align	2
 566              	pre_speed:
 567 0000 00000000 		.space	4
 568              		.section	.bss._ZL19pre_line_inside_dir,"aw",%nobits
 569              		.align	1
 572              	_ZL19pre_line_inside_dir:
 573 0000 0000     		.space	2
 574              		.global	back_to_inside_timer
 575              		.section	.bss.back_to_inside_timer,"aw",%nobits
 576              		.align	2
 579              	back_to_inside_timer:
 580 0000 00000000 		.space	4
 581              		.text
 582              	.Letext0:
 583              		.file 2 "/opt/ST/STM32CubeCLT_1.16.0/GNU-tools-for-STM32/arm-none-eabi/include/machine/_default_ty
 584              		.file 3 "/opt/ST/STM32CubeCLT_1.16.0/GNU-tools-for-STM32/lib/gcc/arm-none-eabi/12.3.1/include/stdd
 585              		.file 4 "/opt/ST/STM32CubeCLT_1.16.0/GNU-tools-for-STM32/arm-none-eabi/include/sys/_types.h"
 586              		.file 5 "/opt/ST/STM32CubeCLT_1.16.0/GNU-tools-for-STM32/arm-none-eabi/include/sys/reent.h"
 587              		.file 6 "/opt/ST/STM32CubeCLT_1.16.0/GNU-tools-for-STM32/arm-none-eabi/include/sys/lock.h"
 588              		.file 7 "/opt/ST/STM32CubeCLT_1.16.0/GNU-tools-for-STM32/arm-none-eabi/include/stdio.h"
 589              		.file 8 "/opt/ST/STM32CubeCLT_1.16.0/GNU-tools-for-STM32/arm-none-eabi/include/sys/_stdint.h"
 590              		.file 9 "Drivers/CMSIS/Device/ST/STM32F4xx/Include/stm32f446xx.h"
 591              		.file 10 "Drivers/CMSIS/Device/ST/STM32F4xx/Include/stm32f4xx.h"
 592              		.file 11 "Drivers/STM32F4xx_HAL_Driver/Inc/stm32f4xx_hal_def.h"
 593              		.file 12 "Drivers/STM32F4xx_HAL_Driver/Inc/stm32f4xx_hal_dma.h"
 594              		.file 13 "Drivers/STM32F4xx_HAL_Driver/Inc/stm32f4xx_hal_tim.h"
 595              		.file 14 "Drivers/STM32F4xx_HAL_Driver/Inc/stm32f4xx_hal_uart.h"
 596              		.file 15 "Drivers/STM32F4xx_HAL_Driver/Inc/stm32f4xx_hal.h"
 597              		.file 16 "Lib/BufferedSerial/BufferedSerial.hpp"
 598              		.file 17 "Lib/DigitalInOut/DigitalInOut.hpp"
 599              		.file 18 "Lib/MovingAve/MovingAve.hpp"
 600              		.file 19 "/opt/ST/STM32CubeCLT_1.16.0/GNU-tools-for-STM32/arm-none-eabi/include/c++/12.3.1/cstdio"
 601              		.file 20 "/opt/ST/STM32CubeCLT_1.16.0/GNU-tools-for-STM32/arm-none-eabi/include/c++/12.3.1/arm-non
 602              		.file 21 "Lib/PWMSingle/PWMSingle.hpp"
 603              		.file 22 "Lib/Timer/Timer.hpp"
 604              		.file 23 "src/unit/dribbler_drive/dribbler_drive.hpp"
 605              		.file 24 "src/unit/kicker/kicker.hpp"
 606              		.file 25 "Lib/pid/pid.hpp"
 607              		.file 26 "src/unit/motor_drive/motor_drive.hpp"
 608              		.file 27 "src/unit/robot/robot.hpp"
ARM GAS  /var/folders/5c/srt4fy4j1pd641bjfx75k5000000gn/T//ccSXx223.s 			page 14


 609              		.file 28 "src/algorithm/offence/on_line.hpp"
 610              		.file 29 "Lib/MyMath/MyMath.hpp"
ARM GAS  /var/folders/5c/srt4fy4j1pd641bjfx75k5000000gn/T//ccSXx223.s 			page 15


DEFINED SYMBOLS
                            *ABS*:00000000 on_line.cpp
/var/folders/5c/srt4fy4j1pd641bjfx75k5000000gn/T//ccSXx223.s:24     .text._ZL9LineTraceP5Robot:00000000 $t
/var/folders/5c/srt4fy4j1pd641bjfx75k5000000gn/T//ccSXx223.s:29     .text._ZL9LineTraceP5Robot:00000000 _ZL9LineTraceP5Robot
/var/folders/5c/srt4fy4j1pd641bjfx75k5000000gn/T//ccSXx223.s:278    .text._ZL9LineTraceP5Robot:00000178 $d
.ARM.extab.text._ZL9LineTraceP5Robot:00000000 $d
.ARM.exidx.text._ZL9LineTraceP5Robot:00000000 $d
/var/folders/5c/srt4fy4j1pd641bjfx75k5000000gn/T//ccSXx223.s:291    .text._Z41__static_initialization_and_destruction_0ii:00000000 $t
/var/folders/5c/srt4fy4j1pd641bjfx75k5000000gn/T//ccSXx223.s:296    .text._Z41__static_initialization_and_destruction_0ii:00000000 _Z41__static_initialization_and_destruction_0ii
/var/folders/5c/srt4fy4j1pd641bjfx75k5000000gn/T//ccSXx223.s:336    .text._Z41__static_initialization_and_destruction_0ii:0000001c $d
/var/folders/5c/srt4fy4j1pd641bjfx75k5000000gn/T//ccSXx223.s:579    .bss.back_to_inside_timer:00000000 back_to_inside_timer
.ARM.exidx.text._Z41__static_initialization_and_destruction_0ii:00000000 $d
/var/folders/5c/srt4fy4j1pd641bjfx75k5000000gn/T//ccSXx223.s:343    .text._Z6OnLineP5Robot:00000000 $t
/var/folders/5c/srt4fy4j1pd641bjfx75k5000000gn/T//ccSXx223.s:349    .text._Z6OnLineP5Robot:00000000 _Z6OnLineP5Robot
/var/folders/5c/srt4fy4j1pd641bjfx75k5000000gn/T//ccSXx223.s:511    .text._Z6OnLineP5Robot:00000100 $d
/var/folders/5c/srt4fy4j1pd641bjfx75k5000000gn/T//ccSXx223.s:566    .bss.pre_speed:00000000 pre_speed
/var/folders/5c/srt4fy4j1pd641bjfx75k5000000gn/T//ccSXx223.s:559    .bss.is_pre_on_line:00000000 is_pre_on_line
/var/folders/5c/srt4fy4j1pd641bjfx75k5000000gn/T//ccSXx223.s:572    .bss._ZL19pre_line_inside_dir:00000000 _ZL19pre_line_inside_dir
 .ARM.exidx.text._Z6OnLineP5Robot:00000000 $d
/var/folders/5c/srt4fy4j1pd641bjfx75k5000000gn/T//ccSXx223.s:524    .text._GLOBAL__sub_I_back_to_inside_timer:00000000 $t
/var/folders/5c/srt4fy4j1pd641bjfx75k5000000gn/T//ccSXx223.s:529    .text._GLOBAL__sub_I_back_to_inside_timer:00000000 _GLOBAL__sub_I_back_to_inside_timer
.ARM.exidx.text._GLOBAL__sub_I_back_to_inside_timer:00000000 $d
/var/folders/5c/srt4fy4j1pd641bjfx75k5000000gn/T//ccSXx223.s:553    .init_array:00000000 $d
/var/folders/5c/srt4fy4j1pd641bjfx75k5000000gn/T//ccSXx223.s:560    .bss.is_pre_on_line:00000000 $d
/var/folders/5c/srt4fy4j1pd641bjfx75k5000000gn/T//ccSXx223.s:563    .bss.pre_speed:00000000 $d
/var/folders/5c/srt4fy4j1pd641bjfx75k5000000gn/T//ccSXx223.s:569    .bss._ZL19pre_line_inside_dir:00000000 $d
/var/folders/5c/srt4fy4j1pd641bjfx75k5000000gn/T//ccSXx223.s:576    .bss.back_to_inside_timer:00000000 $d

UNDEFINED SYMBOLS
__aeabi_f2d
__aeabi_dmul
__aeabi_d2f
sinDeg
cosDeg
atan2
sqrt
_ZN10MotorDrive5DriveEsffsfh
NormalizeDeg180
__aeabi_unwind_cpp_pr1
_ZN5TimerC1Ev
_ZN5Timer7read_msEv
_ZN10MotorDrive5BrakeEt
_ZN5Timer5resetEv
GapDeg
__aeabi_unwind_cpp_pr0
