Archive member included to satisfy reference by file (symbol)

/opt/ST/STM32CubeCLT_1.16.0/GNU-tools-for-STM32/bin/../lib/gcc/arm-none-eabi/12.3.1/../../../../arm-none-eabi/lib/thumb/v7e-m+fp/hard/libc_nano.a(libc_a-exit.o)
                              /opt/ST/STM32CubeCLT_1.16.0/GNU-tools-for-STM32/bin/../lib/gcc/arm-none-eabi/12.3.1/../../../../arm-none-eabi/lib/thumb/v7e-m+fp/hard/crt0.o (exit)
/opt/ST/STM32CubeCLT_1.16.0/GNU-tools-for-STM32/bin/../lib/gcc/arm-none-eabi/12.3.1/../../../../arm-none-eabi/lib/thumb/v7e-m+fp/hard/libc_nano.a(libc_a-findfp.o)
                              /opt/ST/STM32CubeCLT_1.16.0/GNU-tools-for-STM32/bin/../lib/gcc/arm-none-eabi/12.3.1/../../../../arm-none-eabi/lib/thumb/v7e-m+fp/hard/libc_nano.a(libc_a-exit.o) (__stdio_exit_handler)
/opt/ST/STM32CubeCLT_1.16.0/GNU-tools-for-STM32/bin/../lib/gcc/arm-none-eabi/12.3.1/../../../../arm-none-eabi/lib/thumb/v7e-m+fp/hard/libc_nano.a(libc_a-fwalk.o)
                              /opt/ST/STM32CubeCLT_1.16.0/GNU-tools-for-STM32/bin/../lib/gcc/arm-none-eabi/12.3.1/../../../../arm-none-eabi/lib/thumb/v7e-m+fp/hard/libc_nano.a(libc_a-findfp.o) (_fwalk_sglue)
/opt/ST/STM32CubeCLT_1.16.0/GNU-tools-for-STM32/bin/../lib/gcc/arm-none-eabi/12.3.1/../../../../arm-none-eabi/lib/thumb/v7e-m+fp/hard/libc_nano.a(libc_a-memset.o)
                              /opt/ST/STM32CubeCLT_1.16.0/GNU-tools-for-STM32/bin/../lib/gcc/arm-none-eabi/12.3.1/../../../../arm-none-eabi/lib/thumb/v7e-m+fp/hard/crt0.o (memset)
/opt/ST/STM32CubeCLT_1.16.0/GNU-tools-for-STM32/bin/../lib/gcc/arm-none-eabi/12.3.1/../../../../arm-none-eabi/lib/thumb/v7e-m+fp/hard/libc_nano.a(libc_a-impure.o)
                              /opt/ST/STM32CubeCLT_1.16.0/GNU-tools-for-STM32/bin/../lib/gcc/arm-none-eabi/12.3.1/../../../../arm-none-eabi/lib/thumb/v7e-m+fp/hard/libc_nano.a(libc_a-findfp.o) (_impure_data)
/opt/ST/STM32CubeCLT_1.16.0/GNU-tools-for-STM32/bin/../lib/gcc/arm-none-eabi/12.3.1/../../../../arm-none-eabi/lib/thumb/v7e-m+fp/hard/libc_nano.a(libc_a-errno.o)
                              build/sysmem.o (__errno)
/opt/ST/STM32CubeCLT_1.16.0/GNU-tools-for-STM32/bin/../lib/gcc/arm-none-eabi/12.3.1/../../../../arm-none-eabi/lib/thumb/v7e-m+fp/hard/libc_nano.a(libc_a-init.o)
                              /opt/ST/STM32CubeCLT_1.16.0/GNU-tools-for-STM32/bin/../lib/gcc/arm-none-eabi/12.3.1/../../../../arm-none-eabi/lib/thumb/v7e-m+fp/hard/crt0.o (__libc_init_array)
/opt/ST/STM32CubeCLT_1.16.0/GNU-tools-for-STM32/bin/../lib/gcc/arm-none-eabi/12.3.1/../../../../arm-none-eabi/lib/thumb/v7e-m+fp/hard/libc_nano.a(libc_a-lock.o)
                              /opt/ST/STM32CubeCLT_1.16.0/GNU-tools-for-STM32/bin/../lib/gcc/arm-none-eabi/12.3.1/../../../../arm-none-eabi/lib/thumb/v7e-m+fp/hard/libc_nano.a(libc_a-findfp.o) (__retarget_lock_init_recursive)
/opt/ST/STM32CubeCLT_1.16.0/GNU-tools-for-STM32/bin/../lib/gcc/arm-none-eabi/12.3.1/../../../../arm-none-eabi/lib/thumb/v7e-m+fp/hard/libc_nano.a(libc_a-aeabi_atexit.o)
                              build/app.o (__aeabi_atexit)
/opt/ST/STM32CubeCLT_1.16.0/GNU-tools-for-STM32/bin/../lib/gcc/arm-none-eabi/12.3.1/../../../../arm-none-eabi/lib/thumb/v7e-m+fp/hard/libc_nano.a(libc_a-mallocr.o)
                              /opt/ST/STM32CubeCLT_1.16.0/GNU-tools-for-STM32/bin/../lib/gcc/arm-none-eabi/12.3.1/../../../../arm-none-eabi/lib/thumb/v7e-m+fp/hard/libc_nano.a(libc_a-findfp.o) (_malloc_r)
/opt/ST/STM32CubeCLT_1.16.0/GNU-tools-for-STM32/bin/../lib/gcc/arm-none-eabi/12.3.1/../../../../arm-none-eabi/lib/thumb/v7e-m+fp/hard/libc_nano.a(libc_a-fflush.o)
                              /opt/ST/STM32CubeCLT_1.16.0/GNU-tools-for-STM32/bin/../lib/gcc/arm-none-eabi/12.3.1/../../../../arm-none-eabi/lib/thumb/v7e-m+fp/hard/libc_nano.a(libc_a-findfp.o) (_fflush_r)
/opt/ST/STM32CubeCLT_1.16.0/GNU-tools-for-STM32/bin/../lib/gcc/arm-none-eabi/12.3.1/../../../../arm-none-eabi/lib/thumb/v7e-m+fp/hard/libc_nano.a(libc_a-mlock.o)
                              /opt/ST/STM32CubeCLT_1.16.0/GNU-tools-for-STM32/bin/../lib/gcc/arm-none-eabi/12.3.1/../../../../arm-none-eabi/lib/thumb/v7e-m+fp/hard/libc_nano.a(libc_a-mallocr.o) (__malloc_lock)
/opt/ST/STM32CubeCLT_1.16.0/GNU-tools-for-STM32/bin/../lib/gcc/arm-none-eabi/12.3.1/../../../../arm-none-eabi/lib/thumb/v7e-m+fp/hard/libc_nano.a(libc_a-stdio.o)
                              /opt/ST/STM32CubeCLT_1.16.0/GNU-tools-for-STM32/bin/../lib/gcc/arm-none-eabi/12.3.1/../../../../arm-none-eabi/lib/thumb/v7e-m+fp/hard/libc_nano.a(libc_a-findfp.o) (__sread)
/opt/ST/STM32CubeCLT_1.16.0/GNU-tools-for-STM32/bin/../lib/gcc/arm-none-eabi/12.3.1/../../../../arm-none-eabi/lib/thumb/v7e-m+fp/hard/libc_nano.a(libc_a-closer.o)
                              /opt/ST/STM32CubeCLT_1.16.0/GNU-tools-for-STM32/bin/../lib/gcc/arm-none-eabi/12.3.1/../../../../arm-none-eabi/lib/thumb/v7e-m+fp/hard/libc_nano.a(libc_a-stdio.o) (_close_r)
[...]
Memory Configuration

Name             Origin             Length             Attributes
RAM              0x20000000         0x00020000         xrw
FLASH            0x08000000         0x00080000         xr
*default*        0x00000000         0xffffffff

Linker script and memory map

LOAD /opt/ST/STM32CubeCLT_1.16.0/GNU-tools-for-STM32/bin/../lib/gcc/arm-none-eabi/12.3.1/thumb/v7e-m+fp/hard/crti.o
LOAD /opt/ST/STM32CubeCLT_1.16.0/GNU-tools-for-STM32/bin/../lib/gcc/arm-none-eabi/12.3.1/thumb/v7e-m+fp/hard/crtbegin.o
LOAD /opt/ST/STM32CubeCLT_1.16.0/GNU-tools-for-STM32/bin/../lib/gcc/arm-none-eabi/12.3.1/../../../../arm-none-eabi/lib/thumb/v7e-m+fp/hard/crt0.o
LOAD build/main.o
LOAD build/gpio.o
LOAD build/adc.o
LOAD build/dma.o
LOAD build/usart.o
LOAD build/stm32f4xx_it.o
LOAD build/stm32f4xx_hal_msp.o
LOAD build/stm32f4xx_hal_adc.o
LOAD build/stm32f4xx_hal_adc_ex.o
LOAD build/stm32f4xx_ll_adc.o
LOAD build/stm32f4xx_hal_rcc.o
LOAD build/stm32f4xx_hal_rcc_ex.o
LOAD build/stm32f4xx_hal_flash.o
LOAD build/stm32f4xx_hal_flash_ex.o
LOAD build/stm32f4xx_hal_flash_ramfunc.o
LOAD build/stm32f4xx_hal_gpio.o
LOAD build/stm32f4xx_hal_dma_ex.o
LOAD build/stm32f4xx_hal_dma.o
LOAD build/stm32f4xx_hal_pwr.o
LOAD build/stm32f4xx_hal_pwr_ex.o
LOAD build/stm32f4xx_hal_cortex.o
LOAD build/stm32f4xx_hal.o
LOAD build/stm32f4xx_hal_exti.o
LOAD build/stm32f4xx_hal_tim.o
LOAD build/stm32f4xx_hal_tim_ex.o
LOAD build/stm32f4xx_hal_uart.o
LOAD build/system_stm32f4xx.o
LOAD build/sysmem.o
LOAD build/syscalls.o
LOAD build/startup_stm32f446xx.o
LOAD build/app.o
LOAD build/MovingAve.o
LOAD build/MyMath.o
LOAD build/Timer.o
LOAD build/encoder.o
LOAD build/hardware.o
LOAD build/line.o
LOAD /opt/ST/STM32CubeCLT_1.16.0/GNU-tools-for-STM32/bin/../lib/gcc/arm-none-eabi/12.3.1/../../../../arm-none-eabi/lib/thumb/v7e-m+fp/hard/libc_nano.a
LOAD /opt/ST/STM32CubeCLT_1.16.0/GNU-tools-for-STM32/bin/../lib/gcc/arm-none-eabi/12.3.1/../../../../arm-none-eabi/lib/thumb/v7e-m+fp/hard/libm.a
LOAD /opt/ST/STM32CubeCLT_1.16.0/GNU-tools-for-STM32/bin/../lib/gcc/arm-none-eabi/12.3.1/../../../../arm-none-eabi/lib/thumb/v7e-m+fp/hard/libnosys.a
LOAD /opt/ST/STM32CubeCLT_1.16.0/GNU-tools-for-STM32/bin/../lib/gcc/arm-none-eabi/12.3.1/../../../../arm-none-eabi/lib/thumb/v7e-m+fp/hard/libstdc++_nano.a
LOAD /opt/ST/STM32CubeCLT_1.16.0/GNU-tools-for-STM32/bin/../lib/gcc/arm-none-eabi/12.3.1/../../../../arm-none-eabi/lib/thumb/v7e-m+fp/hard/libsupc++_nano.a
LOAD /opt/ST/STM32CubeCLT_1.16.0/GNU-tools-for-STM32/bin/../lib/gcc/arm-none-eabi/12.3.1/thumb/v7e-m+fp/hard/libgcc.a
START GROUP
LOAD /opt/ST/STM32CubeCLT_1.16.0/GNU-tools-for-STM32/bin/../lib/gcc/arm-none-eabi/12.3.1/thumb/v7e-m+fp/hard/libgcc.a
LOAD /opt/ST/STM32CubeCLT_1.16.0/GNU-tools-for-STM32/bin/../lib/gcc/arm-none-eabi/12.3.1/../../../../arm-none-eabi/lib/thumb/v7e-m+fp/hard/libc_nano.a
END GROUP
START GROUP
LOAD /opt/ST/STM32CubeCLT_1.16.0/GNU-tools-for-STM32/bin/../lib/gcc/arm-none-eabi/12.3.1/thumb/v7e-m+fp/hard/libgcc.a
LOAD /opt/ST/STM32CubeCLT_1.16.0/GNU-tools-for-STM32/bin/../lib/gcc/arm-none-eabi/12.3.1/../../../../arm-none-eabi/lib/thumb/v7e-m+fp/hard/libc_nano.a
END GROUP
LOAD /opt/ST/STM32CubeCLT_1.16.0/GNU-tools-for-STM32/bin/../lib/gcc/arm-none-eabi/12.3.1/thumb/v7e-m+fp/hard/crtend.o
LOAD /opt/ST/STM32CubeCLT_1.16.0/GNU-tools-for-STM32/bin/../lib/gcc/arm-none-eabi/12.3.1/thumb/v7e-m+fp/hard/crtn.o
                0x20020000                        _estack = (ORIGIN (RAM) + LENGTH (RAM))
                0x00000200                        _Min_Heap_Size = 0x200
                0x00000400                        _Min_Stack_Size = 0x400

.isr_vector     0x08000000      0x1c4
                0x08000000                        . = ALIGN (0x4)
 *(.isr_vector)
 .isr_vector    0x08000000      0x1c4 build/startup_stm32f446xx.o
                0x08000000                g_pfnVectors
                0x080001c4                        . = ALIGN (0x4)

.text           0x080001c8     0x60a4
                0x080001c8                        . = ALIGN (0x4)
 *(.text)
 .text          0x080001c8       0x40 /opt/ST/STM32CubeCLT_1.16.0/GNU-tools-for-STM32/bin/../lib/gcc/arm-none-eabi/12.3.1/thumb/v7e-m+fp/hard/crtbegin.o
 .text          0x08000208      0x378 /opt/ST/STM32CubeCLT_1.16.0/GNU-tools-for-STM32/bin/../lib/gcc/arm-none-eabi/12.3.1/thumb/v7e-m+fp/hard/libgcc.a(_arm_addsubdf3.o)
                0x08000208                __aeabi_drsub
                0x08000210                __subdf3
                0x08000210                __aeabi_dsub
                0x08000214                __aeabi_dadd
                0x08000214                __adddf3
                0x0800048c                __aeabi_ui2d
                0x0800048c                __floatunsidf
                0x080004ac                __floatsidf
                0x080004ac                __aeabi_i2d
                0x080004d0                __extendsfdf2
                0x080004d0                __aeabi_f2d
                0x08000514                __aeabi_ul2d
                0x08000514                __floatundidf
                0x08000524                __aeabi_l2d
                0x08000524                __floatdidf
 .text          0x08000580      0x424 /opt/ST/STM32CubeCLT_1.16.0/GNU-tools-for-STM32/bin/../lib/gcc/arm-none-eabi/12.3.1/thumb/v7e-m+fp/hard/libgcc.a(_arm_muldivdf3.o)
                0x08000580                __aeabi_dmul
                0x08000580                __muldf3
                0x080007d4                __aeabi_ddiv
                0x080007d4                __divdf3
 .text          0x080009a4      0x110 /opt/ST/STM32CubeCLT_1.16.0/GNU-tools-for-STM32/bin/../lib/gcc/arm-none-eabi/12.3.1/thumb/v7e-m+fp/hard/libgcc.a(_arm_cmpdf2.o)
                0x080009a4                __gedf2
                0x080009a4                __gtdf2
                0x080009ac                __ledf2
                0x080009ac                __ltdf2
                0x080009b4                __cmpdf2
                0x080009b4                __eqdf2
                0x080009b4                __nedf2
                0x08000a30                __aeabi_cdrcmple
                0x08000a40                __aeabi_cdcmple
                0x08000a40                __aeabi_cdcmpeq
                0x08000a50                __aeabi_dcmpeq
                0x08000a64                __aeabi_dcmplt
                0x08000a78                __aeabi_dcmple
                0x08000a8c                __aeabi_dcmpge
                0x08000aa0                __aeabi_dcmpgt
 .text          0x08000ab4       0x40 /opt/ST/STM32CubeCLT_1.16.0/GNU-tools-for-STM32/bin/../lib/gcc/arm-none-eabi/12.3.1/thumb/v7e-m+fp/hard/libgcc.a(_arm_fixunsdfsi.o)
                0x08000ab4                __fixunsdfsi
                0x08000ab4                __aeabi_d2uiz
 .text          0x08000af4       0xa0 /opt/ST/STM32CubeCLT_1.16.0/GNU-tools-for-STM32/bin/../lib/gcc/arm-none-eabi/12.3.1/thumb/v7e-m+fp/hard/libgcc.a(_arm_truncdfsf2.o)
                0x08000af4                __aeabi_d2f
                0x08000af4                __truncdfsf2
 .text          0x08000b94       0x30 /opt/ST/STM32CubeCLT_1.16.0/GNU-tools-for-STM32/bin/../lib/gcc/arm-none-eabi/12.3.1/thumb/v7e-m+fp/hard/libgcc.a(_aeabi_uldivmod.o)
                0x08000b94                __aeabi_uldivmod
 .text          0x08000bc4      0x2bc /opt/ST/STM32CubeCLT_1.16.0/GNU-tools-for-STM32/bin/../lib/gcc/arm-none-eabi/12.3.1/thumb/v7e-m+fp/hard/libgcc.a(_udivmoddi4.o)
                0x08000bc4                __udivmoddi4
 .text          0x08000e80      0x9f4 /opt/ST/STM32CubeCLT_1.16.0/GNU-tools-for-STM32/bin/../lib/gcc/arm-none-eabi/12.3.1/thumb/v7e-m+fp/hard/libgcc.a(unwind-arm.o)
                0x08001130                _Unwind_GetCFA
                0x08001134                __gnu_Unwind_RaiseException
                0x0800119c                __gnu_Unwind_ForcedUnwind
                0x080011ac                __gnu_Unwind_Resume
                0x080011f0                __gnu_Unwind_Resume_or_Rethrow
                0x08001200                _Unwind_Complete
                0x08001204                _Unwind_DeleteException
                0x08001210                _Unwind_VRS_Get
                0x0800125c                _Unwind_VRS_Set
                0x080012a4                __gnu_Unwind_Backtrace
                0x080015c0                __aeabi_unwind_cpp_pr0
                0x080015c4                __aeabi_unwind_cpp_pr1
                0x080015c8                __aeabi_unwind_cpp_pr2
                0x080015cc                _Unwind_VRS_Pop
 .text          0x08001874      0x1ac /opt/ST/STM32CubeCLT_1.16.0/GNU-tools-for-STM32/bin/../lib/gcc/arm-none-eabi/12.3.1/thumb/v7e-m+fp/hard/libgcc.a(libunwind.o)
                0x08001874                __restore_core_regs
                0x08001874                restore_core_regs
                0x0800188c                __gnu_Unwind_Restore_VFP
                0x08001894                __gnu_Unwind_Save_VFP
                0x0800189c                __gnu_Unwind_Restore_VFP_D
                0x080018a4                __gnu_Unwind_Save_VFP_D
                0x080018ac                __gnu_Unwind_Restore_VFP_D_16_to_31
                0x080018b4                __gnu_Unwind_Save_VFP_D_16_to_31
                0x080018bc                __gnu_Unwind_Restore_WMMXD
                0x08001900                __gnu_Unwind_Save_WMMXD
                0x08001944                __gnu_Unwind_Restore_WMMXC
                0x08001958                __gnu_Unwind_Save_WMMXC
                0x0800196c                _Unwind_RaiseException
                0x0800196c                ___Unwind_RaiseException
                0x08001990                ___Unwind_Resume
                0x08001990                _Unwind_Resume
                0x080019b4                ___Unwind_Resume_or_Rethrow
                0x080019b4                _Unwind_Resume_or_Rethrow
                0x080019d8                _Unwind_ForcedUnwind
                0x080019d8                ___Unwind_ForcedUnwind
                0x080019fc                _Unwind_Backtrace
                0x080019fc                ___Unwind_Backtrace
 .text          0x08001a20      0x378 /opt/ST/STM32CubeCLT_1.16.0/GNU-tools-for-STM32/bin/../lib/gcc/arm-none-eabi/12.3.1/thumb/v7e-m+fp/hard/libgcc.a(pr-support.o)
                0x08001a78                __gnu_unwind_execute
                0x08001d4c                __gnu_unwind_frame
                0x08001d78                _Unwind_GetRegionStart
                0x08001d84                _Unwind_GetLanguageSpecificData
 .text          0x08001d98        0x4 /opt/ST/STM32CubeCLT_1.16.0/GNU-tools-for-STM32/bin/../lib/gcc/arm-none-eabi/12.3.1/thumb/v7e-m+fp/hard/libgcc.a(_dvmd_tls.o)
                0x08001d98                __aeabi_ldiv0
                0x08001d98                __aeabi_idiv0
 .text          0x08001d9c       0x14 /opt/ST/STM32CubeCLT_1.16.0/GNU-tools-for-STM32/bin/../lib/gcc/arm-none-eabi/12.3.1/../../../../arm-none-eabi/lib/thumb/v7e-m+fp/hard/libc_nano.a(libc_a-strcmp.o)
                0x08001d9c                strcmp
 *(.text*)
 .text.Error_Handler
                0x08001db0        0x4 build/main.o
                0x08001db0                Error_Handler
 .text.SystemClock_Config
                0x08001db4       0xac build/main.o
                0x08001db4                SystemClock_Config
 .text.main     0x08001e60       0x24 build/main.o
                0x08001e60                main
 .text.MX_GPIO_Init
                0x08001e84       0xcc build/gpio.o
                0x08001e84                MX_GPIO_Init
 .text.MX_ADC1_Init
                0x08001f50      0x190 build/adc.o
                0x08001f50                MX_ADC1_Init
 .text.HAL_ADC_MspInit
                0x080020e0       0xf8 build/adc.o
                0x080020e0                HAL_ADC_MspInit
 .text.MX_DMA_Init
                0x080021d8       0x54 build/dma.o
                0x080021d8                MX_DMA_Init
 .text.MX_USART6_UART_Init
                0x0800222c       0x34 build/usart.o
                0x0800222c                MX_USART6_UART_Init
 .text.HAL_UART_MspInit
                0x08002260      0x100 build/usart.o
                0x08002260                HAL_UART_MspInit
 .text.NMI_Handler
                0x08002360        0x2 build/stm32f4xx_it.o
                0x08002360                NMI_Handler
 .text.HardFault_Handler
                0x08002362        0x2 build/stm32f4xx_it.o
                0x08002362                HardFault_Handler
 .text.MemManage_Handler
                0x08002364        0x2 build/stm32f4xx_it.o
                0x08002364                MemManage_Handler
 .text.BusFault_Handler
                0x08002366        0x2 build/stm32f4xx_it.o
                0x08002366                BusFault_Handler
 .text.UsageFault_Handler
                0x08002368        0x2 build/stm32f4xx_it.o
                0x08002368                UsageFault_Handler
 .text.SVC_Handler
                0x0800236a        0x2 build/stm32f4xx_it.o
                0x0800236a                SVC_Handler
 .text.DebugMon_Handler
                0x0800236c        0x2 build/stm32f4xx_it.o
                0x0800236c                DebugMon_Handler
 .text.PendSV_Handler
                0x0800236e        0x2 build/stm32f4xx_it.o
                0x0800236e                PendSV_Handler
 .text.SysTick_Handler
                0x08002370        0x8 build/stm32f4xx_it.o
                0x08002370                SysTick_Handler
 .text.DMA2_Stream0_IRQHandler
                0x08002378       0x10 build/stm32f4xx_it.o
                0x08002378                DMA2_Stream0_IRQHandler
 .text.DMA2_Stream1_IRQHandler
                0x08002388       0x10 build/stm32f4xx_it.o
                0x08002388                DMA2_Stream1_IRQHandler
 .text.DMA2_Stream6_IRQHandler
                0x08002398       0x10 build/stm32f4xx_it.o
                0x08002398                DMA2_Stream6_IRQHandler
 .text.USART6_IRQHandler
                0x080023a8       0x10 build/stm32f4xx_it.o
                0x080023a8                USART6_IRQHandler
 .text.HAL_MspInit
                0x080023b8       0x38 build/stm32f4xx_hal_msp.o
                0x080023b8                HAL_MspInit
 .text.ADC_Init
                0x080023f0      0x134 build/stm32f4xx_hal_adc.o
 .text.HAL_ADC_Init
                0x08002524       0x56 build/stm32f4xx_hal_adc.o
                0x08002524                HAL_ADC_Init
 *fill*         0x0800257a        0x2 
 .text.HAL_ADC_Start
                0x0800257c      0x144 build/stm32f4xx_hal_adc.o
                0x0800257c                HAL_ADC_Start
 .text.HAL_ADC_Start_DMA
                0x080026c0      0x19c build/stm32f4xx_hal_adc.o
                0x080026c0                HAL_ADC_Start_DMA
 .text.HAL_ADC_ConvCpltCallback
                0x0800285c        0x2 build/stm32f4xx_hal_adc.o
                0x0800285c                HAL_ADC_ConvCpltCallback
 .text.HAL_ADC_ConvHalfCpltCallback
                0x0800285e        0x2 build/stm32f4xx_hal_adc.o
                0x0800285e                HAL_ADC_ConvHalfCpltCallback
 .text.ADC_DMAHalfConvCplt
                0x08002860        0xa build/stm32f4xx_hal_adc.o
 .text.HAL_ADC_ErrorCallback
                0x0800286a        0x2 build/stm32f4xx_hal_adc.o
                0x0800286a                HAL_ADC_ErrorCallback
 .text.ADC_DMAError
                0x0800286c       0x16 build/stm32f4xx_hal_adc.o
 .text.ADC_DMAConvCplt
                0x08002882       0x72 build/stm32f4xx_hal_adc.o
 .text.HAL_ADC_ConfigChannel
                0x080028f4      0x1ac build/stm32f4xx_hal_adc.o
                0x080028f4                HAL_ADC_ConfigChannel
 .text.HAL_RCC_ClockConfig
                0x08002aa0      0x160 build/stm32f4xx_hal_rcc.o
                0x08002aa0                HAL_RCC_ClockConfig
 .text.HAL_RCC_GetHCLKFreq
                0x08002c00        0xc build/stm32f4xx_hal_rcc.o
                0x08002c00                HAL_RCC_GetHCLKFreq
 .text.HAL_RCC_GetPCLK1Freq
                0x08002c0c       0x20 build/stm32f4xx_hal_rcc.o
                0x08002c0c                HAL_RCC_GetPCLK1Freq
 .text.HAL_RCC_GetPCLK2Freq
                0x08002c2c       0x20 build/stm32f4xx_hal_rcc.o
                0x08002c2c                HAL_RCC_GetPCLK2Freq
 .text.HAL_RCC_GetSysClockFreq
                0x08002c4c      0x128 build/stm32f4xx_hal_rcc_ex.o
                0x08002c4c                HAL_RCC_GetSysClockFreq
 .text.HAL_RCC_OscConfig
                0x08002d74      0x444 build/stm32f4xx_hal_rcc_ex.o
                0x08002d74                HAL_RCC_OscConfig
 .text.HAL_GPIO_Init
                0x080031b8      0x1e0 build/stm32f4xx_hal_gpio.o
                0x080031b8                HAL_GPIO_Init
 .text.HAL_GPIO_WritePin
                0x08003398        0xc build/stm32f4xx_hal_gpio.o
                0x08003398                HAL_GPIO_WritePin
 .text.DMA_SetConfig
                0x080033a4       0x2c build/stm32f4xx_hal_dma.o
 .text.DMA_CalcBaseAndBitshift
                0x080033d0       0x44 build/stm32f4xx_hal_dma.o
 .text.DMA_CheckFifoParam
                0x08003414       0x8e build/stm32f4xx_hal_dma.o
 *fill*         0x080034a2        0x2 
 .text.HAL_DMA_Init
                0x080034a4       0xcc build/stm32f4xx_hal_dma.o
                0x080034a4                HAL_DMA_Init
 .text.HAL_DMA_Start_IT
                0x08003570       0x6a build/stm32f4xx_hal_dma.o
                0x08003570                HAL_DMA_Start_IT
 .text.HAL_DMA_Abort
                0x080035da       0x94 build/stm32f4xx_hal_dma.o
                0x080035da                HAL_DMA_Abort
 .text.HAL_DMA_Abort_IT
                0x0800366e       0x26 build/stm32f4xx_hal_dma.o
                0x0800366e                HAL_DMA_Abort_IT
 .text.HAL_DMA_IRQHandler
                0x08003694      0x1dc build/stm32f4xx_hal_dma.o
                0x08003694                HAL_DMA_IRQHandler
 .text.HAL_DMA_GetError
                0x08003870        0x4 build/stm32f4xx_hal_dma.o
                0x08003870                HAL_DMA_GetError
 .text.HAL_PWREx_EnableOverDrive
                0x08003874       0x7c build/stm32f4xx_hal_pwr_ex.o
                0x08003874                HAL_PWREx_EnableOverDrive
 .text.__NVIC_EnableIRQ
                0x080038f0       0x1c build/stm32f4xx_hal_cortex.o
 .text.__NVIC_SetPriority
                0x0800390c       0x28 build/stm32f4xx_hal_cortex.o
 .text.NVIC_EncodePriority
                0x08003934       0x3e build/stm32f4xx_hal_cortex.o
 *fill*         0x08003972        0x2 
 .text.HAL_NVIC_SetPriorityGrouping
                0x08003974       0x24 build/stm32f4xx_hal_cortex.o
                0x08003974                HAL_NVIC_SetPriorityGrouping
 .text.HAL_NVIC_SetPriority
                0x08003998       0x20 build/stm32f4xx_hal_cortex.o
                0x08003998                HAL_NVIC_SetPriority
 .text.HAL_NVIC_EnableIRQ
                0x080039b8        0x8 build/stm32f4xx_hal_cortex.o
                0x080039b8                HAL_NVIC_EnableIRQ
 .text.HAL_SYSTICK_Config
                0x080039c0       0x28 build/stm32f4xx_hal_cortex.o
                0x080039c0                HAL_SYSTICK_Config
 .text.HAL_InitTick
                0x080039e8       0x4c build/stm32f4xx_hal.o
                0x080039e8                HAL_InitTick
 .text.HAL_Init
                0x08003a34       0x34 build/stm32f4xx_hal.o
                0x08003a34                HAL_Init
 .text.HAL_IncTick
                0x08003a68       0x18 build/stm32f4xx_hal.o
                0x08003a68                HAL_IncTick
 .text.HAL_GetTick
                0x08003a80        0xc build/stm32f4xx_hal.o
                0x08003a80                HAL_GetTick
 .text.HAL_Delay
                0x08003a8c       0x28 build/stm32f4xx_hal.o
                0x08003a8c                HAL_Delay
 .text.UART_EndTxTransfer
                0x08003ab4       0x20 build/stm32f4xx_hal_uart.o
 .text.UART_EndRxTransfer
                0x08003ad4       0x5c build/stm32f4xx_hal_uart.o
 .text.UART_Transmit_IT
                0x08003b30       0x60 build/stm32f4xx_hal_uart.o
 .text.UART_SetConfig
                0x08003b90      0x110 build/stm32f4xx_hal_uart.o
 .text.UART_WaitOnFlagUntilTimeout
                0x08003ca0       0x86 build/stm32f4xx_hal_uart.o
 .text.HAL_UART_Init
                0x08003d26       0x60 build/stm32f4xx_hal_uart.o
                0x08003d26                HAL_UART_Init
 .text.HAL_UART_Transmit
                0x08003d86       0xcc build/stm32f4xx_hal_uart.o
                0x08003d86                HAL_UART_Transmit
 .text.HAL_UART_Abort
                0x08003e52       0xf2 build/stm32f4xx_hal_uart.o
                0x08003e52                HAL_UART_Abort
 .text.HAL_UART_TxCpltCallback
                0x08003f44        0x2 build/stm32f4xx_hal_uart.o
                0x08003f44                HAL_UART_TxCpltCallback
 .text.UART_EndTransmit_IT
                0x08003f46       0x1a build/stm32f4xx_hal_uart.o
 .text.HAL_UART_RxCpltCallback
                0x08003f60        0x2 build/stm32f4xx_hal_uart.o
                0x08003f60                HAL_UART_RxCpltCallback
 .text.HAL_UART_RxHalfCpltCallback
                0x08003f62        0x2 build/stm32f4xx_hal_uart.o
                0x08003f62                HAL_UART_RxHalfCpltCallback
 .text.HAL_UART_ErrorCallback
                0x08003f64        0x2 build/stm32f4xx_hal_uart.o
                0x08003f64                HAL_UART_ErrorCallback
 .text.UART_DMAError
                0x08003f66       0x58 build/stm32f4xx_hal_uart.o
 .text.UART_DMAAbortOnError
                0x08003fbe       0x10 build/stm32f4xx_hal_uart.o
 .text.HAL_UARTEx_RxEventCallback
                0x08003fce        0x2 build/stm32f4xx_hal_uart.o
                0x08003fce                HAL_UARTEx_RxEventCallback
 .text.UART_Receive_IT
                0x08003fd0       0xe6 build/stm32f4xx_hal_uart.o
 *fill*         0x080040b6        0x2 
 .text.HAL_UART_IRQHandler
                0x080040b8      0x284 build/stm32f4xx_hal_uart.o
                0x080040b8                HAL_UART_IRQHandler
 .text.UART_DMARxHalfCplt
                0x0800433c       0x1e build/stm32f4xx_hal_uart.o
 .text.UART_DMAReceiveCplt
                0x0800435a       0x9a build/stm32f4xx_hal_uart.o
 .text.UART_Start_Receive_DMA
                0x080043f4       0xa4 build/stm32f4xx_hal_uart.o
                0x080043f4                UART_Start_Receive_DMA
 .text.HAL_UART_Receive_DMA
                0x08004498       0x26 build/stm32f4xx_hal_uart.o
                0x08004498                HAL_UART_Receive_DMA
 *fill*         0x080044be        0x2 
 .text.SystemInit
                0x080044c0       0x14 build/system_stm32f4xx.o
                0x080044c0                SystemInit
 .text._sbrk    0x080044d4       0x48 build/sysmem.o
                0x080044d4                _sbrk
 .text._getpid  0x0800451c        0x4 build/syscalls.o
                0x0800451c                _getpid
 .text._kill    0x08004520       0x10 build/syscalls.o
                0x08004520                _kill
 .text._exit    0x08004530        0xc build/syscalls.o
                0x08004530                _exit
 .text.Reset_Handler
                0x0800453c       0x50 build/startup_stm32f446xx.o
                0x0800453c                Reset_Handler
 .text.Default_Handler
                0x0800458c        0x2 build/startup_stm32f446xx.o
                0x0800458c                DMA1_Stream3_IRQHandler
                0x0800458c                EXTI2_IRQHandler
                0x0800458c                TIM8_CC_IRQHandler
                0x0800458c                FMPI2C1_EV_IRQHandler
                0x0800458c                SPI4_IRQHandler
                0x0800458c                TIM1_CC_IRQHandler
                0x0800458c                DMA2_Stream5_IRQHandler
                0x0800458c                DMA1_Stream5_IRQHandler
                0x0800458c                PVD_IRQHandler
                0x0800458c                SDIO_IRQHandler
                0x0800458c                TAMP_STAMP_IRQHandler
                0x0800458c                CAN2_RX1_IRQHandler
                0x0800458c                EXTI3_IRQHandler
                0x0800458c                TIM8_TRG_COM_TIM14_IRQHandler
                0x0800458c                TIM1_UP_TIM10_IRQHandler
                0x0800458c                TIM8_UP_TIM13_IRQHandler
                0x0800458c                I2C3_ER_IRQHandler
                0x0800458c                EXTI0_IRQHandler
                0x0800458c                I2C2_EV_IRQHandler
                0x0800458c                DMA1_Stream2_IRQHandler
                0x0800458c                CAN1_RX0_IRQHandler
                0x0800458c                FPU_IRQHandler
                0x0800458c                OTG_HS_WKUP_IRQHandler
                0x0800458c                CAN2_SCE_IRQHandler
                0x0800458c                DMA2_Stream2_IRQHandler
                0x0800458c                SPI1_IRQHandler
                0x0800458c                TIM6_DAC_IRQHandler
                0x0800458c                TIM1_BRK_TIM9_IRQHandler
                0x0800458c                DCMI_IRQHandler
                0x0800458c                CAN2_RX0_IRQHandler
                0x0800458c                DMA2_Stream3_IRQHandler
                0x0800458c                SAI2_IRQHandler
                0x0800458c                USART3_IRQHandler
                0x0800458c                CAN1_RX1_IRQHandler
                0x0800458c                UART5_IRQHandler
                0x0800458c                TIM4_IRQHandler
                0x0800458c                QUADSPI_IRQHandler
                0x0800458c                I2C1_EV_IRQHandler
                0x0800458c                DMA1_Stream6_IRQHandler
                0x0800458c                DMA1_Stream1_IRQHandler
                0x0800458c                UART4_IRQHandler
                0x0800458c                TIM3_IRQHandler
                0x0800458c                RCC_IRQHandler
                0x0800458c                TIM8_BRK_TIM12_IRQHandler
                0x0800458c                Default_Handler
                0x0800458c                CEC_IRQHandler
                0x0800458c                EXTI15_10_IRQHandler
                0x0800458c                ADC_IRQHandler
                0x0800458c                DMA1_Stream7_IRQHandler
                0x0800458c                TIM7_IRQHandler
                0x0800458c                CAN2_TX_IRQHandler
                0x0800458c                TIM5_IRQHandler
                0x0800458c                DMA2_Stream7_IRQHandler
                0x0800458c                I2C3_EV_IRQHandler
                0x0800458c                EXTI9_5_IRQHandler
                0x0800458c                RTC_WKUP_IRQHandler
                0x0800458c                SPDIF_RX_IRQHandler
                0x0800458c                SPI2_IRQHandler
                0x0800458c                OTG_HS_EP1_IN_IRQHandler
                0x0800458c                DMA1_Stream0_IRQHandler
                0x0800458c                CAN1_TX_IRQHandler
                0x0800458c                FMPI2C1_ER_IRQHandler
                0x0800458c                EXTI4_IRQHandler
                0x0800458c                OTG_HS_EP1_OUT_IRQHandler
                0x0800458c                WWDG_IRQHandler
                0x0800458c                TIM2_IRQHandler
                0x0800458c                OTG_FS_WKUP_IRQHandler
                0x0800458c                TIM1_TRG_COM_TIM11_IRQHandler
                0x0800458c                OTG_HS_IRQHandler
                0x0800458c                EXTI1_IRQHandler
                0x0800458c                USART2_IRQHandler
                0x0800458c                I2C2_ER_IRQHandler
                0x0800458c                CAN1_SCE_IRQHandler
                0x0800458c                FLASH_IRQHandler
                0x0800458c                DMA2_Stream4_IRQHandler
                0x0800458c                USART1_IRQHandler
                0x0800458c                OTG_FS_IRQHandler
                0x0800458c                SPI3_IRQHandler
                0x0800458c                DMA1_Stream4_IRQHandler
                0x0800458c                I2C1_ER_IRQHandler
                0x0800458c                FMC_IRQHandler
                0x0800458c                SAI1_IRQHandler
                0x0800458c                RTC_Alarm_IRQHandler
 *fill*         0x0800458e        0x2 
 .text._Z41__static_initialization_and_destruction_0ii
                0x08004590       0x3c build/app.o
 .text._ZN8HardwareD2Ev
                0x080045cc       0x10 build/app.o
                0x080045cc                Hardware::~Hardware()
                0x080045cc                Hardware::~Hardware()
 .text.setup    0x080045dc       0x2c build/app.o
                0x080045dc                setup
 .text.main_app
                0x08004608      0x138 build/app.o
                0x08004608                main_app
 .text._GLOBAL__sub_I_hardware
                0x08004740        0xe build/app.o
 .text._ZN9MovingAve9SetLengthEh
                0x0800474e       0x26 build/MovingAve.o
                0x0800474e                MovingAve::SetLength(unsigned char)
 .text._ZN9MovingAve7ComputeEf
                0x08004774       0x6a build/MovingAve.o
                0x08004774                MovingAve::Compute(float)
 .text._ZN9MovingAve3GetEv
                0x080047de        0x6 build/MovingAve.o
                0x080047de                MovingAve::Get()
 .text.NormalizeDeg180
                0x080047e4       0x18 build/MyMath.o
                0x080047e4                NormalizeDeg180
 .text._ZN5TimerC2Ev
                0x080047fc       0x20 build/Timer.o
                0x080047fc                Timer::Timer()
                0x080047fc                Timer::Timer()
 .text._ZN5Timer5resetEv
                0x0800481c        0xc build/Timer.o
                0x0800481c                Timer::reset()
 .text._ZN5Timer4readEv
                0x08004828       0x30 build/Timer.o
                0x08004828                Timer::read()
 .text._ZN5Timer7read_usEv
                0x08004858       0x44 build/Timer.o
                0x08004858                Timer::read_us()
 .text._ZN7EncoderC2EP10DigitalOutPh
                0x0800489c       0x4c build/encoder.o
                0x0800489c                Encoder::Encoder(DigitalOut*, unsigned char*)
                0x0800489c                Encoder::Encoder(DigitalOut*, unsigned char*)
 .text._ZN7Encoder4ReadEv
                0x080048e8      0x1a4 build/encoder.o
                0x080048e8                Encoder::Read()
 .text._ZN7Encoder11GetMotorRPSEh
                0x08004a8c        0x6 build/encoder.o
                0x08004a8c                Encoder::GetMotorRPS(unsigned char)
 .text._ZN14BufferedSerial9availableEv
                0x08004a92       0x50 build/hardware.o
                0x08004a92                BufferedSerial::available()
 .text._ZN14BufferedSerial4readEv
                0x08004ae2       0x32 build/hardware.o
                0x08004ae2                BufferedSerial::read()
 .text._ZN8HardwareC2Ev
                0x08004b14      0x180 build/hardware.o
                0x08004b14                Hardware::Hardware()
                0x08004b14                Hardware::Hardware()
 .text._ZN8Hardware4InitEv
                0x08004c94       0x64 build/hardware.o
                0x08004c94                Hardware::Init()
 .text._ZN8Hardware10GetSensorsEv
                0x08004cf8       0x90 build/hardware.o
                0x08004cf8                Hardware::GetSensors()
 .text._ZN8Hardware8MainUartEv
                0x08004d88      0x118 build/hardware.o
                0x08004d88                Hardware::MainUart()
 .text._ZN4LineC2EP10DigitalOutS1_S1_S1_S1_S1_S1_PhS2_S2_S2_S2_S2_S2_S2_
                0x08004ea0       0x50 build/line.o
                0x08004ea0                Line::Line(DigitalOut*, DigitalOut*, DigitalOut*, DigitalOut*, DigitalOut*, DigitalOut*, DigitalOut*, unsigned char*, unsigned char*, unsigned char*, unsigned char*, unsigned char*, unsigned char*, unsigned char*, unsigned char*)
                0x08004ea0                Line::Line(DigitalOut*, DigitalOut*, DigitalOut*, DigitalOut*, DigitalOut*, DigitalOut*, DigitalOut*, unsigned char*, unsigned char*, unsigned char*, unsigned char*, unsigned char*, unsigned char*, unsigned char*, unsigned char*)
 .text._ZN4Line4ReadEv
                0x08004ef0      0x31c build/line.o
                0x08004ef0                Line::Read()
 .text._ZN4Line7ComputeEv
                0x0800520c      0x188 build/line.o
                0x0800520c                Line::Compute()
 .text._ZN4Line8IsOnLineEv
                0x08005394        0xe build/line.o
                0x08005394                Line::IsOnLine()
 .text._ZN4Line5OnLedEv
                0x080053a2       0x10 build/line.o
                0x080053a2                Line::OnLed()
 .text._ZN4Line6OffLedEv
                0x080053b2       0x10 build/line.o
                0x080053b2                Line::OffLed()
 *fill*         0x080053c2        0x2 
 .text._ZN4Line5SetThEv
                0x080053c4       0xf0 build/line.o
                0x080053c4                Line::SetTh()
 .text.memset   0x080054b4       0x10 /opt/ST/STM32CubeCLT_1.16.0/GNU-tools-for-STM32/bin/../lib/gcc/arm-none-eabi/12.3.1/../../../../arm-none-eabi/lib/thumb/v7e-m+fp/hard/libc_nano.a(libc_a-memset.o)
                0x080054b4                memset
 .text.__errno  0x080054c4        0xc /opt/ST/STM32CubeCLT_1.16.0/GNU-tools-for-STM32/bin/../lib/gcc/arm-none-eabi/12.3.1/../../../../arm-none-eabi/lib/thumb/v7e-m+fp/hard/libc_nano.a(libc_a-errno.o)
                0x080054c4                __errno
 .text.__libc_init_array
                0x080054d0       0x48 /opt/ST/STM32CubeCLT_1.16.0/GNU-tools-for-STM32/bin/../lib/gcc/arm-none-eabi/12.3.1/../../../../arm-none-eabi/lib/thumb/v7e-m+fp/hard/libc_nano.a(libc_a-init.o)
                0x080054d0                __libc_init_array
 .text.__retarget_lock_acquire_recursive
                0x08005518        0x2 /opt/ST/STM32CubeCLT_1.16.0/GNU-tools-for-STM32/bin/../lib/gcc/arm-none-eabi/12.3.1/../../../../arm-none-eabi/lib/thumb/v7e-m+fp/hard/libc_nano.a(libc_a-lock.o)
                0x08005518                __retarget_lock_acquire_recursive
 .text.__retarget_lock_release_recursive
                0x0800551a        0x2 /opt/ST/STM32CubeCLT_1.16.0/GNU-tools-for-STM32/bin/../lib/gcc/arm-none-eabi/12.3.1/../../../../arm-none-eabi/lib/thumb/v7e-m+fp/hard/libc_nano.a(libc_a-lock.o)
                0x0800551a                __retarget_lock_release_recursive
 .text.__aeabi_atexit
                0x0800551c        0xa /opt/ST/STM32CubeCLT_1.16.0/GNU-tools-for-STM32/bin/../lib/gcc/arm-none-eabi/12.3.1/../../../../arm-none-eabi/lib/thumb/v7e-m+fp/hard/libc_nano.a(libc_a-aeabi_atexit.o)
                0x0800551c                __aeabi_atexit
 *fill*         0x08005526        0x2 
 .text.sbrk_aligned
                0x08005528       0x44 /opt/ST/STM32CubeCLT_1.16.0/GNU-tools-for-STM32/bin/../lib/gcc/arm-none-eabi/12.3.1/../../../../arm-none-eabi/lib/thumb/v7e-m+fp/hard/libc_nano.a(libc_a-mallocr.o)
 .text._malloc_r
                0x0800556c      0x100 /opt/ST/STM32CubeCLT_1.16.0/GNU-tools-for-STM32/bin/../lib/gcc/arm-none-eabi/12.3.1/../../../../arm-none-eabi/lib/thumb/v7e-m+fp/hard/libc_nano.a(libc_a-mallocr.o)
                0x0800556c                _malloc_r
 .text.__malloc_lock
                0x0800566c        0xc /opt/ST/STM32CubeCLT_1.16.0/GNU-tools-for-STM32/bin/../lib/gcc/arm-none-eabi/12.3.1/../../../../arm-none-eabi/lib/thumb/v7e-m+fp/hard/libc_nano.a(libc_a-mlock.o)
                0x0800566c                __malloc_lock
 .text.__malloc_unlock
                0x08005678        0xc /opt/ST/STM32CubeCLT_1.16.0/GNU-tools-for-STM32/bin/../lib/gcc/arm-none-eabi/12.3.1/../../../../arm-none-eabi/lib/thumb/v7e-m+fp/hard/libc_nano.a(libc_a-mlock.o)
                0x08005678                __malloc_unlock
 .text._sbrk_r  0x08005684       0x20 /opt/ST/STM32CubeCLT_1.16.0/GNU-tools-for-STM32/bin/../lib/gcc/arm-none-eabi/12.3.1/../../../../arm-none-eabi/lib/thumb/v7e-m+fp/hard/libc_nano.a(libc_a-sbrkr.o)
                0x08005684                _sbrk_r
 .text.__cxa_atexit
                0x080056a4       0x1c /opt/ST/STM32CubeCLT_1.16.0/GNU-tools-for-STM32/bin/../lib/gcc/arm-none-eabi/12.3.1/../../../../arm-none-eabi/lib/thumb/v7e-m+fp/hard/libc_nano.a(libc_a-cxa_atexit.o)
                0x080056a4                __cxa_atexit
 .text._free_r  0x080056c0       0x94 /opt/ST/STM32CubeCLT_1.16.0/GNU-tools-for-STM32/bin/../lib/gcc/arm-none-eabi/12.3.1/../../../../arm-none-eabi/lib/thumb/v7e-m+fp/hard/libc_nano.a(libc_a-freer.o)
                0x080056c0                _free_r
 .text._ZdaPv   0x08005754        0x4 /opt/ST/STM32CubeCLT_1.16.0/GNU-tools-for-STM32/bin/../lib/gcc/arm-none-eabi/12.3.1/../../../../arm-none-eabi/lib/thumb/v7e-m+fp/hard/libstdc++_nano.a(del_opv.o)
                0x08005754                operator delete[](void*)
 .text.__cxa_end_cleanup
                0x08005758        0xc /opt/ST/STM32CubeCLT_1.16.0/GNU-tools-for-STM32/bin/../lib/gcc/arm-none-eabi/12.3.1/../../../../arm-none-eabi/lib/thumb/v7e-m+fp/hard/libstdc++_nano.a(eh_arm.o)
                0x08005758                __cxa_end_cleanup
 .text._ZN10__cxxabiv1L24__is_gxx_exception_classEPc
                0x08005764       0x3a /opt/ST/STM32CubeCLT_1.16.0/GNU-tools-for-STM32/bin/../lib/gcc/arm-none-eabi/12.3.1/../../../../arm-none-eabi/lib/thumb/v7e-m+fp/hard/libstdc++_nano.a(eh_arm.o)
 *fill*         0x0800579e        0x2 
 .text.__cxa_type_match
                0x080057a0       0xbc /opt/ST/STM32CubeCLT_1.16.0/GNU-tools-for-STM32/bin/../lib/gcc/arm-none-eabi/12.3.1/../../../../arm-none-eabi/lib/thumb/v7e-m+fp/hard/libstdc++_nano.a(eh_arm.o)
                0x080057a0                __cxa_type_match
 .text.__cxa_begin_cleanup
                0x0800585c       0x3a /opt/ST/STM32CubeCLT_1.16.0/GNU-tools-for-STM32/bin/../lib/gcc/arm-none-eabi/12.3.1/../../../../arm-none-eabi/lib/thumb/v7e-m+fp/hard/libstdc++_nano.a(eh_arm.o)
                0x0800585c                __cxa_begin_cleanup
 .text.__gnu_end_cleanup
                0x08005896       0x32 /opt/ST/STM32CubeCLT_1.16.0/GNU-tools-for-STM32/bin/../lib/gcc/arm-none-eabi/12.3.1/../../../../arm-none-eabi/lib/thumb/v7e-m+fp/hard/libstdc++_nano.a(eh_arm.o)
                0x08005896                __gnu_end_cleanup
 .text._ZN12_GLOBAL__N_113constant_initD2Ev
                0x080058c8        0x2 /opt/ST/STM32CubeCLT_1.16.0/GNU-tools-for-STM32/bin/../lib/gcc/arm-none-eabi/12.3.1/../../../../arm-none-eabi/lib/thumb/v7e-m+fp/hard/libstdc++_nano.a(eh_globals.o)
 *fill*         0x080058ca        0x2 
 .text.__cxa_get_globals
                0x080058cc        0x8 /opt/ST/STM32CubeCLT_1.16.0/GNU-tools-for-STM32/bin/../lib/gcc/arm-none-eabi/12.3.1/../../../../arm-none-eabi/lib/thumb/v7e-m+fp/hard/libstdc++_nano.a(eh_globals.o)
                0x080058cc                __cxa_get_globals
 .text.startup._GLOBAL__sub_I___cxa_get_globals_fast
                0x080058d4       0x18 /opt/ST/STM32CubeCLT_1.16.0/GNU-tools-for-STM32/bin/../lib/gcc/arm-none-eabi/12.3.1/../../../../arm-none-eabi/lib/thumb/v7e-m+fp/hard/libstdc++_nano.a(eh_globals.o)
 .text._ZL12read_uleb128PKhPm
                0x080058ec       0x1e /opt/ST/STM32CubeCLT_1.16.0/GNU-tools-for-STM32/bin/../lib/gcc/arm-none-eabi/12.3.1/../../../../arm-none-eabi/lib/thumb/v7e-m+fp/hard/libstdc++_nano.a(eh_personality.o)
 .text._ZL12read_sleb128PKhPl
                0x0800590a       0x30 /opt/ST/STM32CubeCLT_1.16.0/GNU-tools-for-STM32/bin/../lib/gcc/arm-none-eabi/12.3.1/../../../../arm-none-eabi/lib/thumb/v7e-m+fp/hard/libstdc++_nano.a(eh_personality.o)
 .text._ZL28read_encoded_value_with_basehjPKhPj
                0x0800593a       0x8c /opt/ST/STM32CubeCLT_1.16.0/GNU-tools-for-STM32/bin/../lib/gcc/arm-none-eabi/12.3.1/../../../../arm-none-eabi/lib/thumb/v7e-m+fp/hard/libstdc++_nano.a(eh_personality.o)
 .text._ZL21base_of_encoded_valuehP15_Unwind_Context
                0x080059c6       0x42 /opt/ST/STM32CubeCLT_1.16.0/GNU-tools-for-STM32/bin/../lib/gcc/arm-none-eabi/12.3.1/../../../../arm-none-eabi/lib/thumb/v7e-m+fp/hard/libstdc++_nano.a(eh_personality.o)
 .text._ZL18read_encoded_valueP15_Unwind_ContexthPKhPj
                0x08005a08       0x20 /opt/ST/STM32CubeCLT_1.16.0/GNU-tools-for-STM32/bin/../lib/gcc/arm-none-eabi/12.3.1/../../../../arm-none-eabi/lib/thumb/v7e-m+fp/hard/libstdc++_nano.a(eh_personality.o)
 .text._ZL17parse_lsda_headerP15_Unwind_ContextPKhP16lsda_header_info
                0x08005a28       0x5e /opt/ST/STM32CubeCLT_1.16.0/GNU-tools-for-STM32/bin/../lib/gcc/arm-none-eabi/12.3.1/../../../../arm-none-eabi/lib/thumb/v7e-m+fp/hard/libstdc++_nano.a(eh_personality.o)
 .text._Unwind_GetGR
                0x08005a86       0x18 /opt/ST/STM32CubeCLT_1.16.0/GNU-tools-for-STM32/bin/../lib/gcc/arm-none-eabi/12.3.1/../../../../arm-none-eabi/lib/thumb/v7e-m+fp/hard/libstdc++_nano.a(eh_personality.o)
 *fill*         0x08005a9e        0x2 
 .text.__gxx_personality_v0
                0x08005aa0      0x324 /opt/ST/STM32CubeCLT_1.16.0/GNU-tools-for-STM32/bin/../lib/gcc/arm-none-eabi/12.3.1/../../../../arm-none-eabi/lib/thumb/v7e-m+fp/hard/libstdc++_nano.a(eh_personality.o)
                0x08005aa0                __gxx_personality_v0
 .text._ZN10__cxxabiv111__terminateEPFvvE
                0x08005dc4        0x8 /opt/ST/STM32CubeCLT_1.16.0/GNU-tools-for-STM32/bin/../lib/gcc/arm-none-eabi/12.3.1/../../../../arm-none-eabi/lib/thumb/v7e-m+fp/hard/libstdc++_nano.a(eh_terminate.o)
                0x08005dc4                __cxxabiv1::__terminate(void (*)())
 .text._ZSt13get_terminatev
                0x08005dcc       0x10 /opt/ST/STM32CubeCLT_1.16.0/GNU-tools-for-STM32/bin/../lib/gcc/arm-none-eabi/12.3.1/../../../../arm-none-eabi/lib/thumb/v7e-m+fp/hard/libstdc++_nano.a(eh_terminate.o)
                0x08005dcc                std::get_terminate()
 .text._ZSt9terminatev
                0x08005ddc        0xa /opt/ST/STM32CubeCLT_1.16.0/GNU-tools-for-STM32/bin/../lib/gcc/arm-none-eabi/12.3.1/../../../../arm-none-eabi/lib/thumb/v7e-m+fp/hard/libstdc++_nano.a(eh_terminate.o)
                0x08005ddc                std::terminate()
 .text._ZN10__cxxabiv112__unexpectedEPFvvE
                0x08005de6        0x8 /opt/ST/STM32CubeCLT_1.16.0/GNU-tools-for-STM32/bin/../lib/gcc/arm-none-eabi/12.3.1/../../../../arm-none-eabi/lib/thumb/v7e-m+fp/hard/libstdc++_nano.a(eh_terminate.o)
                0x08005de6                __cxxabiv1::__unexpected(void (*)())
 *fill*         0x08005dee        0x2 
 .text._ZSt14get_unexpectedv
                0x08005df0       0x10 /opt/ST/STM32CubeCLT_1.16.0/GNU-tools-for-STM32/bin/../lib/gcc/arm-none-eabi/12.3.1/../../../../arm-none-eabi/lib/thumb/v7e-m+fp/hard/libstdc++_nano.a(eh_terminate.o)
                0x08005df0                std::get_unexpected()
 .text._ZSt10unexpectedv
                0x08005e00        0xa /opt/ST/STM32CubeCLT_1.16.0/GNU-tools-for-STM32/bin/../lib/gcc/arm-none-eabi/12.3.1/../../../../arm-none-eabi/lib/thumb/v7e-m+fp/hard/libstdc++_nano.a(eh_terminate.o)
                0x08005e00                std::unexpected()
 .text._Znaj    0x08005e0a        0x4 /opt/ST/STM32CubeCLT_1.16.0/GNU-tools-for-STM32/bin/../lib/gcc/arm-none-eabi/12.3.1/../../../../arm-none-eabi/lib/thumb/v7e-m+fp/hard/libstdc++_nano.a(new_opv.o)
                0x08005e0a                operator new[](unsigned int)
 *fill*         0x08005e0e        0x2 
 .text._ZN10__cxxabiv120__si_class_type_infoD2Ev
                0x08005e10       0x14 /opt/ST/STM32CubeCLT_1.16.0/GNU-tools-for-STM32/bin/../lib/gcc/arm-none-eabi/12.3.1/../../../../arm-none-eabi/lib/thumb/v7e-m+fp/hard/libstdc++_nano.a(si_class_type_info.o)
                0x08005e10                __cxxabiv1::__si_class_type_info::~__si_class_type_info()
                0x08005e10                __cxxabiv1::__si_class_type_info::~__si_class_type_info()
 .text._ZN10__cxxabiv120__si_class_type_infoD0Ev
                0x08005e24       0x14 /opt/ST/STM32CubeCLT_1.16.0/GNU-tools-for-STM32/bin/../lib/gcc/arm-none-eabi/12.3.1/../../../../arm-none-eabi/lib/thumb/v7e-m+fp/hard/libstdc++_nano.a(si_class_type_info.o)
                0x08005e24                __cxxabiv1::__si_class_type_info::~__si_class_type_info()
 .text._ZNK10__cxxabiv120__si_class_type_info20__do_find_public_srcEiPKvPKNS_17__class_type_infoES2_
                0x08005e38       0x3c /opt/ST/STM32CubeCLT_1.16.0/GNU-tools-for-STM32/bin/../lib/gcc/arm-none-eabi/12.3.1/../../../../arm-none-eabi/lib/thumb/v7e-m+fp/hard/libstdc++_nano.a(si_class_type_info.o)
                0x08005e38                __cxxabiv1::__si_class_type_info::__do_find_public_src(int, void const*, __cxxabiv1::__class_type_info const*, void const*) const
 .text._ZNK10__cxxabiv120__si_class_type_info12__do_dyncastEiNS_17__class_type_info10__sub_kindEPKS1_PKvS4_S6_RNS1_16__dyncast_resultE
                0x08005e74       0x74 /opt/ST/STM32CubeCLT_1.16.0/GNU-tools-for-STM32/bin/../lib/gcc/arm-none-eabi/12.3.1/../../../../arm-none-eabi/lib/thumb/v7e-m+fp/hard/libstdc++_nano.a(si_class_type_info.o)
                0x08005e74                __cxxabiv1::__si_class_type_info::__do_dyncast(int, __cxxabiv1::__class_type_info::__sub_kind, __cxxabiv1::__class_type_info const*, void const*, __cxxabiv1::__class_type_info const*, void const*, __cxxabiv1::__class_type_info::__dyncast_result&) const
 .text._ZNK10__cxxabiv120__si_class_type_info11__do_upcastEPKNS_17__class_type_infoEPKvRNS1_15__upcast_resultE
                0x08005ee8       0x2a /opt/ST/STM32CubeCLT_1.16.0/GNU-tools-for-STM32/bin/../lib/gcc/arm-none-eabi/12.3.1/../../../../arm-none-eabi/lib/thumb/v7e-m+fp/hard/libstdc++_nano.a(si_class_type_info.o)
                0x08005ee8                __cxxabiv1::__si_class_type_info::__do_upcast(__cxxabiv1::__class_type_info const*, void const*, __cxxabiv1::__class_type_info::__upcast_result&) const
 .text._ZNSt9type_infoD2Ev
                0x08005f12        0x2 /opt/ST/STM32CubeCLT_1.16.0/GNU-tools-for-STM32/bin/../lib/gcc/arm-none-eabi/12.3.1/../../../../arm-none-eabi/lib/thumb/v7e-m+fp/hard/libstdc++_nano.a(tinfo.o)
                0x08005f12                std::type_info::~type_info()
                0x08005f12                std::type_info::~type_info()
 .text._ZNKSt9type_info14__is_pointer_pEv
                0x08005f14        0x4 /opt/ST/STM32CubeCLT_1.16.0/GNU-tools-for-STM32/bin/../lib/gcc/arm-none-eabi/12.3.1/../../../../arm-none-eabi/lib/thumb/v7e-m+fp/hard/libstdc++_nano.a(tinfo.o)
                0x08005f14                std::type_info::__is_function_p() const
                0x08005f14                std::type_info::__is_pointer_p() const
 .text._ZNKSt9type_infoeqERKS_
                0x08005f18       0x2c /opt/ST/STM32CubeCLT_1.16.0/GNU-tools-for-STM32/bin/../lib/gcc/arm-none-eabi/12.3.1/../../../../arm-none-eabi/lib/thumb/v7e-m+fp/hard/libstdc++_nano.a(tinfo.o)
                0x08005f18                std::type_info::__equal(std::type_info const&) const
                0x08005f18                std::type_info::operator==(std::type_info const&) const
 .text._ZNK10__cxxabiv117__class_type_info11__do_upcastEPKS0_PPv
                0x08005f44       0x32 /opt/ST/STM32CubeCLT_1.16.0/GNU-tools-for-STM32/bin/../lib/gcc/arm-none-eabi/12.3.1/../../../../arm-none-eabi/lib/thumb/v7e-m+fp/hard/libstdc++_nano.a(class_type_info.o)
                0x08005f44                __cxxabiv1::__class_type_info::__do_upcast(__cxxabiv1::__class_type_info const*, void**) const
 .text._ZNK10__cxxabiv117__class_type_info20__do_find_public_srcEiPKvPKS0_S2_
                0x08005f76        0xc /opt/ST/STM32CubeCLT_1.16.0/GNU-tools-for-STM32/bin/../lib/gcc/arm-none-eabi/12.3.1/../../../../arm-none-eabi/lib/thumb/v7e-m+fp/hard/libstdc++_nano.a(class_type_info.o)
                0x08005f76                __cxxabiv1::__class_type_info::__do_find_public_src(int, void const*, __cxxabiv1::__class_type_info const*, void const*) const
 *fill*         0x08005f82        0x2 
 .text._ZN10__cxxabiv117__class_type_infoD2Ev
                0x08005f84       0x14 /opt/ST/STM32CubeCLT_1.16.0/GNU-tools-for-STM32/bin/../lib/gcc/arm-none-eabi/12.3.1/../../../../arm-none-eabi/lib/thumb/v7e-m+fp/hard/libstdc++_nano.a(class_type_info.o)
                0x08005f84                __cxxabiv1::__class_type_info::~__class_type_info()
                0x08005f84                __cxxabiv1::__class_type_info::~__class_type_info()
 .text._ZN10__cxxabiv117__class_type_infoD0Ev
                0x08005f98       0x14 /opt/ST/STM32CubeCLT_1.16.0/GNU-tools-for-STM32/bin/../lib/gcc/arm-none-eabi/12.3.1/../../../../arm-none-eabi/lib/thumb/v7e-m+fp/hard/libstdc++_nano.a(class_type_info.o)
                0x08005f98                __cxxabiv1::__class_type_info::~__class_type_info()
 .text._ZNK10__cxxabiv117__class_type_info12__do_dyncastEiNS0_10__sub_kindEPKS0_PKvS3_S5_RNS0_16__dyncast_resultE
                0x08005fac       0x3e /opt/ST/STM32CubeCLT_1.16.0/GNU-tools-for-STM32/bin/../lib/gcc/arm-none-eabi/12.3.1/../../../../arm-none-eabi/lib/thumb/v7e-m+fp/hard/libstdc++_nano.a(class_type_info.o)
                0x08005fac                __cxxabiv1::__class_type_info::__do_dyncast(int, __cxxabiv1::__class_type_info::__sub_kind, __cxxabiv1::__class_type_info const*, void const*, __cxxabiv1::__class_type_info const*, void const*, __cxxabiv1::__class_type_info::__dyncast_result&) const
 .text._ZNK10__cxxabiv117__class_type_info11__do_upcastEPKS0_PKvRNS0_15__upcast_resultE
                0x08005fea       0x18 /opt/ST/STM32CubeCLT_1.16.0/GNU-tools-for-STM32/bin/../lib/gcc/arm-none-eabi/12.3.1/../../../../arm-none-eabi/lib/thumb/v7e-m+fp/hard/libstdc++_nano.a(class_type_info.o)
                0x08005fea                __cxxabiv1::__class_type_info::__do_upcast(__cxxabiv1::__class_type_info const*, void const*, __cxxabiv1::__class_type_info::__upcast_result&) const
 .text._ZNK10__cxxabiv117__class_type_info10__do_catchEPKSt9type_infoPPvj
                0x08006002       0x2a /opt/ST/STM32CubeCLT_1.16.0/GNU-tools-for-STM32/bin/../lib/gcc/arm-none-eabi/12.3.1/../../../../arm-none-eabi/lib/thumb/v7e-m+fp/hard/libstdc++_nano.a(class_type_info.o)
                0x08006002                __cxxabiv1::__class_type_info::__do_catch(std::type_info const*, void**, unsigned int) const
 .text._ZdlPv   0x0800602c        0x4 /opt/ST/STM32CubeCLT_1.16.0/GNU-tools-for-STM32/bin/../lib/gcc/arm-none-eabi/12.3.1/../../../../arm-none-eabi/lib/thumb/v7e-m+fp/hard/libstdc++_nano.a(del_op.o)
                0x0800602c                operator delete(void*)
 .text._ZdlPvj  0x08006030        0x4 /opt/ST/STM32CubeCLT_1.16.0/GNU-tools-for-STM32/bin/../lib/gcc/arm-none-eabi/12.3.1/../../../../arm-none-eabi/lib/thumb/v7e-m+fp/hard/libstdc++_nano.a(del_ops.o)
                0x08006030                operator delete(void*, unsigned int)
 .text._ZN10__cxxabiv1L24__is_gxx_exception_classEPc
                0x08006034       0x3a /opt/ST/STM32CubeCLT_1.16.0/GNU-tools-for-STM32/bin/../lib/gcc/arm-none-eabi/12.3.1/../../../../arm-none-eabi/lib/thumb/v7e-m+fp/hard/libstdc++_nano.a(eh_call.o)
 .text.__cxa_call_terminate
                0x0800606e       0x1e /opt/ST/STM32CubeCLT_1.16.0/GNU-tools-for-STM32/bin/../lib/gcc/arm-none-eabi/12.3.1/../../../../arm-none-eabi/lib/thumb/v7e-m+fp/hard/libstdc++_nano.a(eh_call.o)
                0x0800606e                __cxa_call_terminate
 .text.__cxa_call_unexpected
                0x0800608c       0x28 /opt/ST/STM32CubeCLT_1.16.0/GNU-tools-for-STM32/bin/../lib/gcc/arm-none-eabi/12.3.1/../../../../arm-none-eabi/lib/thumb/v7e-m+fp/hard/libstdc++_nano.a(eh_call.o)
                0x0800608c                __cxa_call_unexpected
 .text._ZN10__cxxabiv1L24__is_gxx_exception_classEPc
                0x080060b4       0x3a /opt/ST/STM32CubeCLT_1.16.0/GNU-tools-for-STM32/bin/../lib/gcc/arm-none-eabi/12.3.1/../../../../arm-none-eabi/lib/thumb/v7e-m+fp/hard/libstdc++_nano.a(eh_catch.o)
 .text.__cxa_begin_catch
                0x080060ee       0x52 /opt/ST/STM32CubeCLT_1.16.0/GNU-tools-for-STM32/bin/../lib/gcc/arm-none-eabi/12.3.1/../../../../arm-none-eabi/lib/thumb/v7e-m+fp/hard/libstdc++_nano.a(eh_catch.o)
                0x080060ee                __cxa_begin_catch
 .text._Znwj    0x08006140       0x22 /opt/ST/STM32CubeCLT_1.16.0/GNU-tools-for-STM32/bin/../lib/gcc/arm-none-eabi/12.3.1/../../../../arm-none-eabi/lib/thumb/v7e-m+fp/hard/libstdc++_nano.a(new_op.o)
                0x08006140                operator new(unsigned int)
 *fill*         0x08006162        0x2 
 .text._ZSt15get_new_handlerv
                0x08006164       0x10 /opt/ST/STM32CubeCLT_1.16.0/GNU-tools-for-STM32/bin/../lib/gcc/arm-none-eabi/12.3.1/../../../../arm-none-eabi/lib/thumb/v7e-m+fp/hard/libstdc++_nano.a(new_handler.o)
                0x08006164                std::get_new_handler()
 .text.unlikely
                0x08006174        0xc /opt/ST/STM32CubeCLT_1.16.0/GNU-tools-for-STM32/bin/../lib/gcc/arm-none-eabi/12.3.1/thumb/v7e-m+fp/hard/libgcc.a(pr-support.o)
                0x08006174                _Unwind_GetDataRelBase
                0x0800617a                _Unwind_GetTextRelBase
 .text.abort    0x08006180        0xe /opt/ST/STM32CubeCLT_1.16.0/GNU-tools-for-STM32/bin/../lib/gcc/arm-none-eabi/12.3.1/../../../../arm-none-eabi/lib/thumb/v7e-m+fp/hard/libc_nano.a(libc_a-abort.o)
                0x08006180                abort
 *fill*         0x0800618e        0x2 
 .text.malloc   0x08006190       0x10 /opt/ST/STM32CubeCLT_1.16.0/GNU-tools-for-STM32/bin/../lib/gcc/arm-none-eabi/12.3.1/../../../../arm-none-eabi/lib/thumb/v7e-m+fp/hard/libc_nano.a(libc_a-malloc.o)
                0x08006190                malloc
 .text.free     0x080061a0       0x10 /opt/ST/STM32CubeCLT_1.16.0/GNU-tools-for-STM32/bin/../lib/gcc/arm-none-eabi/12.3.1/../../../../arm-none-eabi/lib/thumb/v7e-m+fp/hard/libc_nano.a(libc_a-malloc.o)
                0x080061a0                free
 .text._raise_r
                0x080061b0       0x50 /opt/ST/STM32CubeCLT_1.16.0/GNU-tools-for-STM32/bin/../lib/gcc/arm-none-eabi/12.3.1/../../../../arm-none-eabi/lib/thumb/v7e-m+fp/hard/libc_nano.a(libc_a-signal.o)
                0x080061b0                _raise_r
 .text.raise    0x08006200       0x10 /opt/ST/STM32CubeCLT_1.16.0/GNU-tools-for-STM32/bin/../lib/gcc/arm-none-eabi/12.3.1/../../../../arm-none-eabi/lib/thumb/v7e-m+fp/hard/libc_nano.a(libc_a-signal.o)
                0x08006200                raise
 .text._kill_r  0x08006210       0x24 /opt/ST/STM32CubeCLT_1.16.0/GNU-tools-for-STM32/bin/../lib/gcc/arm-none-eabi/12.3.1/../../../../arm-none-eabi/lib/thumb/v7e-m+fp/hard/libc_nano.a(libc_a-signalr.o)
                0x08006210                _kill_r
 .text._getpid_r
                0x08006234        0x4 /opt/ST/STM32CubeCLT_1.16.0/GNU-tools-for-STM32/bin/../lib/gcc/arm-none-eabi/12.3.1/../../../../arm-none-eabi/lib/thumb/v7e-m+fp/hard/libc_nano.a(libc_a-signalr.o)
                0x08006234                _getpid_r
 .text.memcpy   0x08006238       0x1c /opt/ST/STM32CubeCLT_1.16.0/GNU-tools-for-STM32/bin/../lib/gcc/arm-none-eabi/12.3.1/../../../../arm-none-eabi/lib/thumb/v7e-m+fp/hard/libc_nano.a(libc_a-memcpy-stub.o)
                0x08006238                memcpy
 *(.glue_7)
 .glue_7        0x08006254        0x0 linker stubs
 *(.glue_7t)
 .glue_7t       0x08006254        0x0 linker stubs
 *(.eh_frame)
 .eh_frame      0x08006254        0x0 /opt/ST/STM32CubeCLT_1.16.0/GNU-tools-for-STM32/bin/../lib/gcc/arm-none-eabi/12.3.1/thumb/v7e-m+fp/hard/crtbegin.o
 *(.init)
 .init          0x08006254        0x4 /opt/ST/STM32CubeCLT_1.16.0/GNU-tools-for-STM32/bin/../lib/gcc/arm-none-eabi/12.3.1/thumb/v7e-m+fp/hard/crti.o
                0x08006254                _init
 .init          0x08006258        0x8 /opt/ST/STM32CubeCLT_1.16.0/GNU-tools-for-STM32/bin/../lib/gcc/arm-none-eabi/12.3.1/thumb/v7e-m+fp/hard/crtn.o
 *(.fini)
 .fini          0x08006260        0x4 /opt/ST/STM32CubeCLT_1.16.0/GNU-tools-for-STM32/bin/../lib/gcc/arm-none-eabi/12.3.1/thumb/v7e-m+fp/hard/crti.o
                0x08006260                _fini
 .fini          0x08006264        0x8 /opt/ST/STM32CubeCLT_1.16.0/GNU-tools-for-STM32/bin/../lib/gcc/arm-none-eabi/12.3.1/thumb/v7e-m+fp/hard/crtn.o
                0x0800626c                        . = ALIGN (0x4)
                0x0800626c                        _etext = .

.vfp11_veneer   0x0800626c        0x0
 .vfp11_veneer  0x0800626c        0x0 linker stubs

.v4_bx          0x0800626c        0x0
 .v4_bx         0x0800626c        0x0 linker stubs

.iplt           0x0800626c        0x0
 .iplt          0x0800626c        0x0 /opt/ST/STM32CubeCLT_1.16.0/GNU-tools-for-STM32/bin/../lib/gcc/arm-none-eabi/12.3.1/thumb/v7e-m+fp/hard/crtbegin.o

.rodata         0x0800626c      0x14c
                0x0800626c                        . = ALIGN (0x4)
 *(.rodata)
 .rodata        0x0800626c        0x4 build/encoder.o
 *(.rodata*)
 .rodata.flagBitshiftOffset.0
                0x08006270        0x8 build/stm32f4xx_hal_dma.o
 .rodata.APBPrescTable
                0x08006278        0x8 build/system_stm32f4xx.o
                0x08006278                APBPrescTable
 .rodata.AHBPrescTable
                0x08006280       0x10 build/system_stm32f4xx.o
                0x08006280                AHBPrescTable
 .rodata._ZTSN10__cxxabiv115__forced_unwindE
                0x08006290       0x20 /opt/ST/STM32CubeCLT_1.16.0/GNU-tools-for-STM32/bin/../lib/gcc/arm-none-eabi/12.3.1/../../../../arm-none-eabi/lib/thumb/v7e-m+fp/hard/libstdc++_nano.a(eh_exception.o)
                0x08006290                typeinfo name for __cxxabiv1::__forced_unwind
 .rodata._ZTIN10__cxxabiv115__forced_unwindE
                0x080062b0        0x8 /opt/ST/STM32CubeCLT_1.16.0/GNU-tools-for-STM32/bin/../lib/gcc/arm-none-eabi/12.3.1/../../../../arm-none-eabi/lib/thumb/v7e-m+fp/hard/libstdc++_nano.a(eh_exception.o)
                0x080062b0                typeinfo for __cxxabiv1::__forced_unwind
 .rodata._ZTSN10__cxxabiv119__foreign_exceptionE
                0x080062b8       0x24 /opt/ST/STM32CubeCLT_1.16.0/GNU-tools-for-STM32/bin/../lib/gcc/arm-none-eabi/12.3.1/../../../../arm-none-eabi/lib/thumb/v7e-m+fp/hard/libstdc++_nano.a(eh_exception.o)
                0x080062b8                typeinfo name for __cxxabiv1::__foreign_exception
 .rodata._ZTIN10__cxxabiv119__foreign_exceptionE
                0x080062dc        0x8 /opt/ST/STM32CubeCLT_1.16.0/GNU-tools-for-STM32/bin/../lib/gcc/arm-none-eabi/12.3.1/../../../../arm-none-eabi/lib/thumb/v7e-m+fp/hard/libstdc++_nano.a(eh_exception.o)
                0x080062dc                typeinfo for __cxxabiv1::__foreign_exception
 .rodata._ZTSN10__cxxabiv120__si_class_type_infoE
                0x080062e4       0x25 /opt/ST/STM32CubeCLT_1.16.0/GNU-tools-for-STM32/bin/../lib/gcc/arm-none-eabi/12.3.1/../../../../arm-none-eabi/lib/thumb/v7e-m+fp/hard/libstdc++_nano.a(si_class_type_info.o)
                0x080062e4                typeinfo name for __cxxabiv1::__si_class_type_info
 *fill*         0x08006309        0x3 
 .rodata._ZTIN10__cxxabiv120__si_class_type_infoE
                0x0800630c        0xc /opt/ST/STM32CubeCLT_1.16.0/GNU-tools-for-STM32/bin/../lib/gcc/arm-none-eabi/12.3.1/../../../../arm-none-eabi/lib/thumb/v7e-m+fp/hard/libstdc++_nano.a(si_class_type_info.o)
                0x0800630c                typeinfo for __cxxabiv1::__si_class_type_info
 .rodata._ZTVN10__cxxabiv120__si_class_type_infoE
                0x08006318       0x2c /opt/ST/STM32CubeCLT_1.16.0/GNU-tools-for-STM32/bin/../lib/gcc/arm-none-eabi/12.3.1/../../../../arm-none-eabi/lib/thumb/v7e-m+fp/hard/libstdc++_nano.a(si_class_type_info.o)
                0x08006318                vtable for __cxxabiv1::__si_class_type_info
 .rodata._ZTSSt9type_info
                0x08006344        0xd /opt/ST/STM32CubeCLT_1.16.0/GNU-tools-for-STM32/bin/../lib/gcc/arm-none-eabi/12.3.1/../../../../arm-none-eabi/lib/thumb/v7e-m+fp/hard/libstdc++_nano.a(tinfo.o)
                0x08006344                typeinfo name for std::type_info
 *fill*         0x08006351        0x3 
 .rodata._ZTISt9type_info
                0x08006354        0x8 /opt/ST/STM32CubeCLT_1.16.0/GNU-tools-for-STM32/bin/../lib/gcc/arm-none-eabi/12.3.1/../../../../arm-none-eabi/lib/thumb/v7e-m+fp/hard/libstdc++_nano.a(tinfo.o)
                0x08006354                typeinfo for std::type_info
 .rodata._ZTSN10__cxxabiv117__class_type_infoE
                0x0800635c       0x22 /opt/ST/STM32CubeCLT_1.16.0/GNU-tools-for-STM32/bin/../lib/gcc/arm-none-eabi/12.3.1/../../../../arm-none-eabi/lib/thumb/v7e-m+fp/hard/libstdc++_nano.a(class_type_info.o)
                0x0800635c                typeinfo name for __cxxabiv1::__class_type_info
 *fill*         0x0800637e        0x2 
 .rodata._ZTIN10__cxxabiv117__class_type_infoE
                0x08006380        0xc /opt/ST/STM32CubeCLT_1.16.0/GNU-tools-for-STM32/bin/../lib/gcc/arm-none-eabi/12.3.1/../../../../arm-none-eabi/lib/thumb/v7e-m+fp/hard/libstdc++_nano.a(class_type_info.o)
                0x08006380                typeinfo for __cxxabiv1::__class_type_info
 .rodata._ZTVN10__cxxabiv117__class_type_infoE
                0x0800638c       0x2c /opt/ST/STM32CubeCLT_1.16.0/GNU-tools-for-STM32/bin/../lib/gcc/arm-none-eabi/12.3.1/../../../../arm-none-eabi/lib/thumb/v7e-m+fp/hard/libstdc++_nano.a(class_type_info.o)
                0x0800638c                vtable for __cxxabiv1::__class_type_info
                0x080063b8                        . = ALIGN (0x4)

.ARM.extab      0x080063b8       0x70
 *(.ARM.extab* .gnu.linkonce.armextab.*)
 .ARM.extab.text._ZN8HardwareD2Ev
                0x080063b8        0x0 build/app.o
 .ARM.extab.text.setup
                0x080063b8        0xc build/app.o
 .ARM.extab.text._ZN5Timer7read_usEv
                0x080063c4        0xc build/Timer.o
 .ARM.extab.text._ZN14BufferedSerial9availableEv
                0x080063d0        0x0 build/hardware.o
 .ARM.extab.text._ZN14BufferedSerial4readEv
                0x080063d0        0x0 build/hardware.o
 .ARM.extab.text._ZN8HardwareC2Ev
                0x080063d0       0x1c build/hardware.o
 .ARM.extab.text._ZN4Line7ComputeEv
                0x080063ec        0xc build/line.o
 .ARM.extab.text._ZN4Line5OnLedEv
                0x080063f8        0xc build/line.o
 .ARM.extab.text._ZN4Line6OffLedEv
                0x08006404        0xc build/line.o
 .ARM.extab     0x08006410       0x18 /opt/ST/STM32CubeCLT_1.16.0/GNU-tools-for-STM32/bin/../lib/gcc/arm-none-eabi/12.3.1/thumb/v7e-m+fp/hard/libgcc.a(pr-support.o)

.ARM            0x08006428      0x160
                0x08006428                        __exidx_start = .
 *(.ARM.exidx*)
 .ARM.exidx     0x08006428        0x8 /opt/ST/STM32CubeCLT_1.16.0/GNU-tools-for-STM32/bin/../lib/gcc/arm-none-eabi/12.3.1/thumb/v7e-m+fp/hard/libgcc.a(_udivmoddi4.o)
 .ARM.exidx     0x08006430       0x78 /opt/ST/STM32CubeCLT_1.16.0/GNU-tools-for-STM32/bin/../lib/gcc/arm-none-eabi/12.3.1/thumb/v7e-m+fp/hard/libgcc.a(unwind-arm.o)
                                 0xd8 (size before relaxing)
 .ARM.exidx     0x080064a8       0x38 /opt/ST/STM32CubeCLT_1.16.0/GNU-tools-for-STM32/bin/../lib/gcc/arm-none-eabi/12.3.1/thumb/v7e-m+fp/hard/libgcc.a(pr-support.o)
 .ARM.exidx     0x080064e0        0x0 /opt/ST/STM32CubeCLT_1.16.0/GNU-tools-for-STM32/bin/../lib/gcc/arm-none-eabi/12.3.1/../../../../arm-none-eabi/lib/thumb/v7e-m+fp/hard/libc_nano.a(libc_a-strcmp.o)
                                  0x8 (size before relaxing)
 .ARM.exidx.text._Z41__static_initialization_and_destruction_0ii
                0x080064e0        0x0 build/app.o
                                  0x8 (size before relaxing)
 .ARM.exidx.text._ZN8HardwareD2Ev
                0x080064e0        0x0 build/app.o
                                  0x8 (size before relaxing)
 .ARM.exidx.text.setup
                0x080064e0        0x8 build/app.o
 .ARM.exidx.text.main_app
                0x080064e8        0x8 build/app.o
 .ARM.exidx.text._GLOBAL__sub_I_hardware
                0x080064f0        0x8 build/app.o
 .ARM.exidx.text._ZN9MovingAve9SetLengthEh
                0x080064f8        0x0 build/MovingAve.o
                                  0x8 (size before relaxing)
 .ARM.exidx.text._ZN9MovingAve7ComputeEf
                0x080064f8        0x0 build/MovingAve.o
                                  0x8 (size before relaxing)
 .ARM.exidx.text._ZN9MovingAve3GetEv
                0x080064f8        0x0 build/MovingAve.o
                                  0x8 (size before relaxing)
 .ARM.exidx.text.NormalizeDeg180
                0x080064f8        0x0 build/MyMath.o
                                  0x8 (size before relaxing)
 .ARM.exidx.text._ZN5TimerC2Ev
                0x080064f8        0x0 build/Timer.o
                                  0x8 (size before relaxing)
 .ARM.exidx.text._ZN5Timer5resetEv
                0x080064f8        0x0 build/Timer.o
                                  0x8 (size before relaxing)
 .ARM.exidx.text._ZN5Timer4readEv
                0x080064f8        0x8 build/Timer.o
 .ARM.exidx.text._ZN5Timer7read_usEv
                0x08006500        0x8 build/Timer.o
 .ARM.exidx.text._ZN7EncoderC2EP10DigitalOutPh
                0x08006508        0x8 build/encoder.o
 .ARM.exidx.text._ZN7Encoder4ReadEv
                0x08006510        0x8 build/encoder.o
 .ARM.exidx.text._ZN7Encoder11GetMotorRPSEh
                0x08006518        0x8 build/encoder.o
 .ARM.exidx.text._ZN14BufferedSerial9availableEv
                0x08006520        0x8 build/hardware.o
 .ARM.exidx.text._ZN14BufferedSerial4readEv
                0x08006528        0x8 build/hardware.o
 .ARM.exidx.text._ZN8HardwareC2Ev
                0x08006530        0x8 build/hardware.o
 .ARM.exidx.text._ZN8Hardware4InitEv
                0x08006538        0x8 build/hardware.o
 .ARM.exidx.text._ZN8Hardware10GetSensorsEv
                0x08006540        0x0 build/hardware.o
                                  0x8 (size before relaxing)
 .ARM.exidx.text._ZN8Hardware8MainUartEv
                0x08006540        0x8 build/hardware.o
 .ARM.exidx.text._ZN4LineC2EP10DigitalOutS1_S1_S1_S1_S1_S1_PhS2_S2_S2_S2_S2_S2_S2_
                0x08006548        0x8 build/line.o
 .ARM.exidx.text._ZN4Line4ReadEv
                0x08006550        0x8 build/line.o
 .ARM.exidx.text._ZN4Line7ComputeEv
                0x08006558        0x8 build/line.o
 .ARM.exidx.text._ZN4Line8IsOnLineEv
                0x08006560        0x8 build/line.o
 .ARM.exidx.text._ZN4Line5OnLedEv
                0x08006568        0x8 build/line.o
 .ARM.exidx.text._ZN4Line6OffLedEv
                0x08006570        0x8 build/line.o
 .ARM.exidx.text._ZN4Line5SetThEv
                0x08006578       0x10 build/line.o
                                  0x8 (size before relaxing)
 .ARM.exidx.text.unlikely
                0x08006588        0x0 /opt/ST/STM32CubeCLT_1.16.0/GNU-tools-for-STM32/bin/../lib/gcc/arm-none-eabi/12.3.1/thumb/v7e-m+fp/hard/libgcc.a(pr-support.o)
                                 0x10 (size before relaxing)
                0x08006588                        __exidx_end = .

.rel.dyn        0x08006588        0x0
 .rel.iplt      0x08006588        0x0 /opt/ST/STM32CubeCLT_1.16.0/GNU-tools-for-STM32/bin/../lib/gcc/arm-none-eabi/12.3.1/thumb/v7e-m+fp/hard/crtbegin.o

.preinit_array  0x08006588        0x0
                0x08006588                        PROVIDE (__preinit_array_start = .)
 *(.preinit_array*)
                0x08006588                        PROVIDE (__preinit_array_end = .)

.init_array     0x08006588        0xc
                0x08006588                        PROVIDE (__init_array_start = .)
 *(SORT_BY_NAME(.init_array.*))
 *(.init_array*)
 .init_array    0x08006588        0x4 /opt/ST/STM32CubeCLT_1.16.0/GNU-tools-for-STM32/bin/../lib/gcc/arm-none-eabi/12.3.1/thumb/v7e-m+fp/hard/crtbegin.o
 .init_array    0x0800658c        0x4 build/app.o
 .init_array    0x08006590        0x4 /opt/ST/STM32CubeCLT_1.16.0/GNU-tools-for-STM32/bin/../lib/gcc/arm-none-eabi/12.3.1/../../../../arm-none-eabi/lib/thumb/v7e-m+fp/hard/libstdc++_nano.a(eh_globals.o)
                0x08006594                        PROVIDE (__init_array_end = .)

.fini_array     0x08006594        0x4
                [!provide]                        PROVIDE (__fini_array_start = .)
 *(SORT_BY_NAME(.fini_array.*))
 *(.fini_array*)
 .fini_array    0x08006594        0x4 /opt/ST/STM32CubeCLT_1.16.0/GNU-tools-for-STM32/bin/../lib/gcc/arm-none-eabi/12.3.1/thumb/v7e-m+fp/hard/crtbegin.o
                [!provide]                        PROVIDE (__fini_array_end = .)
                0x08006598                        _sidata = LOADADDR (.data)

.data           0x20000000       0x68 load address 0x08006598
                0x20000000                        . = ALIGN (0x4)
                0x20000000                        _sdata = .
 *(.data)
 .data          0x20000000        0x4 /opt/ST/STM32CubeCLT_1.16.0/GNU-tools-for-STM32/bin/../lib/gcc/arm-none-eabi/12.3.1/thumb/v7e-m+fp/hard/crtbegin.o
                0x20000000                __dso_handle
 *(.data*)
 .data.uwTickFreq
                0x20000004        0x1 build/stm32f4xx_hal.o
                0x20000004                uwTickFreq
 *fill*         0x20000005        0x3 
 .data.uwTickPrio
                0x20000008        0x4 build/stm32f4xx_hal.o
                0x20000008                uwTickPrio
 .data.SystemCoreClock
                0x2000000c        0x4 build/system_stm32f4xx.o
                0x2000000c                SystemCoreClock
 .data._impure_ptr
                0x20000010        0x4 /opt/ST/STM32CubeCLT_1.16.0/GNU-tools-for-STM32/bin/../lib/gcc/arm-none-eabi/12.3.1/../../../../arm-none-eabi/lib/thumb/v7e-m+fp/hard/libc_nano.a(libc_a-impure.o)
                0x20000010                _impure_ptr
 .data._impure_data
                0x20000014       0x4c /opt/ST/STM32CubeCLT_1.16.0/GNU-tools-for-STM32/bin/../lib/gcc/arm-none-eabi/12.3.1/../../../../arm-none-eabi/lib/thumb/v7e-m+fp/hard/libc_nano.a(libc_a-impure.o)
                0x20000014                _impure_data
 .data._ZN10__cxxabiv120__unexpected_handlerE
                0x20000060        0x4 /opt/ST/STM32CubeCLT_1.16.0/GNU-tools-for-STM32/bin/../lib/gcc/arm-none-eabi/12.3.1/../../../../arm-none-eabi/lib/thumb/v7e-m+fp/hard/libstdc++_nano.a(eh_unex_handler.o)
                0x20000060                __cxxabiv1::__unexpected_handler
 .data._ZN10__cxxabiv119__terminate_handlerE
                0x20000064        0x4 /opt/ST/STM32CubeCLT_1.16.0/GNU-tools-for-STM32/bin/../lib/gcc/arm-none-eabi/12.3.1/../../../../arm-none-eabi/lib/thumb/v7e-m+fp/hard/libstdc++_nano.a(eh_term_handler.o)
                0x20000064                __cxxabiv1::__terminate_handler
                0x20000068                        . = ALIGN (0x4)
                0x20000068                        _edata = .

.igot.plt       0x20000068        0x0 load address 0x08006600
 .igot.plt      0x20000068        0x0 /opt/ST/STM32CubeCLT_1.16.0/GNU-tools-for-STM32/bin/../lib/gcc/arm-none-eabi/12.3.1/thumb/v7e-m+fp/hard/crtbegin.o
                0x20000068                        . = ALIGN (0x4)

.bss            0x20000068     0x12e0 load address 0x08006600
                0x20000068                        _sbss = .
                0x20000068                        __bss_start__ = _sbss
 *(.bss)
 .bss           0x20000068       0x1c /opt/ST/STM32CubeCLT_1.16.0/GNU-tools-for-STM32/bin/../lib/gcc/arm-none-eabi/12.3.1/thumb/v7e-m+fp/hard/crtbegin.o
 *(.bss*)
 .bss.hdma_adc1
                0x20000084       0x60 build/adc.o
                0x20000084                hdma_adc1
 .bss.hadc1     0x200000e4       0x48 build/adc.o
                0x200000e4                hadc1
 .bss.hdma_usart6_tx
                0x2000012c       0x60 build/usart.o
                0x2000012c                hdma_usart6_tx
 .bss.hdma_usart6_rx
                0x2000018c       0x60 build/usart.o
                0x2000018c                hdma_usart6_rx
 .bss.huart6    0x200001ec       0x48 build/usart.o
                0x200001ec                huart6
 .bss.uwTick    0x20000234        0x4 build/stm32f4xx_hal.o
                0x20000234                uwTick
 .bss.__sbrk_heap_end
                0x20000238        0x4 build/sysmem.o
 .bss.is_rightside_white
                0x2000023c        0x1 build/app.o
                0x2000023c                is_rightside_white
 .bss.is_leftside_white
                0x2000023d        0x1 build/app.o
                0x2000023d                is_leftside_white
 .bss.is_on_line
                0x2000023e        0x1 build/app.o
                0x2000023e                is_on_line
 .bss.is_half_out
                0x2000023f        0x1 build/app.o
                0x2000023f                is_half_out
 .bss.max_interval
                0x20000240        0x1 build/app.o
                0x20000240                max_interval
 *fill*         0x20000241        0x1 
 .bss.dir       0x20000242        0x2 build/app.o
                0x20000242                dir
 .bss.encoder   0x20000244       0x10 build/app.o
                0x20000244                encoder
 .bss.process_freq
                0x20000254        0x4 build/app.o
                0x20000254                process_freq
 .bss.process_time_
                0x20000258        0x2 build/app.o
                0x20000258                process_time_
 *fill*         0x2000025a        0x2 
 .bss.process_timer
                0x2000025c        0x4 build/app.o
                0x2000025c                process_timer
 .bss.hardware  0x20000260      0xf70 build/app.o
                0x20000260                hardware
 .bss._ZZN8Hardware8MainUartEvE9recv_byte
                0x200011d0        0x1 build/hardware.o
 *fill*         0x200011d1        0x3 
 .bss._ZZN8Hardware8MainUartEvE9recv_data
                0x200011d4        0x2 build/hardware.o
 .bss._ZZN8Hardware8MainUartEvE5index
                0x200011d6        0x1 build/hardware.o
 *fill*         0x200011d7        0x1 
 .bss.adc_get_val
                0x200011d8       0x18 build/hardware.o
                0x200011d8                adc_get_val
 .bss.__sf      0x200011f0      0x138 /opt/ST/STM32CubeCLT_1.16.0/GNU-tools-for-STM32/bin/../lib/gcc/arm-none-eabi/12.3.1/../../../../arm-none-eabi/lib/thumb/v7e-m+fp/hard/libc_nano.a(libc_a-findfp.o)
                0x200011f0                __sf
 .bss.__lock___malloc_recursive_mutex
                0x20001328        0x1 /opt/ST/STM32CubeCLT_1.16.0/GNU-tools-for-STM32/bin/../lib/gcc/arm-none-eabi/12.3.1/../../../../arm-none-eabi/lib/thumb/v7e-m+fp/hard/libc_nano.a(libc_a-lock.o)
                0x20001328                __lock___malloc_recursive_mutex
 *fill*         0x20001329        0x3 
 .bss.__malloc_sbrk_start
                0x2000132c        0x4 /opt/ST/STM32CubeCLT_1.16.0/GNU-tools-for-STM32/bin/../lib/gcc/arm-none-eabi/12.3.1/../../../../arm-none-eabi/lib/thumb/v7e-m+fp/hard/libc_nano.a(libc_a-mallocr.o)
                0x2000132c                __malloc_sbrk_start
 .bss.__malloc_free_list
                0x20001330        0x4 /opt/ST/STM32CubeCLT_1.16.0/GNU-tools-for-STM32/bin/../lib/gcc/arm-none-eabi/12.3.1/../../../../arm-none-eabi/lib/thumb/v7e-m+fp/hard/libc_nano.a(libc_a-mallocr.o)
                0x20001330                __malloc_free_list
 .bss.errno     0x20001334        0x4 /opt/ST/STM32CubeCLT_1.16.0/GNU-tools-for-STM32/bin/../lib/gcc/arm-none-eabi/12.3.1/../../../../arm-none-eabi/lib/thumb/v7e-m+fp/hard/libc_nano.a(libc_a-reent.o)
                0x20001334                errno
 .bss._ZN12_GLOBAL__N_110eh_globalsE
                0x20001338        0xc /opt/ST/STM32CubeCLT_1.16.0/GNU-tools-for-STM32/bin/../lib/gcc/arm-none-eabi/12.3.1/../../../../arm-none-eabi/lib/thumb/v7e-m+fp/hard/libstdc++_nano.a(eh_globals.o)
 .bss._ZN12_GLOBAL__N_113__new_handlerE
                0x20001344        0x4 /opt/ST/STM32CubeCLT_1.16.0/GNU-tools-for-STM32/bin/../lib/gcc/arm-none-eabi/12.3.1/../../../../arm-none-eabi/lib/thumb/v7e-m+fp/hard/libstdc++_nano.a(new_handler.o)
 *(COMMON)
                0x20001348                        . = ALIGN (0x4)
                0x20001348                        _ebss = .
                0x20001348                        __bss_end__ = _ebss

._user_heap_stack
                0x20001348      0x600 load address 0x08006600
                0x20001348                        . = ALIGN (0x8)
                [!provide]                        PROVIDE (end = .)
                0x20001348                        PROVIDE (_end = .)
                0x20001548                        . = (. + _Min_Heap_Size)
 *fill*         0x20001348      0x200 
                0x20001948                        . = (. + _Min_Stack_Size)
 *fill*         0x20001548      0x400 
                0x20001948                        . = ALIGN (0x8)

/DISCARD/
 libc.a(*)
 libm.a(*)
 libgcc.a(*)

.ARM.attributes
                0x00000000       0x30
 *(.ARM.attributes)
 .ARM.attributes
                0x00000000       0x22 /opt/ST/STM32CubeCLT_1.16.0/GNU-tools-for-STM32/bin/../lib/gcc/arm-none-eabi/12.3.1/thumb/v7e-m+fp/hard/crti.o
 .ARM.attributes
                0x00000022       0x34 /opt/ST/STM32CubeCLT_1.16.0/GNU-tools-for-STM32/bin/../lib/gcc/arm-none-eabi/12.3.1/thumb/v7e-m+fp/hard/crtbegin.o
 .ARM.attributes
                0x00000056       0x34 build/main.o
 .ARM.attributes
                0x0000008a       0x34 build/gpio.o
 .ARM.attributes
                0x000000be       0x34 build/adc.o
 .ARM.attributes
                0x000000f2       0x34 build/dma.o
 .ARM.attributes
                0x00000126       0x34 build/usart.o
 .ARM.attributes
                0x0000015a       0x34 build/stm32f4xx_it.o
 .ARM.attributes
                0x0000018e       0x34 build/stm32f4xx_hal_msp.o
 .ARM.attributes
                0x000001c2       0x34 build/stm32f4xx_hal_adc.o
 .ARM.attributes
                0x000001f6       0x34 build/stm32f4xx_hal_rcc.o
 .ARM.attributes
                0x0000022a       0x34 build/stm32f4xx_hal_rcc_ex.o
 .ARM.attributes
                0x0000025e       0x34 build/stm32f4xx_hal_gpio.o
 .ARM.attributes
                0x00000292       0x34 build/stm32f4xx_hal_dma.o
 .ARM.attributes
                0x000002c6       0x34 build/stm32f4xx_hal_pwr_ex.o
 .ARM.attributes
                0x000002fa       0x34 build/stm32f4xx_hal_cortex.o
 .ARM.attributes
                0x0000032e       0x34 build/stm32f4xx_hal.o
 .ARM.attributes
                0x00000362       0x34 build/stm32f4xx_hal_uart.o
 .ARM.attributes
                0x00000396       0x34 build/system_stm32f4xx.o
 .ARM.attributes
                0x000003ca       0x34 build/sysmem.o
 .ARM.attributes
                0x000003fe       0x34 build/syscalls.o
 .ARM.attributes
                0x00000432       0x21 build/startup_stm32f446xx.o
 .ARM.attributes
                0x00000453       0x34 build/app.o
 .ARM.attributes
                0x00000487       0x34 build/MovingAve.o
 .ARM.attributes
                0x000004bb       0x34 build/MyMath.o
 .ARM.attributes
                0x000004ef       0x34 build/Timer.o
 .ARM.attributes
                0x00000523       0x34 build/encoder.o
 .ARM.attributes
                0x00000557       0x34 build/hardware.o
 .ARM.attributes
                0x0000058b       0x34 build/line.o
 .ARM.attributes
                0x000005bf       0x34 /opt/ST/STM32CubeCLT_1.16.0/GNU-tools-for-STM32/bin/../lib/gcc/arm-none-eabi/12.3.1/../../../../arm-none-eabi/lib/thumb/v7e-m+fp/hard/libc_nano.a(libc_a-findfp.o)
 .ARM.attributes
                0x000005f3       0x34 /opt/ST/STM32CubeCLT_1.16.0/GNU-tools-for-STM32/bin/../lib/gcc/arm-none-eabi/12.3.1/../../../../arm-none-eabi/lib/thumb/v7e-m+fp/hard/libc_nano.a(libc_a-memset.o)
 .ARM.attributes
                0x00000627       0x34 /opt/ST/STM32CubeCLT_1.16.0/GNU-tools-for-STM32/bin/../lib/gcc/arm-none-eabi/12.3.1/../../../../arm-none-eabi/lib/thumb/v7e-m+fp/hard/libc_nano.a(libc_a-impure.o)
 .ARM.attributes
                0x0000065b       0x34 /opt/ST/STM32CubeCLT_1.16.0/GNU-tools-for-STM32/bin/../lib/gcc/arm-none-eabi/12.3.1/../../../../arm-none-eabi/lib/thumb/v7e-m+fp/hard/libc_nano.a(libc_a-errno.o)
 .ARM.attributes
                0x0000068f       0x34 /opt/ST/STM32CubeCLT_1.16.0/GNU-tools-for-STM32/bin/../lib/gcc/arm-none-eabi/12.3.1/../../../../arm-none-eabi/lib/thumb/v7e-m+fp/hard/libc_nano.a(libc_a-init.o)
 .ARM.attributes
                0x000006c3       0x34 /opt/ST/STM32CubeCLT_1.16.0/GNU-tools-for-STM32/bin/../lib/gcc/arm-none-eabi/12.3.1/../../../../arm-none-eabi/lib/thumb/v7e-m+fp/hard/libc_nano.a(libc_a-lock.o)
 .ARM.attributes
                0x000006f7       0x34 /opt/ST/STM32CubeCLT_1.16.0/GNU-tools-for-STM32/bin/../lib/gcc/arm-none-eabi/12.3.1/../../../../arm-none-eabi/lib/thumb/v7e-m+fp/hard/libc_nano.a(libc_a-aeabi_atexit.o)
 .ARM.attributes
                0x0000072b       0x34 /opt/ST/STM32CubeCLT_1.16.0/GNU-tools-for-STM32/bin/../lib/gcc/arm-none-eabi/12.3.1/../../../../arm-none-eabi/lib/thumb/v7e-m+fp/hard/libc_nano.a(libc_a-mallocr.o)
 .ARM.attributes
                0x0000075f       0x34 /opt/ST/STM32CubeCLT_1.16.0/GNU-tools-for-STM32/bin/../lib/gcc/arm-none-eabi/12.3.1/../../../../arm-none-eabi/lib/thumb/v7e-m+fp/hard/libc_nano.a(libc_a-mlock.o)
 .ARM.attributes
                0x00000793       0x34 /opt/ST/STM32CubeCLT_1.16.0/GNU-tools-for-STM32/bin/../lib/gcc/arm-none-eabi/12.3.1/../../../../arm-none-eabi/lib/thumb/v7e-m+fp/hard/libc_nano.a(libc_a-reent.o)
 .ARM.attributes
                0x000007c7       0x34 /opt/ST/STM32CubeCLT_1.16.0/GNU-tools-for-STM32/bin/../lib/gcc/arm-none-eabi/12.3.1/../../../../arm-none-eabi/lib/thumb/v7e-m+fp/hard/libc_nano.a(libc_a-sbrkr.o)
 .ARM.attributes
                0x000007fb       0x34 /opt/ST/STM32CubeCLT_1.16.0/GNU-tools-for-STM32/bin/../lib/gcc/arm-none-eabi/12.3.1/../../../../arm-none-eabi/lib/thumb/v7e-m+fp/hard/libc_nano.a(libc_a-cxa_atexit.o)
 .ARM.attributes
                0x0000082f       0x34 /opt/ST/STM32CubeCLT_1.16.0/GNU-tools-for-STM32/bin/../lib/gcc/arm-none-eabi/12.3.1/../../../../arm-none-eabi/lib/thumb/v7e-m+fp/hard/libc_nano.a(libc_a-freer.o)
 .ARM.attributes
                0x00000863       0x34 /opt/ST/STM32CubeCLT_1.16.0/GNU-tools-for-STM32/bin/../lib/gcc/arm-none-eabi/12.3.1/../../../../arm-none-eabi/lib/thumb/v7e-m+fp/hard/libstdc++_nano.a(del_opv.o)
 .ARM.attributes
                0x00000897       0x34 /opt/ST/STM32CubeCLT_1.16.0/GNU-tools-for-STM32/bin/../lib/gcc/arm-none-eabi/12.3.1/../../../../arm-none-eabi/lib/thumb/v7e-m+fp/hard/libstdc++_nano.a(eh_arm.o)
 .ARM.attributes
                0x000008cb       0x34 /opt/ST/STM32CubeCLT_1.16.0/GNU-tools-for-STM32/bin/../lib/gcc/arm-none-eabi/12.3.1/../../../../arm-none-eabi/lib/thumb/v7e-m+fp/hard/libstdc++_nano.a(eh_exception.o)
 .ARM.attributes
                0x000008ff       0x34 /opt/ST/STM32CubeCLT_1.16.0/GNU-tools-for-STM32/bin/../lib/gcc/arm-none-eabi/12.3.1/../../../../arm-none-eabi/lib/thumb/v7e-m+fp/hard/libstdc++_nano.a(eh_globals.o)
 .ARM.attributes
                0x00000933       0x34 /opt/ST/STM32CubeCLT_1.16.0/GNU-tools-for-STM32/bin/../lib/gcc/arm-none-eabi/12.3.1/../../../../arm-none-eabi/lib/thumb/v7e-m+fp/hard/libstdc++_nano.a(eh_personality.o)
 .ARM.attributes
                0x00000967       0x34 /opt/ST/STM32CubeCLT_1.16.0/GNU-tools-for-STM32/bin/../lib/gcc/arm-none-eabi/12.3.1/../../../../arm-none-eabi/lib/thumb/v7e-m+fp/hard/libstdc++_nano.a(eh_terminate.o)
 .ARM.attributes
                0x0000099b       0x34 /opt/ST/STM32CubeCLT_1.16.0/GNU-tools-for-STM32/bin/../lib/gcc/arm-none-eabi/12.3.1/../../../../arm-none-eabi/lib/thumb/v7e-m+fp/hard/libstdc++_nano.a(eh_unex_handler.o)
 .ARM.attributes
                0x000009cf       0x34 /opt/ST/STM32CubeCLT_1.16.0/GNU-tools-for-STM32/bin/../lib/gcc/arm-none-eabi/12.3.1/../../../../arm-none-eabi/lib/thumb/v7e-m+fp/hard/libstdc++_nano.a(new_opv.o)
 .ARM.attributes
                0x00000a03       0x34 /opt/ST/STM32CubeCLT_1.16.0/GNU-tools-for-STM32/bin/../lib/gcc/arm-none-eabi/12.3.1/../../../../arm-none-eabi/lib/thumb/v7e-m+fp/hard/libstdc++_nano.a(si_class_type_info.o)
 .ARM.attributes
                0x00000a37       0x34 /opt/ST/STM32CubeCLT_1.16.0/GNU-tools-for-STM32/bin/../lib/gcc/arm-none-eabi/12.3.1/../../../../arm-none-eabi/lib/thumb/v7e-m+fp/hard/libstdc++_nano.a(tinfo.o)
 .ARM.attributes
                0x00000a6b       0x34 /opt/ST/STM32CubeCLT_1.16.0/GNU-tools-for-STM32/bin/../lib/gcc/arm-none-eabi/12.3.1/../../../../arm-none-eabi/lib/thumb/v7e-m+fp/hard/libstdc++_nano.a(class_type_info.o)
 .ARM.attributes
                0x00000a9f       0x34 /opt/ST/STM32CubeCLT_1.16.0/GNU-tools-for-STM32/bin/../lib/gcc/arm-none-eabi/12.3.1/../../../../arm-none-eabi/lib/thumb/v7e-m+fp/hard/libstdc++_nano.a(del_op.o)
 .ARM.attributes
                0x00000ad3       0x34 /opt/ST/STM32CubeCLT_1.16.0/GNU-tools-for-STM32/bin/../lib/gcc/arm-none-eabi/12.3.1/../../../../arm-none-eabi/lib/thumb/v7e-m+fp/hard/libstdc++_nano.a(del_ops.o)
 .ARM.attributes
                0x00000b07       0x34 /opt/ST/STM32CubeCLT_1.16.0/GNU-tools-for-STM32/bin/../lib/gcc/arm-none-eabi/12.3.1/../../../../arm-none-eabi/lib/thumb/v7e-m+fp/hard/libstdc++_nano.a(eh_call.o)
 .ARM.attributes
                0x00000b3b       0x34 /opt/ST/STM32CubeCLT_1.16.0/GNU-tools-for-STM32/bin/../lib/gcc/arm-none-eabi/12.3.1/../../../../arm-none-eabi/lib/thumb/v7e-m+fp/hard/libstdc++_nano.a(eh_catch.o)
 .ARM.attributes
                0x00000b6f       0x34 /opt/ST/STM32CubeCLT_1.16.0/GNU-tools-for-STM32/bin/../lib/gcc/arm-none-eabi/12.3.1/../../../../arm-none-eabi/lib/thumb/v7e-m+fp/hard/libstdc++_nano.a(eh_term_handler.o)
 .ARM.attributes
                0x00000ba3       0x34 /opt/ST/STM32CubeCLT_1.16.0/GNU-tools-for-STM32/bin/../lib/gcc/arm-none-eabi/12.3.1/../../../../arm-none-eabi/lib/thumb/v7e-m+fp/hard/libstdc++_nano.a(new_op.o)
 .ARM.attributes
                0x00000bd7       0x34 /opt/ST/STM32CubeCLT_1.16.0/GNU-tools-for-STM32/bin/../lib/gcc/arm-none-eabi/12.3.1/../../../../arm-none-eabi/lib/thumb/v7e-m+fp/hard/libstdc++_nano.a(new_handler.o)
 .ARM.attributes
                0x00000c0b       0x22 /opt/ST/STM32CubeCLT_1.16.0/GNU-tools-for-STM32/bin/../lib/gcc/arm-none-eabi/12.3.1/thumb/v7e-m+fp/hard/libgcc.a(_arm_addsubdf3.o)
 .ARM.attributes
                0x00000c2d       0x22 /opt/ST/STM32CubeCLT_1.16.0/GNU-tools-for-STM32/bin/../lib/gcc/arm-none-eabi/12.3.1/thumb/v7e-m+fp/hard/libgcc.a(_arm_muldivdf3.o)
 .ARM.attributes
                0x00000c4f       0x22 /opt/ST/STM32CubeCLT_1.16.0/GNU-tools-for-STM32/bin/../lib/gcc/arm-none-eabi/12.3.1/thumb/v7e-m+fp/hard/libgcc.a(_arm_cmpdf2.o)
 .ARM.attributes
                0x00000c71       0x22 /opt/ST/STM32CubeCLT_1.16.0/GNU-tools-for-STM32/bin/../lib/gcc/arm-none-eabi/12.3.1/thumb/v7e-m+fp/hard/libgcc.a(_arm_fixunsdfsi.o)
 .ARM.attributes
                0x00000c93       0x22 /opt/ST/STM32CubeCLT_1.16.0/GNU-tools-for-STM32/bin/../lib/gcc/arm-none-eabi/12.3.1/thumb/v7e-m+fp/hard/libgcc.a(_arm_truncdfsf2.o)
 .ARM.attributes
                0x00000cb5       0x22 /opt/ST/STM32CubeCLT_1.16.0/GNU-tools-for-STM32/bin/../lib/gcc/arm-none-eabi/12.3.1/thumb/v7e-m+fp/hard/libgcc.a(_aeabi_uldivmod.o)
 .ARM.attributes
                0x00000cd7       0x34 /opt/ST/STM32CubeCLT_1.16.0/GNU-tools-for-STM32/bin/../lib/gcc/arm-none-eabi/12.3.1/thumb/v7e-m+fp/hard/libgcc.a(_udivmoddi4.o)
 .ARM.attributes
                0x00000d0b       0x34 /opt/ST/STM32CubeCLT_1.16.0/GNU-tools-for-STM32/bin/../lib/gcc/arm-none-eabi/12.3.1/thumb/v7e-m+fp/hard/libgcc.a(unwind-arm.o)
 .ARM.attributes
                0x00000d3f       0x22 /opt/ST/STM32CubeCLT_1.16.0/GNU-tools-for-STM32/bin/../lib/gcc/arm-none-eabi/12.3.1/thumb/v7e-m+fp/hard/libgcc.a(libunwind.o)
 .ARM.attributes
                0x00000d61       0x34 /opt/ST/STM32CubeCLT_1.16.0/GNU-tools-for-STM32/bin/../lib/gcc/arm-none-eabi/12.3.1/thumb/v7e-m+fp/hard/libgcc.a(pr-support.o)
 .ARM.attributes
                0x00000d95       0x22 /opt/ST/STM32CubeCLT_1.16.0/GNU-tools-for-STM32/bin/../lib/gcc/arm-none-eabi/12.3.1/thumb/v7e-m+fp/hard/libgcc.a(_dvmd_tls.o)
 .ARM.attributes
                0x00000db7       0x34 /opt/ST/STM32CubeCLT_1.16.0/GNU-tools-for-STM32/bin/../lib/gcc/arm-none-eabi/12.3.1/../../../../arm-none-eabi/lib/thumb/v7e-m+fp/hard/libc_nano.a(libc_a-abort.o)
 .ARM.attributes
                0x00000deb       0x34 /opt/ST/STM32CubeCLT_1.16.0/GNU-tools-for-STM32/bin/../lib/gcc/arm-none-eabi/12.3.1/../../../../arm-none-eabi/lib/thumb/v7e-m+fp/hard/libc_nano.a(libc_a-malloc.o)
 .ARM.attributes
                0x00000e1f       0x34 /opt/ST/STM32CubeCLT_1.16.0/GNU-tools-for-STM32/bin/../lib/gcc/arm-none-eabi/12.3.1/../../../../arm-none-eabi/lib/thumb/v7e-m+fp/hard/libc_nano.a(libc_a-signal.o)
 .ARM.attributes
                0x00000e53       0x34 /opt/ST/STM32CubeCLT_1.16.0/GNU-tools-for-STM32/bin/../lib/gcc/arm-none-eabi/12.3.1/../../../../arm-none-eabi/lib/thumb/v7e-m+fp/hard/libc_nano.a(libc_a-signalr.o)
 .ARM.attributes
                0x00000e87       0x34 /opt/ST/STM32CubeCLT_1.16.0/GNU-tools-for-STM32/bin/../lib/gcc/arm-none-eabi/12.3.1/../../../../arm-none-eabi/lib/thumb/v7e-m+fp/hard/libc_nano.a(libc_a-memcpy-stub.o)
 .ARM.attributes
                0x00000ebb       0x20 /opt/ST/STM32CubeCLT_1.16.0/GNU-tools-for-STM32/bin/../lib/gcc/arm-none-eabi/12.3.1/../../../../arm-none-eabi/lib/thumb/v7e-m+fp/hard/libc_nano.a(libc_a-strcmp.o)
 .ARM.attributes
                0x00000edb       0x22 /opt/ST/STM32CubeCLT_1.16.0/GNU-tools-for-STM32/bin/../lib/gcc/arm-none-eabi/12.3.1/thumb/v7e-m+fp/hard/crtn.o
OUTPUT(build/F446RE_line.elf elf32-littlearm)
LOAD linker stubs
LOAD /opt/ST/STM32CubeCLT_1.16.0/GNU-tools-for-STM32/bin/../lib/gcc/arm-none-eabi/12.3.1/../../../../arm-none-eabi/lib/thumb/v7e-m+fp/hard/libc.a
LOAD /opt/ST/STM32CubeCLT_1.16.0/GNU-tools-for-STM32/bin/../lib/gcc/arm-none-eabi/12.3.1/../../../../arm-none-eabi/lib/thumb/v7e-m+fp/hard/libm.a
LOAD /opt/ST/STM32CubeCLT_1.16.0/GNU-tools-for-STM32/bin/../lib/gcc/arm-none-eabi/12.3.1/thumb/v7e-m+fp/hard/libgcc.a

.debug_info     0x00000000    0x19a38
 .debug_info    0x00000000      0x739 build/main.o
 .debug_info    0x00000739      0x5ad build/gpio.o
 .debug_info    0x00000ce6      0xecb build/adc.o
 .debug_info    0x00001bb1      0x633 build/dma.o
 .debug_info    0x000021e4      0xeea build/usart.o
 .debug_info    0x000030ce      0x7fd build/stm32f4xx_it.o
 .debug_info    0x000038cb      0x32f build/stm32f4xx_hal_msp.o
 .debug_info    0x00003bfa     0x1039 build/stm32f4xx_hal_adc.o
 .debug_info    0x00004c33      0xc5d build/stm32f4xx_hal_rcc.o
 .debug_info    0x00005890      0xdd1 build/stm32f4xx_hal_rcc_ex.o
 .debug_info    0x00006661      0x8ac build/stm32f4xx_hal_gpio.o
 .debug_info    0x00006f0d      0xbce build/stm32f4xx_hal_dma.o
 .debug_info    0x00007adb      0x87d build/stm32f4xx_hal_pwr_ex.o
 .debug_info    0x00008358     0x11c4 build/stm32f4xx_hal_cortex.o
 .debug_info    0x0000951c      0xb5c build/stm32f4xx_hal.o
 .debug_info    0x0000a078     0x436c build/stm32f4xx_hal_uart.o
 .debug_info    0x0000e3e4      0x5f7 build/system_stm32f4xx.o
 .debug_info    0x0000e9db      0x18c build/sysmem.o
 .debug_info    0x0000eb67      0x841 build/syscalls.o
 .debug_info    0x0000f3a8       0x30 build/startup_stm32f446xx.o
 .debug_info    0x0000f3d8     0x24e4 build/app.o
 .debug_info    0x000118bc      0x2fc build/MovingAve.o
 .debug_info    0x00011bb8     0x140c build/MyMath.o
 .debug_info    0x00012fc4      0x66a build/Timer.o
 .debug_info    0x0001362e     0x142f build/encoder.o
 .debug_info    0x00014a5d     0x2fbe build/hardware.o
 .debug_info    0x00017a1b     0x201d build/line.o

.debug_abbrev   0x00000000     0x403d
 .debug_abbrev  0x00000000      0x219 build/main.o
 .debug_abbrev  0x00000219      0x160 build/gpio.o
 .debug_abbrev  0x00000379      0x210 build/adc.o
 .debug_abbrev  0x00000589      0x12f build/dma.o
 .debug_abbrev  0x000006b8      0x240 build/usart.o
 .debug_abbrev  0x000008f8      0x172 build/stm32f4xx_it.o
 .debug_abbrev  0x00000a6a       0xd3 build/stm32f4xx_hal_msp.o
 .debug_abbrev  0x00000b3d      0x2c7 build/stm32f4xx_hal_adc.o
 .debug_abbrev  0x00000e04      0x2de build/stm32f4xx_hal_rcc.o
 .debug_abbrev  0x000010e2      0x25f build/stm32f4xx_hal_rcc_ex.o
 .debug_abbrev  0x00001341      0x22b build/stm32f4xx_hal_gpio.o
 .debug_abbrev  0x0000156c      0x2fe build/stm32f4xx_hal_dma.o
 .debug_abbrev  0x0000186a      0x1e0 build/stm32f4xx_hal_pwr_ex.o
 .debug_abbrev  0x00001a4a      0x3ca build/stm32f4xx_hal_cortex.o
 .debug_abbrev  0x00001e14      0x244 build/stm32f4xx_hal.o
 .debug_abbrev  0x00002058      0x36f build/stm32f4xx_hal_uart.o
 .debug_abbrev  0x000023c7      0x11b build/system_stm32f4xx.o
 .debug_abbrev  0x000024e2       0xeb build/sysmem.o
 .debug_abbrev  0x000025cd      0x1e0 build/syscalls.o
 .debug_abbrev  0x000027ad       0x1d build/startup_stm32f446xx.o
 .debug_abbrev  0x000027ca      0x487 build/app.o
 .debug_abbrev  0x00002c51      0x188 build/MovingAve.o
 .debug_abbrev  0x00002dd9      0x2ea build/MyMath.o
 .debug_abbrev  0x000030c3      0x227 build/Timer.o
 .debug_abbrev  0x000032ea      0x418 build/encoder.o
 .debug_abbrev  0x00003702      0x4db build/hardware.o
 .debug_abbrev  0x00003bdd      0x460 build/line.o

.debug_loc      0x00000000     0xbd62
 .debug_loc     0x00000000       0x66 build/main.o
 .debug_loc     0x00000066       0x38 build/gpio.o
 .debug_loc     0x0000009e      0x119 build/adc.o
 .debug_loc     0x000001b7       0x38 build/dma.o
 .debug_loc     0x000001ef       0xf5 build/usart.o
 .debug_loc     0x000002e4       0xa0 build/stm32f4xx_it.o
 .debug_loc     0x00000384       0x2c build/stm32f4xx_hal_msp.o
 .debug_loc     0x000003b0      0xeba build/stm32f4xx_hal_adc.o
 .debug_loc     0x0000126a      0x6e4 build/stm32f4xx_hal_rcc.o
 .debug_loc     0x0000194e     0x100b build/stm32f4xx_hal_rcc_ex.o
 .debug_loc     0x00002959      0x5db build/stm32f4xx_hal_gpio.o
 .debug_loc     0x00002f34      0xd6d build/stm32f4xx_hal_dma.o
 .debug_loc     0x00003ca1      0x350 build/stm32f4xx_hal_pwr_ex.o
 .debug_loc     0x00003ff1      0x7c7 build/stm32f4xx_hal_cortex.o
 .debug_loc     0x000047b8      0x1e1 build/stm32f4xx_hal.o
 .debug_loc     0x00004999     0x4d3f build/stm32f4xx_hal_uart.o
 .debug_loc     0x000096d8      0x158 build/system_stm32f4xx.o
 .debug_loc     0x00009830       0x84 build/sysmem.o
 .debug_loc     0x000098b4      0x511 build/syscalls.o
 .debug_loc     0x00009dc5      0x194 build/app.o